Component: ARM Compiler 5.06 update 6 (build 750) Tool: armlink [4d35ed]

==============================================================================

Section Cross References

    main.o(i.bat_led_status) refers to pin.o(i.rt_pin_write) for rt_pin_write
    main.o(i.main) refers to main.o(i.pin_init) for pin_init
    main.o(i.main) refers to thread.o(i.rt_thread_delay) for rt_thread_delay
    main.o(i.pin_init) refers to pin.o(i.rt_pin_mode) for rt_pin_mode
    main.o(i.pin_init) refers to main.o(i.uwb_on_status) for uwb_on_status
    main.o(i.pin_init) refers to main.o(i.wifi_on_status) for wifi_on_status
    main.o(i.uwb_on_status) refers to pin.o(i.rt_pin_write) for rt_pin_write
    main.o(i.wifi_led_status) refers to pin.o(i.rt_pin_write) for rt_pin_write
    main.o(i.wifi_on_status) refers to pin.o(i.rt_pin_write) for rt_pin_write
    startup.o(i.$Sub$$main) refers to startup.o(i.rtthread_startup) for rtthread_startup
    startup.o(i.main_thread_entry) refers to startup.o(i.rt_components_init) for rt_components_init
    startup.o(i.main_thread_entry) refers to main.o(i.main) for $Super$$main
    startup.o(i.rt_application_init) refers to thread.o(i.rt_thread_create) for rt_thread_create
    startup.o(i.rt_application_init) refers to kservice.o(i.rt_assert_handler) for rt_assert_handler
    startup.o(i.rt_application_init) refers to thread.o(i.rt_thread_startup) for rt_thread_startup
    startup.o(i.rt_application_init) refers to startup.o(i.main_thread_entry) for main_thread_entry
    startup.o(i.rt_application_init) refers to startup.o(.constdata) for __FUNCTION__
    startup.o(i.rt_application_init) refers to at_wifi.o(i.app_at_wifi_entry) for app_at_wifi_entry
    startup.o(i.rt_components_board_init) refers to startup.o(.rti_fn.0.end) for __rt_init_rti_board_start
    startup.o(i.rt_components_board_init) refers to startup.o(.rti_fn.1.end) for __rt_init_rti_board_end
    startup.o(i.rt_components_init) refers to startup.o(.rti_fn.1.end) for __rt_init_rti_board_end
    startup.o(i.rt_components_init) refers to startup.o(.rti_fn.6.end) for __rt_init_rti_end
    startup.o(i.rtthread_startup) refers to context_rvds.o(.text) for rt_hw_interrupt_disable
    startup.o(i.rtthread_startup) refers to drv_common.o(i.rt_hw_board_init) for rt_hw_board_init
    startup.o(i.rtthread_startup) refers to kservice.o(i.rt_show_version) for rt_show_version
    startup.o(i.rtthread_startup) refers to timer.o(i.rt_system_timer_init) for rt_system_timer_init
    startup.o(i.rtthread_startup) refers to scheduler.o(i.rt_system_scheduler_init) for rt_system_scheduler_init
    startup.o(i.rtthread_startup) refers to startup.o(i.rt_application_init) for rt_application_init
    startup.o(i.rtthread_startup) refers to timer.o(i.rt_system_timer_thread_init) for rt_system_timer_thread_init
    startup.o(i.rtthread_startup) refers to idle.o(i.rt_thread_idle_init) for rt_thread_idle_init
    startup.o(i.rtthread_startup) refers to scheduler.o(i.rt_system_scheduler_start) for rt_system_scheduler_start
    startup.o(.rti_fn.0) refers to startup.o(i.rti_start) for rti_start
    startup.o(.rti_fn.0.end) refers to startup.o(i.rti_board_start) for rti_board_start
    startup.o(.rti_fn.1.end) refers to startup.o(i.rti_board_end) for rti_board_end
    startup.o(.rti_fn.6.end) refers to startup.o(i.rti_end) for rti_end
    at_wifi.o(i.app_at_wifi_entry) refers to at_wifi.o(i.wifi_device_init) for wifi_device_init
    at_wifi.o(i.app_at_wifi_entry) refers to at_wifi.o(i.wifi_exit_trans_mode) for wifi_exit_trans_mode
    at_wifi.o(i.app_at_wifi_entry) refers to thread.o(i.rt_thread_delay) for rt_thread_delay
    at_wifi.o(i.app_at_wifi_entry) refers to at_wifi.o(i.wifi_get_version) for wifi_get_version
    at_wifi.o(i.wifi_device_init) refers to at_client.o(i.at_client_init) for at_client_init
    at_wifi.o(i.wifi_device_init) refers to kservice.o(i.rt_kprintf) for rt_kprintf
    at_wifi.o(i.wifi_device_init) refers to thread.o(i.rt_thread_delay) for rt_thread_delay
    at_wifi.o(i.wifi_device_init) refers to at_client.o(i.at_client_get_first) for at_client_get_first
    at_wifi.o(i.wifi_device_init) refers to at_client.o(i.at_obj_set_end_sign) for at_obj_set_end_sign
    at_wifi.o(i.wifi_device_init) refers to at_wifi.o(i.wifi_hw_reset_init) for wifi_hw_reset_init
    at_wifi.o(i.wifi_exit_trans_mode) refers to at_client.o(i.at_client_get_first) for at_client_get_first
    at_wifi.o(i.wifi_exit_trans_mode) refers to at_client.o(i.at_obj_exec_cmd) for at_obj_exec_cmd
    at_wifi.o(i.wifi_exit_trans_mode) refers to thread.o(i.rt_thread_resume) for rt_thread_resume
    at_wifi.o(i.wifi_get_version) refers to kservice.o(i.rt_kprintf) for rt_kprintf
    at_wifi.o(i.wifi_get_version) refers to at_client.o(i.at_create_resp) for at_create_resp
    at_wifi.o(i.wifi_get_version) refers to at_client.o(i.at_client_get_first) for at_client_get_first
    at_wifi.o(i.wifi_get_version) refers to at_client.o(i.at_obj_exec_cmd) for at_obj_exec_cmd
[...]
    rt_device_read                           0x08008bd5   Thumb Code    98  device.o(i.rt_device_read)
    rt_device_register                       0x08008c89   Thumb Code    52  device.o(i.rt_device_register)
    rt_device_set_rx_indicate                0x08008cbd   Thumb Code    48  device.o(i.rt_device_set_rx_indicate)
    rt_device_write                          0x08008d3d   Thumb Code    98  device.o(i.rt_device_write)
    rt_enter_critical                        0x08008f41   Thumb Code    28  scheduler.o(i.rt_enter_critical)
    rt_exit_critical                         0x08008f61   Thumb Code    60  scheduler.o(i.rt_exit_critical)
    rt_free                                  0x08008fa5   Thumb Code    42  kservice.o(i.rt_free)
    rt_hw_board_init                         0x08008fd5   Thumb Code    38  drv_common.o(i.rt_hw_board_init)
    rt_hw_console_output                     0x0800900d   Thumb Code     2  kservice.o(i.rt_hw_console_output)
    rt_hw_cpu_reset                          0x08009011   Thumb Code     8  cpuport.o(i.rt_hw_cpu_reset)
    rt_hw_hard_fault_exception               0x08009021   Thumb Code   220  cpuport.o(i.rt_hw_hard_fault_exception)
    rt_hw_pin_init                           0x0800924d   Thumb Code   196  drv_gpio.o(i.rt_hw_pin_init)
    rt_hw_serial_isr                         0x0800931d   Thumb Code   482  serial.o(i.rt_hw_serial_isr)
    rt_hw_serial_register                    0x08009555   Thumb Code    80  serial.o(i.rt_hw_serial_register)
    rt_hw_stack_init                         0x080095d5   Thumb Code    74  cpuport.o(i.rt_hw_stack_init)
    rt_hw_systick_init                       0x08009625   Thumb Code    74  drv_common.o(i.rt_hw_systick_init)
    rt_hw_usart_init                         0x08009681   Thumb Code   222  drv_usart.o(i.rt_hw_usart_init)
    rt_interrupt_enter                       0x08009791   Thumb Code    46  irq.o(i.rt_interrupt_enter)
    rt_interrupt_get_nest                    0x080097c9   Thumb Code    22  irq.o(i.rt_interrupt_get_nest)
    rt_interrupt_leave                       0x080097e5   Thumb Code    46  irq.o(i.rt_interrupt_leave)
    rt_kprintf                               0x0800981d   Thumb Code    68  kservice.o(i.rt_kprintf)
    rt_malloc                                0x0800994d   Thumb Code    52  kservice.o(i.rt_malloc)
    rt_memcmp                                0x08009989   Thumb Code    38  kservice.o(i.rt_memcmp)
    rt_memcpy                                0x080099af   Thumb Code   124  kservice.o(i.rt_memcpy)
    rt_memmove                               0x08009a2b   Thumb Code    66  kservice.o(i.rt_memmove)
    rt_memory_info                           0x08009a6d   Thumb Code    64  kservice.o(i.rt_memory_info)
    rt_memset                                0x08009ab1   Thumb Code    72  kservice.o(i.rt_memset)
    rt_mutex_create                          0x08009af9   Thumb Code    98  ipc.o(i.rt_mutex_create)
    rt_mutex_delete                          0x08009b8d   Thumb Code   120  ipc.o(i.rt_mutex_delete)
    rt_mutex_init                            0x08009c8d   Thumb Code    62  ipc.o(i.rt_mutex_init)
    rt_mutex_release                         0x08009ce5   Thumb Code   346  ipc.o(i.rt_mutex_release)
    rt_mutex_take                            0x08009ec5   Thumb Code   432  ipc.o(i.rt_mutex_take)
    rt_object_allocate                       0x0800a129   Thumb Code   158  object.o(i.rt_object_allocate)
    rt_object_delete                         0x0800a215   Thumb Code    88  object.o(i.rt_object_delete)
    rt_object_detach                         0x0800a2b5   Thumb Code    62  object.o(i.rt_object_detach)
    rt_object_find                           0x0800a311   Thumb Code   124  object.o(i.rt_object_find)
    rt_object_get_information                0x0800a3bd   Thumb Code    36  object.o(i.rt_object_get_information)
    rt_object_get_type                       0x0800a3e5   Thumb Code    26  object.o(i.rt_object_get_type)
    rt_object_init                           0x0800a419   Thumb Code   140  object.o(i.rt_object_init)
    rt_object_is_systemobject                0x0800a4d5   Thumb Code    34  object.o(i.rt_object_is_systemobject)
    rt_pin_mode                              0x0800a511   Thumb Code    38  pin.o(i.rt_pin_mode)
    rt_pin_write                             0x0800a559   Thumb Code    38  pin.o(i.rt_pin_write)
    rt_ringbuffer_data_len                   0x0800a5a1   Thumb Code    60  ringbuffer.o(i.rt_ringbuffer_data_len)
    rt_ringbuffer_init                       0x0800a5dd   Thumb Code    80  ringbuffer.o(i.rt_ringbuffer_init)
    rt_schedule                              0x0800a679   Thumb Code   318  scheduler.o(i.rt_schedule)
    rt_schedule_insert_thread                0x0800a7d5   Thumb Code   118  scheduler.o(i.rt_schedule_insert_thread)
    rt_schedule_remove_thread                0x0800a871   Thumb Code    94  scheduler.o(i.rt_schedule_remove_thread)
    rt_sem_control                           0x0800a8f1   Thumb Code    90  ipc.o(i.rt_sem_control)
    rt_sem_create                            0x0800a965   Thumb Code   120  ipc.o(i.rt_sem_create)
    rt_sem_delete                            0x0800aa5d   Thumb Code   120  ipc.o(i.rt_sem_delete)
    rt_sem_init                              0x0800ab55   Thumb Code    88  ipc.o(i.rt_sem_init)
    rt_sem_release                           0x0800ac11   Thumb Code   140  ipc.o(i.rt_sem_release)
    rt_sem_take                              0x0800acb9   Thumb Code   338  ipc.o(i.rt_sem_take)
    rt_set_errno                             0x0800b681   Thumb Code    36  kservice.o(i.rt_set_errno)
    rt_show_version                          0x0800b6a9   Thumb Code    42  kservice.o(i.rt_show_version)
    rt_smem_alloc                            0x0800b76d   Thumb Code   450  mem.o(i.rt_smem_alloc)
    rt_smem_free                             0x0800b9e5   Thumb Code   206  mem.o(i.rt_smem_free)
    rt_smem_init                             0x0800bb89   Thumb Code   176  mem.o(i.rt_smem_init)
    rt_snprintf                              0x0800bc7d   Thumb Code    38  kservice.o(i.rt_snprintf)
    rt_sprintf                               0x0800bca3   Thumb Code    34  kservice.o(i.rt_sprintf)
    rt_strcmp                                0x0800bcc5   Thumb Code    28  kservice.o(i.rt_strcmp)
    rt_strlen                                0x0800bce1   Thumb Code    18  kservice.o(i.rt_strlen)
    rt_strncmp                               0x0800bcf3   Thumb Code    40  kservice.o(i.rt_strncmp)
    rt_strncpy                               0x0800bd1b   Thumb Code    52  kservice.o(i.rt_strncpy)
    rt_strstr                                0x0800bd4f   Thumb Code    58  kservice.o(i.rt_strstr)
    rt_system_heap_init                      0x0800bd89   Thumb Code    66  kservice.o(i.rt_system_heap_init)
    rt_system_scheduler_init                 0x0800be01   Thumb Code    42  scheduler.o(i.rt_system_scheduler_init)
    rt_system_scheduler_start                0x0800be39   Thumb Code    36  scheduler.o(i.rt_system_scheduler_start)
    rt_system_timer_init                     0x0800be61   Thumb Code    24  timer.o(i.rt_system_timer_init)
    rt_system_timer_thread_init              0x0800be7d   Thumb Code     2  timer.o(i.rt_system_timer_thread_init)
    rt_thread_control                        0x0800be81   Thumb Code   182  thread.o(i.rt_thread_control)
    rt_thread_create                         0x0800bf55   Thumb Code    80  thread.o(i.rt_thread_create)
    rt_thread_defunct_dequeue                0x0800bfa5   Thumb Code    56  idle.o(i.rt_thread_defunct_dequeue)
    rt_thread_defunct_enqueue                0x0800bfe1   Thumb Code    24  idle.o(i.rt_thread_defunct_enqueue)
    rt_thread_delay                          0x0800bffd   Thumb Code    12  thread.o(i.rt_thread_delay)
    rt_thread_delete                         0x0800c009   Thumb Code   128  thread.o(i.rt_thread_delete)
    rt_thread_detach                         0x0800c0e1   Thumb Code   128  thread.o(i.rt_thread_detach)
    rt_thread_idle_init                      0x0800c1d1   Thumb Code    74  idle.o(i.rt_thread_idle_init)
    rt_thread_init                           0x0800c231   Thumb Code    78  thread.o(i.rt_thread_init)
    rt_thread_resume                         0x0800c2b1   Thumb Code   122  thread.o(i.rt_thread_resume)
    rt_thread_self                           0x0800c34d   Thumb Code     6  thread.o(i.rt_thread_self)
    rt_thread_sleep                          0x0800c359   Thumb Code   104  thread.o(i.rt_thread_sleep)
    rt_thread_startup                        0x0800c3dd   Thumb Code   102  thread.o(i.rt_thread_startup)
    rt_thread_suspend                        0x0800c499   Thumb Code   154  thread.o(i.rt_thread_suspend)
    rt_tick_from_millisecond                 0x0800c571   Thumb Code    56  clock.o(i.rt_tick_from_millisecond)
    rt_tick_get                              0x0800c5a9   Thumb Code     6  clock.o(i.rt_tick_get)
    rt_tick_increase                         0x0800c5b5   Thumb Code    74  clock.o(i.rt_tick_increase)
    rt_timer_check                           0x0800c605   Thumb Code   208  timer.o(i.rt_timer_check)
    rt_timer_control                         0x0800c6e1   Thumb Code   140  timer.o(i.rt_timer_control)
    rt_timer_detach                          0x0800c7c1   Thumb Code    96  timer.o(i.rt_timer_detach)
    rt_timer_init                            0x0800c8a1   Thumb Code    94  timer.o(i.rt_timer_init)
    rt_timer_start                           0x0800c945   Thumb Code   294  timer.o(i.rt_timer_start)
    rt_timer_stop                            0x0800cacd   Thumb Code   102  timer.o(i.rt_timer_stop)
    rt_vsnprintf                             0x0800cb8d   Thumb Code   824  kservice.o(i.rt_vsnprintf)
    rt_vsprintf                              0x0800cecd   Thumb Code    22  kservice.o(i.rt_vsprintf)
    rtthread_startup                         0x0800cef3   Thumb Code    42  startup.o(i.rtthread_startup)
    stm32_uart_get_mask                      0x0800db6d   Thumb Code    32  drv_usart.o(i.stm32_uart_get_mask)
    version                                  0x0800de6b   Thumb Code    10  cmd.o(i.version)
    wifi_device_init                         0x0800de75   Thumb Code    74  at_wifi.o(i.wifi_device_init)
    wifi_exit_trans_mode                     0x0800ded9   Thumb Code    30  at_wifi.o(i.wifi_exit_trans_mode)
    wifi_get_version                         0x0800defd   Thumb Code   136  at_wifi.o(i.wifi_get_version)
    _get_lc_numeric                          0x0800e061   Thumb Code    44  lc_numeric_c.o(locale$$code)
    _get_lc_ctype                            0x0800e08d   Thumb Code    44  lc_ctype_c.o(locale$$code)
    _fp_init                                 0x0800e0b9   Thumb Code    10  fpinit.o(x$fpl$fpinit)
    __fplib_config_fpu_vfp                   0x0800e0c1   Thumb Code     0  fpinit.o(x$fpl$fpinit)
    __fplib_config_pureend_doubles           0x0800e0c1   Thumb Code     0  fpinit.o(x$fpl$fpinit)
    _printf_fp_dec                           0x0800e0c3   Thumb Code     4  printf1.o(x$fpl$printf1)
    _printf_fp_hex                           0x0800e0c7   Thumb Code     4  printf2.o(x$fpl$printf2)
    __I$use$fp                               0x0800e0ca   Number         0  usenofp.o(x$fpl$usenofp)
    AHBPrescTable                            0x0800e248   Data          16  system_stm32f4xx.o(.constdata)
    APBPrescTable                            0x0800e258   Data           8  system_stm32f4xx.o(.constdata)
    __fsym_reboot_name                       0x0800f4d0   Data           7  drv_common.o(.rodata.name)
    __fsym_reboot_desc                       0x0800f4d7   Data          14  drv_common.o(.rodata.name)
    __fsym_hello_name                        0x0800f4e5   Data           6  cmd.o(.rodata.name)
    __fsym_hello_desc                        0x0800f4eb   Data          16  cmd.o(.rodata.name)
    __fsym_clear_name                        0x0800f4fb   Data           6  cmd.o(.rodata.name)
    __fsym_clear_desc                        0x0800f501   Data          26  cmd.o(.rodata.name)
    __fsym_version_name                      0x0800f51b   Data           8  cmd.o(.rodata.name)
    __fsym_version_desc                      0x0800f523   Data          37  cmd.o(.rodata.name)
    __fsym_list_thread_name                  0x0800f548   Data          12  cmd.o(.rodata.name)
    __fsym_list_thread_desc                  0x0800f554   Data          12  cmd.o(.rodata.name)
    __fsym_list_sem_name                     0x0800f560   Data           9  cmd.o(.rodata.name)
    __fsym_list_sem_desc                     0x0800f569   Data          25  cmd.o(.rodata.name)
    __fsym_list_event_name                   0x0800f582   Data          11  cmd.o(.rodata.name)
    __fsym_list_event_desc                   0x0800f58d   Data          21  cmd.o(.rodata.name)
    __fsym_list_mutex_name                   0x0800f5a2   Data          11  cmd.o(.rodata.name)
    __fsym_list_mutex_desc                   0x0800f5ad   Data          21  cmd.o(.rodata.name)
    __fsym_list_mailbox_name                 0x0800f5c2   Data          13  cmd.o(.rodata.name)
    __fsym_list_mailbox_desc                 0x0800f5cf   Data          24  cmd.o(.rodata.name)
    __fsym_list_msgqueue_name                0x0800f5e7   Data          14  cmd.o(.rodata.name)
    __fsym_list_msgqueue_desc                0x0800f5f5   Data          29  cmd.o(.rodata.name)
    __fsym_list_mempool_name                 0x0800f612   Data          13  cmd.o(.rodata.name)
    __fsym_list_mempool_desc                 0x0800f61f   Data          27  cmd.o(.rodata.name)
    __fsym_list_timer_name                   0x0800f63a   Data          11  cmd.o(.rodata.name)
    __fsym_list_timer_desc                   0x0800f645   Data          21  cmd.o(.rodata.name)
    __fsym_list_device_name                  0x0800f65a   Data          12  cmd.o(.rodata.name)
    __fsym_list_device_desc                  0x0800f666   Data          22  cmd.o(.rodata.name)
    __fsym_list_name                         0x0800f67c   Data           5  cmd.o(.rodata.name)
    __fsym_list_desc                         0x0800f681   Data          28  cmd.o(.rodata.name)
    __fsym_help_name                         0x0800f69d   Data           5  msh.o(.rodata.name)
    __fsym_help_desc                         0x0800f6a2   Data          24  msh.o(.rodata.name)
    __fsym_ps_name                           0x0800f6ba   Data           3  msh.o(.rodata.name)
    __fsym_ps_desc                           0x0800f6bd   Data          28  msh.o(.rodata.name)
    __fsym_free_name                         0x0800f6d9   Data           5  msh.o(.rodata.name)
    __fsym_free_desc                         0x0800f6de   Data          37  msh.o(.rodata.name)
    __rt_init_rti_start                      0x0800f704   Data           4  startup.o(.rti_fn.0)
    __rt_init_rti_board_start                0x0800f708   Data           4  startup.o(.rti_fn.0.end)
    __rt_init_rti_board_end                  0x0800f70c   Data           4  startup.o(.rti_fn.1.end)
    __rt_init_finsh_system_init              0x0800f710   Data           4  shell.o(.rti_fn.6)
    __rt_init_rti_end                        0x0800f714   Data           4  startup.o(.rti_fn.6.end)
    FSymTab$$Base                            0x0800f718   Number         0  drv_common.o(FSymTab)
    __fsym_reboot                            0x0800f718   Data          12  drv_common.o(FSymTab)
    __fsym_hello                             0x0800f724   Data          12  cmd.o(FSymTab)
    __fsym_clear                             0x0800f730   Data          12  cmd.o(FSymTab)
    __fsym_version                           0x0800f73c   Data          12  cmd.o(FSymTab)
    __fsym_list_thread                       0x0800f748   Data          12  cmd.o(FSymTab)
    __fsym_list_sem                          0x0800f754   Data          12  cmd.o(FSymTab)
    __fsym_list_event                        0x0800f760   Data          12  cmd.o(FSymTab)
    __fsym_list_mutex                        0x0800f76c   Data          12  cmd.o(FSymTab)
    __fsym_list_mailbox                      0x0800f778   Data          12  cmd.o(FSymTab)
    __fsym_list_msgqueue                     0x0800f784   Data          12  cmd.o(FSymTab)
    __fsym_list_mempool                      0x0800f790   Data          12  cmd.o(FSymTab)
    __fsym_list_timer                        0x0800f79c   Data          12  cmd.o(FSymTab)
    __fsym_list_device                       0x0800f7a8   Data          12  cmd.o(FSymTab)
    __fsym_list                              0x0800f7b4   Data          12  cmd.o(FSymTab)
    __fsym_help                              0x0800f7c0   Data          12  msh.o(FSymTab)
    __fsym_ps                                0x0800f7cc   Data          12  msh.o(FSymTab)
    __fsym_free                              0x0800f7d8   Data          12  msh.o(FSymTab)
    FSymTab$$Limit                           0x0800f7e4   Number         0  msh.o(FSymTab)
    Region$$Table$$Base                      0x0800f7e4   Number         0  anon$$obj.o(Region$$Table)
    Region$$Table$$Limit                     0x0800f804   Number         0  anon$$obj.o(Region$$Table)
    __ctype                                  0x0800f82d   Data           0  lc_ctype_c.o(locale$$data)
    SystemCoreClock                          0x20000164   Data           4  system_stm32f4xx.o(.data)
    uwTick                                   0x20000168   Data           4  stm32f4xx_hal.o(.data)
    uwTickPrio                               0x2000016c   Data           4  stm32f4xx_hal.o(.data)
    uwTickFreq                               0x20000170   Data           1  stm32f4xx_hal.o(.data)
    _syscall_table_begin                     0x20000178   Data           4  shell.o(.data)
    _syscall_table_end                       0x2000017c   Data           4  shell.o(.data)
    shell                                    0x20000180   Data           4  shell.o(.data)
    rt_interrupt_from_thread                 0x20000188   Data           4  cpuport.o(.data)
    rt_interrupt_to_thread                   0x2000018c   Data           4  cpuport.o(.data)
    rt_thread_switch_interrupt_flag          0x20000190   Data           4  cpuport.o(.data)
    rt_interrupt_nest                        0x200001ac   Data           1  irq.o(.data)
    rt_assert_hook                           0x200001c4   Data           4  kservice.o(.data)
    rt_object_trytake_hook                   0x20000270   Data           4  object.o(.data)
    rt_object_take_hook                      0x20000274   Data           4  object.o(.data)
    rt_object_put_hook                       0x20000278   Data           4  object.o(.data)
    rt_thread_ready_priority_group           0x2000027c   Data           4  scheduler.o(.data)
    rt_current_thread                        0x20000284   Data           4  scheduler.o(.data)
    rt_current_priority                      0x20000288   Data           1  scheduler.o(.data)
    rt_thread_priority_table                 0x200009e4   Data         256  scheduler.o(.bss)
    __libspace_start                         0x20000b98   Data          96  libspace.o(.bss)
    __temporary_stack_top$libspace           0x20000bf8   Data           0  libspace.o(.bss)
    Image$$RW_IRAM1$$ZI$$Limit               0x20000ff8   Number         0  anon$$obj.o ABSOLUTE



==============================================================================

Memory Map of the image

  Image Entry point : 0x08000195

  Load Region LR_IROM1 (Base: 0x08000000, Size: 0x0000fbec, Max: 0x00040000, ABSOLUTE, COMPRESSED[0x0000f9f0])

    Execution Region ER_IROM1 (Exec base: 0x08000000, Load base: 0x08000000, Size: 0x0000f930, Max: 0x00040000, ABSOLUTE)

    Exec Addr    Load Addr    Size         Type   Attr      Idx    E Section Name        Object

    0x08000000   0x08000000   0x00000194   Data   RO          908    RESET               startup_stm32f401xc.o
    0x08000194   0x08000194   0x00000008   Code   RO         6730  * !!!main             c_w.l(__main.o)
    0x0800019c   0x0800019c   0x00000034   Code   RO         7203    !!!scatter          c_w.l(__scatter.o)
    0x080001d0   0x080001d0   0x0000005a   Code   RO         7201    !!dczerorl2         c_w.l(__dczerorl2.o)
    0x0800022a   0x0800022a   0x00000002   PAD
    0x0800022c   0x0800022c   0x0000001c   Code   RO         7205    !!handler_zi        c_w.l(__scatter_zi.o)
    0x08000248   0x08000248   0x00000000   Code   RO         6820    .ARM.Collect$$_printf_percent$$00000000  c_w.l(_printf_percent.o)
    0x08000248   0x08000248   0x00000006   Code   RO         6809    .ARM.Collect$$_printf_percent$$00000001  c_w.l(_printf_n.o)
    0x0800024e   0x0800024e   0x00000006   Code   RO         6811    .ARM.Collect$$_printf_percent$$00000002  c_w.l(_printf_p.o)
    0x08000254   0x08000254   0x00000006   Code   RO         6816    .ARM.Collect$$_printf_percent$$00000003  c_w.l(_printf_f.o)
    0x0800025a   0x0800025a   0x00000006   Code   RO         6817    .ARM.Collect$$_printf_percent$$00000004  c_w.l(_printf_e.o)
    0x08000260   0x08000260   0x00000006   Code   RO         6818    .ARM.Collect$$_printf_percent$$00000005  c_w.l(_printf_g.o)
    0x08000266   0x08000266   0x00000006   Code   RO         6819    .ARM.Collect$$_printf_percent$$00000006  c_w.l(_printf_a.o)
    0x0800026c   0x0800026c   0x0000000a   Code   RO         6824    .ARM.Collect$$_printf_percent$$00000007  c_w.l(_printf_ll.o)
    0x08000276   0x08000276   0x00000006   Code   RO         6813    .ARM.Collect$$_printf_percent$$00000008  c_w.l(_printf_i.o)
    0x0800027c   0x0800027c   0x00000006   Code   RO         6814    .ARM.Collect$$_printf_percent$$00000009  c_w.l(_printf_d.o)
    0x08000282   0x08000282   0x00000006   Code   RO         6815    .ARM.Collect$$_printf_percent$$0000000A  c_w.l(_printf_u.o)
    0x08000288   0x08000288   0x00000006   Code   RO         6812    .ARM.Collect$$_printf_percent$$0000000B  c_w.l(_printf_o.o)
    0x0800028e   0x0800028e   0x00000006   Code   RO         6810    .ARM.Collect$$_printf_percent$$0000000C  c_w.l(_printf_x.o)
    0x08000294   0x08000294   0x00000006   Code   RO         6821    .ARM.Collect$$_printf_percent$$0000000D  c_w.l(_printf_lli.o)
    0x0800029a   0x0800029a   0x00000006   Code   RO         6822    .ARM.Collect$$_printf_percent$$0000000E  c_w.l(_printf_lld.o)
    0x080002a0   0x080002a0   0x00000006   Code   RO         6823    .ARM.Collect$$_printf_percent$$0000000F  c_w.l(_printf_llu.o)
    0x080002a6   0x080002a6   0x00000006   Code   RO         6828    .ARM.Collect$$_printf_percent$$00000010  c_w.l(_printf_llo.o)
    0x080002ac   0x080002ac   0x00000006   Code   RO         6829    .ARM.Collect$$_printf_percent$$00000011  c_w.l(_printf_llx.o)
    0x080002b2   0x080002b2   0x0000000a   Code   RO         6825    .ARM.Collect$$_printf_percent$$00000012  c_w.l(_printf_l.o)
    0x080002bc   0x080002bc   0x00000006   Code   RO         6807    .ARM.Collect$$_printf_percent$$00000013  c_w.l(_printf_c.o)
    0x080002c2   0x080002c2   0x00000006   Code   RO         6808    .ARM.Collect$$_printf_percent$$00000014  c_w.l(_printf_s.o)
    0x080002c8   0x080002c8   0x00000006   Code   RO         6826    .ARM.Collect$$_printf_percent$$00000015  c_w.l(_printf_lc.o)
    0x080002ce   0x080002ce   0x00000006   Code   RO         6827    .ARM.Collect$$_printf_percent$$00000016  c_w.l(_printf_ls.o)
    0x080002d4   0x080002d4   0x00000004   Code   RO         6894    .ARM.Collect$$_printf_percent$$00000017  c_w.l(_printf_percent_end.o)
    0x080002d8   0x080002d8   0x00000002   Code   RO         6962    .ARM.Collect$$libinit$$00000000  c_w.l(libinit.o)
    0x080002da   0x080002da   0x00000004   Code   RO         7008    .ARM.Collect$$libinit$$00000001  c_w.l(libinit2.o)
    0x080002de   0x080002de   0x00000000   Code   RO         7011    .ARM.Collect$$libinit$$00000004  c_w.l(libinit2.o)
    0x080002de   0x080002de   0x00000000   Code   RO         7014    .ARM.Collect$$libinit$$0000000A  c_w.l(libinit2.o)
    0x080002de   0x080002de   0x00000000   Code   RO         7016    .ARM.Collect$$libinit$$0000000C  c_w.l(libinit2.o)
    0x080002de   0x080002de   0x00000000   Code   RO         7018    .ARM.Collect$$libinit$$0000000E  c_w.l(libinit2.o)
    0x080002de   0x080002de   0x00000006   Code   RO         7019    .ARM.Collect$$libinit$$0000000F  c_w.l(libinit2.o)
    0x080002e4   0x080002e4   0x00000000   Code   RO         7021    .ARM.Collect$$libinit$$00000011  c_w.l(libinit2.o)
    0x080002e4   0x080002e4   0x0000000c   Code   RO         7022    .ARM.Collect$$libinit$$00000012  c_w.l(libinit2.o)
    0x080002f0   0x080002f0   0x00000000   Code   RO         7023    .ARM.Collect$$libinit$$00000013  c_w.l(libinit2.o)
    0x080002f0   0x080002f0   0x00000000   Code   RO         7025    .ARM.Collect$$libinit$$00000015  c_w.l(libinit2.o)
    0x080002f0   0x080002f0   0x0000000a   Code   RO         7026    .ARM.Collect$$libinit$$00000016  c_w.l(libinit2.o)
    0x080002fa   0x080002fa   0x00000000   Code   RO         7027    .ARM.Collect$$libinit$$00000017  c_w.l(libinit2.o)
    0x080002fa   0x080002fa   0x00000000   Code   RO         7029    .ARM.Collect$$libinit$$00000019  c_w.l(libinit2.o)
    0x080002fa   0x080002fa   0x00000000   Code   RO         7031    .ARM.Collect$$libinit$$0000001B  c_w.l(libinit2.o)
    0x080002fa   0x080002fa   0x00000000   Code   RO         7033    .ARM.Collect$$libinit$$0000001D  c_w.l(libinit2.o)
    0x080002fa   0x080002fa   0x00000000   Code   RO         7035    .ARM.Collect$$libinit$$0000001F  c_w.l(libinit2.o)
    0x080002fa   0x080002fa   0x00000000   Code   RO         7037    .ARM.Collect$$libinit$$00000021  c_w.l(libinit2.o)
    0x080002fa   0x080002fa   0x00000000   Code   RO         7039    .ARM.Collect$$libinit$$00000023  c_w.l(libinit2.o)
    0x080002fa   0x080002fa   0x00000000   Code   RO         7041    .ARM.Collect$$libinit$$00000025  c_w.l(libinit2.o)
    0x080002fa   0x080002fa   0x00000000   Code   RO         7045    .ARM.Collect$$libinit$$0000002C  c_w.l(libinit2.o)
    0x080002fa   0x080002fa   0x00000000   Code   RO         7047    .ARM.Collect$$libinit$$0000002E  c_w.l(libinit2.o)
    0x080002fa   0x080002fa   0x00000000   Code   RO         7049    .ARM.Collect$$libinit$$00000030  c_w.l(libinit2.o)
    0x080002fa   0x080002fa   0x00000000   Code   RO         7051    .ARM.Collect$$libinit$$00000032  c_w.l(libinit2.o)
    0x080002fa   0x080002fa   0x00000002   Code   RO         7052    .ARM.Collect$$libinit$$00000033  c_w.l(libinit2.o)
    0x080002fc   0x080002fc   0x00000002   Code   RO         7123    .ARM.Collect$$libshutdown$$00000000  c_w.l(libshutdown.o)
    0x080002fe   0x080002fe   0x00000000   Code   RO         7168    .ARM.Collect$$libshutdown$$00000002  c_w.l(libshutdown2.o)
    0x080002fe   0x080002fe   0x00000000   Code   RO         7170    .ARM.Collect$$libshutdown$$00000004  c_w.l(libshutdown2.o)
    0x080002fe   0x080002fe   0x00000000   Code   RO         7173    .ARM.Collect$$libshutdown$$00000007  c_w.l(libshutdown2.o)
    0x080002fe   0x080002fe   0x00000000   Code   RO         7176    .ARM.Collect$$libshutdown$$0000000A  c_w.l(libshutdown2.o)
    0x080002fe   0x080002fe   0x00000000   Code   RO         7178    .ARM.Collect$$libshutdown$$0000000C  c_w.l(libshutdown2.o)
    0x080002fe   0x080002fe   0x00000000   Code   RO         7181    .ARM.Collect$$libshutdown$$0000000F  c_w.l(libshutdown2.o)
    0x080002fe   0x080002fe   0x00000002   Code   RO         7182    .ARM.Collect$$libshutdown$$00000010  c_w.l(libshutdown2.o)
    0x08000300   0x08000300   0x00000000   Code   RO         6732    .ARM.Collect$$rtentry$$00000000  c_w.l(__rtentry.o)
    0x08000300   0x08000300   0x00000000   Code   RO         6861    .ARM.Collect$$rtentry$$00000002  c_w.l(__rtentry2.o)
    0x08000300   0x08000300   0x00000006   Code   RO         6873    .ARM.Collect$$rtentry$$00000004  c_w.l(__rtentry4.o)
    0x08000306   0x08000306   0x00000000   Code   RO         6863    .ARM.Collect$$rtentry$$00000009  c_w.l(__rtentry2.o)
    0x08000306   0x08000306   0x00000004   Code   RO         6864    .ARM.Collect$$rtentry$$0000000A  c_w.l(__rtentry2.o)
    0x0800030a   0x0800030a   0x00000000   Code   RO         6866    .ARM.Collect$$rtentry$$0000000C  c_w.l(__rtentry2.o)
    0x0800030a   0x0800030a   0x00000008   Code   RO         6867    .ARM.Collect$$rtentry$$0000000D  c_w.l(__rtentry2.o)
    0x08000312   0x08000312   0x00000002   Code   RO         6989    .ARM.Collect$$rtexit$$00000000  c_w.l(rtexit.o)
    0x08000314   0x08000314   0x00000000   Code   RO         7068    .ARM.Collect$$rtexit$$00000002  c_w.l(rtexit2.o)
    0x08000314   0x08000314   0x00000004   Code   RO         7069    .ARM.Collect$$rtexit$$00000003  c_w.l(rtexit2.o)
    0x08000318   0x08000318   0x00000006   Code   RO         7070    .ARM.Collect$$rtexit$$00000004  c_w.l(rtexit2.o)
    0x0800031e   0x0800031e   0x00000002   PAD
    0x08000320   0x08000320   0x00000010   Code   RO         5065    .emb_text           cpuport.o
    0x08000330   0x08000330   0x0000003c   Code   RO          909    .text               startup_stm32f401xc.o
    0x0800036c   0x0800036c   0x00000134   Code   RO         5061    .text               context_rvds.o
    0x080004a0   0x080004a0   0x000000ee   Code   RO         6704    .text               c_w.l(lludivv7m.o)
    0x0800058e   0x0800058e   0x00000002   PAD
    0x08000590   0x08000590   0x00000034   Code   RO         6706    .text               c_w.l(vsnprintf.o)
    0x080005c4   0x080005c4   0x00000058   Code   RO         6712    .text               c_w.l(memcmp.o)
    0x0800061c   0x0800061c   0x00000048   Code   RO         6714    .text               c_w.l(strcpy.o)
    0x08000664   0x08000664   0x0000003e   Code   RO         6716    .text               c_w.l(strlen.o)
    0x080006a2   0x080006a2   0x00000096   Code   RO         6718    .text               c_w.l(strncmp.o)
    0x08000738   0x08000738   0x00000018   Code   RO         6720    .text               c_w.l(strcat.o)
    0x08000750   0x08000750   0x0000008a   Code   RO         6722    .text               c_w.l(rt_memcpy_v6.o)
    0x080007da   0x080007da   0x0000004e   Code   RO         6724    .text               c_w.l(rt_memclr_w.o)
    0x08000828   0x08000828   0x00000056   Code   RO         6726    .text               c_w.l(strncpy.o)
    0x0800087e   0x0800087e   0x00000006   Code   RO         6728    .text               c_w.l(heapauxi.o)
    0x08000884   0x08000884   0x0000004e   Code   RO         6739    .text               c_w.l(_printf_pad.o)
    0x080008d2   0x080008d2   0x00000024   Code   RO         6741    .text               c_w.l(_printf_truncate.o)
    0x080008f6   0x080008f6   0x00000052   Code   RO         6743    .text               c_w.l(_printf_str.o)
    0x08000948   0x08000948   0x00000078   Code   RO         6745    .text               c_w.l(_printf_dec.o)
    0x080009c0   0x080009c0   0x00000028   Code   RO         6747    .text               c_w.l(_printf_charcount.o)
    0x080009e8   0x080009e8   0x00000030   Code   RO         6749    .text               c_w.l(_printf_char_common.o)
    0x08000a18   0x08000a18   0x0000000a   Code   RO         6751    .text               c_w.l(_sputc.o)
    0x08000a22   0x08000a22   0x00000010   Code   RO         6753    .text               c_w.l(_snputc.o)
    0x08000a32   0x08000a32   0x00000002   PAD
    0x08000a34   0x08000a34   0x000000bc   Code   RO         6755    .text               c_w.l(_printf_wctomb.o)
    0x08000af0   0x08000af0   0x0000007c   Code   RO         6758    .text               c_w.l(_printf_longlong_dec.o)
    0x08000b6c   0x08000b6c   0x00000070   Code   RO         6764    .text               c_w.l(_printf_oct_int_ll.o)
    0x08000bdc   0x08000bdc   0x00000094   Code   RO         6784    .text               c_w.l(_printf_hex_int_ll_ptr.o)
    0x08000c70   0x08000c70   0x00000188   Code   RO         6804    .text               c_w.l(__printf_flags_ss_wp.o)
    0x08000df8   0x08000df8   0x00000064   Code   RO         6846    .text               c_w.l(rt_memcpy_w.o)
    0x08000e5c   0x08000e5c   0x00000044   Code   RO         6848    .text               c_w.l(rt_memclr.o)
    0x08000ea0   0x08000ea0   0x0000008a   Code   RO         6877    .text               c_w.l(lludiv10.o)
    0x08000f2a   0x08000f2a   0x000000b2   Code   RO         6881    .text               c_w.l(_printf_intcommon.o)
    0x08000fdc   0x08000fdc   0x0000041e   Code   RO         6883    .text               c_w.l(_printf_fp_dec.o)
    0x080013fa   0x080013fa   0x00000002   PAD
    0x080013fc   0x080013fc   0x000002fc   Code   RO         6885    .text               c_w.l(_printf_fp_hex.o)
    0x080016f8   0x080016f8   0x0000002c   Code   RO         6890    .text               c_w.l(_printf_char.o)
    0x08001724   0x08001724   0x0000002c   Code   RO         6892    .text               c_w.l(_printf_wchar.o)
    0x08001750   0x08001750   0x00000040   Code   RO         6905    .text               c_w.l(_wcrtomb.o)
    0x08001790   0x08001790   0x0000004a   Code   RO         6907    .text               c_w.l(sys_stackheap_outer.o)
    0x080017da   0x080017da   0x00000002   PAD
    0x080017dc   0x080017dc   0x00000010   Code   RO         6909    .text               c_w.l(rt_ctype_table.o)
    0x080017ec   0x080017ec   0x00000008   Code   RO         6914    .text               c_w.l(rt_locale_intlibspace.o)
    0x080017f4   0x080017f4   0x00000080   Code   RO         6921    .text               c_w.l(_printf_fp_infnan.o)
    0x08001874   0x08001874   0x000000e4   Code   RO         6923    .text               c_w.l(bigflt0.o)
    0x08001958   0x08001958   0x00000012   Code   RO         6951    .text               c_w.l(exit.o)
    0x0800196a   0x0800196a   0x00000002   PAD
    0x0800196c   0x0800196c   0x00000008   Code   RO         6986    .text               c_w.l(libspace.o)
    0x08001974   0x08001974   0x00000080   Code   RO         7006    .text               c_w.l(strcmpv7m.o)
    0x080019f4   0x080019f4   0x0000000c   Code   RO         7065    .text               c_w.l(sys_exit.o)
    0x08001a00   0x08001a00   0x00000002   Code   RO         7112    .text               c_w.l(use_no_semi.o)
    0x08001a02   0x08001a02   0x00000000   Code   RO         7114    .text               c_w.l(indicate_semi.o)
    0x08001a02   0x08001a02   0x0000003e   Code   RO         6926    CL$$btod_d2e        c_w.l(btod.o)
    0x08001a40   0x08001a40   0x00000046   Code   RO         6928    CL$$btod_d2e_denorm_low  c_w.l(btod.o)
    0x08001a86   0x08001a86   0x00000060   Code   RO         6927    CL$$btod_d2e_norm_op1  c_w.l(btod.o)
    0x08001ae6   0x08001ae6   0x00000338   Code   RO         6936    CL$$btod_div_common  c_w.l(btod.o)
    0x08001e1e   0x08001e1e   0x000000dc   Code   RO         6933    CL$$btod_e2e        c_w.l(btod.o)
    0x08001efa   0x08001efa   0x0000002a   Code   RO         6930    CL$$btod_ediv       c_w.l(btod.o)
    0x08001f24   0x08001f24   0x0000002a   Code   RO         6929    CL$$btod_emul       c_w.l(btod.o)
    0x08001f4e   0x08001f4e   0x00000244   Code   RO         6935    CL$$btod_mult_common  c_w.l(btod.o)
    0x08002192   0x08002192   0x0000000a   Code   RO          212    i.$Sub$$main        startup.o
    0x0800219c   0x0800219c   0x00000004   Code   RO          396    i.BusFault_Handler  stm32f4xx_it.o
    0x080021a0   0x080021a0   0x00000018   Code   RO          703    i.DMA1_Stream5_IRQHandler  drv_usart.o
    0x080021b8   0x080021b8   0x00000018   Code   RO          704    i.DMA1_Stream6_IRQHandler  drv_usart.o
    0x080021d0   0x080021d0   0x00000018   Code   RO          705    i.DMA2_Stream1_IRQHandler  drv_usart.o
    0x080021e8   0x080021e8   0x00000018   Code   RO          706    i.DMA2_Stream2_IRQHandler  drv_usart.o
    0x08002200   0x08002200   0x00000018   Code   RO          707    i.DMA2_Stream6_IRQHandler  drv_usart.o
    0x08002218   0x08002218   0x00000018   Code   RO          708    i.DMA2_Stream7_IRQHandler  drv_usart.o
    0x08002230   0x08002230   0x00000034   Code   RO         1495    i.DMA_CalcBaseAndBitshift  stm32f4xx_hal_dma.o
    0x08002264   0x08002264   0x000000aa   Code   RO         1496    i.DMA_CheckFifoParam  stm32f4xx_hal_dma.o
    0x0800230e   0x0800230e   0x0000002c   Code   RO         1497    i.DMA_SetConfig     stm32f4xx_hal_dma.o
    0x0800233a   0x0800233a   0x00000002   Code   RO          397    i.DebugMon_Handler  stm32f4xx_it.o
    0x0800233c   0x0800233c   0x00000012   Code   RO          588    i.EXTI0_IRQHandler  drv_gpio.o
    0x0800234e   0x0800234e   0x0000003c   Code   RO          589    i.EXTI15_10_IRQHandler  drv_gpio.o
    0x0800238a   0x0800238a   0x00000012   Code   RO          590    i.EXTI1_IRQHandler  drv_gpio.o
    0x0800239c   0x0800239c   0x00000012   Code   RO          591    i.EXTI2_IRQHandler  drv_gpio.o
    0x080023ae   0x080023ae   0x00000012   Code   RO          592    i.EXTI3_IRQHandler  drv_gpio.o
    0x080023c0   0x080023c0   0x00000012   Code   RO          593    i.EXTI4_IRQHandler  drv_gpio.o
    0x080023d2   0x080023d2   0x0000002e   Code   RO          594    i.EXTI9_5_IRQHandler  drv_gpio.o
    0x08002400   0x08002400   0x000000ac   Code   RO         1498    i.HAL_DMA_Abort     stm32f4xx_hal_dma.o
    0x080024ac   0x080024ac   0x00000028   Code   RO         1499    i.HAL_DMA_Abort_IT  stm32f4xx_hal_dma.o
    0x080024d4   0x080024d4   0x00000070   Code   RO         1500    i.HAL_DMA_DeInit    stm32f4xx_hal_dma.o
    0x08002544   0x08002544   0x00000240   Code   RO         1503    i.HAL_DMA_IRQHandler  stm32f4xx_hal_dma.o
    0x08002784   0x08002784   0x000000ec   Code   RO         1504    i.HAL_DMA_Init      stm32f4xx_hal_dma.o
    0x08002870   0x08002870   0x00000092   Code   RO         1508    i.HAL_DMA_Start_IT  stm32f4xx_hal_dma.o
    0x08002902   0x08002902   0x00000002   PAD
    0x08002904   0x08002904   0x00000138   Code   RO         2061    i.HAL_GPIO_DeInit   stm32f4xx_hal_gpio.o
    0x08002a3c   0x08002a3c   0x0000003c   Code   RO          595    i.HAL_GPIO_EXTI_Callback  drv_gpio.o
    0x08002a78   0x08002a78   0x0000001c   Code   RO         2063    i.HAL_GPIO_EXTI_IRQHandler  stm32f4xx_hal_gpio.o
    0x08002a94   0x08002a94   0x000001c8   Code   RO         2064    i.HAL_GPIO_Init     stm32f4xx_hal_gpio.o
    0x08002c5c   0x08002c5c   0x00000010   Code   RO         2066    i.HAL_GPIO_ReadPin  stm32f4xx_hal_gpio.o
    0x08002c6c   0x08002c6c   0x0000000c   Code   RO         2068    i.HAL_GPIO_WritePin  stm32f4xx_hal_gpio.o
    0x08002c78   0x08002c78   0x0000001c   Code   RO          482    i.HAL_GetTick       drv_common.o
    0x08002c94   0x08002c94   0x00000018   Code   RO          483    i.HAL_IncTick       drv_common.o
    0x08002cac   0x08002cac   0x0000003c   Code   RO          973    i.HAL_Init          stm32f4xx_hal.o
    0x08002ce8   0x08002ce8   0x0000000c   Code   RO          484    i.HAL_InitTick      drv_common.o
    0x08002cf4   0x08002cf4   0x00000048   Code   RO          345    i.HAL_MspInit       stm32f4xx_hal_msp.o
    0x08002d3c   0x08002d3c   0x00000044   Code   RO         1215    i.HAL_NVIC_DisableIRQ  stm32f4xx_hal_cortex.o
    0x08002d80   0x08002d80   0x00000020   Code   RO         1216    i.HAL_NVIC_EnableIRQ  stm32f4xx_hal_cortex.o
    0x08002da0   0x08002da0   0x0000007c   Code   RO         1222    i.HAL_NVIC_SetPriority  stm32f4xx_hal_cortex.o
    0x08002e1c   0x08002e1c   0x00000028   Code   RO         1223    i.HAL_NVIC_SetPriorityGrouping  stm32f4xx_hal_cortex.o
    0x08002e44   0x08002e44   0x00000184   Code   RO         2668    i.HAL_RCC_ClockConfig  stm32f4xx_hal_rcc.o
    0x08002fc8   0x08002fc8   0x0000000c   Code   RO         2673    i.HAL_RCC_GetHCLKFreq  stm32f4xx_hal_rcc.o
    0x08002fd4   0x08002fd4   0x00000020   Code   RO         2675    i.HAL_RCC_GetPCLK1Freq  stm32f4xx_hal_rcc.o
    0x08002ff4   0x08002ff4   0x00000020   Code   RO         2676    i.HAL_RCC_GetPCLK2Freq  stm32f4xx_hal_rcc.o
    0x08003014   0x08003014   0x000000b0   Code   RO         2677    i.HAL_RCC_GetSysClockFreq  stm32f4xx_hal_rcc.o
    0x080030c4   0x080030c4   0x0000049c   Code   RO         2680    i.HAL_RCC_OscConfig  stm32f4xx_hal_rcc.o
    0x08003560   0x08003560   0x00000034   Code   RO         1227    i.HAL_SYSTICK_Config  stm32f4xx_hal_cortex.o
    0x08003594   0x08003594   0x00000002   Code   RO         3390    i.HAL_UARTEx_RxEventCallback  stm32f4xx_hal_uart.o
    0x08003596   0x08003596   0x0000003c   Code   RO         3403    i.HAL_UART_DeInit   stm32f4xx_hal_uart.o
    0x080035d2   0x080035d2   0x00000002   PAD
    0x080035d4   0x080035d4   0x0000002c   Code   RO          709    i.HAL_UART_ErrorCallback  drv_usart.o
    0x08003600   0x08003600   0x000002e0   Code   RO         3407    i.HAL_UART_IRQHandler  stm32f4xx_hal_uart.o
    0x080038e0   0x080038e0   0x00000072   Code   RO         3408    i.HAL_UART_Init     stm32f4xx_hal_uart.o
    0x08003952   0x08003952   0x00000002   PAD
    0x08003954   0x08003954   0x00000078   Code   RO          348    i.HAL_UART_MspDeInit  stm32f4xx_hal_msp.o
    0x080039cc   0x080039cc   0x00000168   Code   RO          349    i.HAL_UART_MspInit  stm32f4xx_hal_msp.o
    0x08003b34   0x08003b34   0x00000042   Code   RO         3412    i.HAL_UART_Receive_DMA  stm32f4xx_hal_uart.o
    0x08003b76   0x08003b76   0x00000002   PAD
    0x08003b78   0x08003b78   0x00000034   Code   RO          710    i.HAL_UART_RxCpltCallback  drv_usart.o
    0x08003bac   0x08003bac   0x00000034   Code   RO          711    i.HAL_UART_RxHalfCpltCallback  drv_usart.o
    0x08003be0   0x08003be0   0x000000ac   Code   RO         3417    i.HAL_UART_Transmit_DMA  stm32f4xx_hal_uart.o
    0x08003c8c   0x08003c8c   0x00000034   Code   RO          712    i.HAL_UART_TxCpltCallback  drv_usart.o
    0x08003cc0   0x08003cc0   0x00000002   Code   RO         3420    i.HAL_UART_TxHalfCpltCallback  stm32f4xx_hal_uart.o
    0x08003cc2   0x08003cc2   0x00000004   Code   RO          398    i.MemManage_Handler  stm32f4xx_it.o
    0x08003cc6   0x08003cc6   0x00000002   Code   RO          399    i.NMI_Handler       stm32f4xx_it.o
    0x08003cc8   0x08003cc8   0x00000002   Code   RO          400    i.SVC_Handler       stm32f4xx_it.o
    0x08003cca   0x08003cca   0x00000020   Code   RO          487    i.SysTick_Handler   drv_common.o
    0x08003cea   0x08003cea   0x00000002   PAD
    0x08003cec   0x08003cec   0x000000d0   Code   RO          453    i.SystemClock_Config  board.o
    0x08003dbc   0x08003dbc   0x00000014   Code   RO          917    i.SystemInit        system_stm32f4xx.o
    0x08003dd0   0x08003dd0   0x00000014   Code   RO         3421    i.UART_DMAAbortOnError  stm32f4xx_hal_uart.o
    0x08003de4   0x08003de4   0x00000050   Code   RO         3422    i.UART_DMAError     stm32f4xx_hal_uart.o
    0x08003e34   0x08003e34   0x000000b0   Code   RO         3423    i.UART_DMAReceiveCplt  stm32f4xx_hal_uart.o
    0x08003ee4   0x08003ee4   0x00000020   Code   RO         3425    i.UART_DMARxHalfCplt  stm32f4xx_hal_uart.o
    0x08003f04   0x08003f04   0x00000058   Code   RO         3427    i.UART_DMATransmitCplt  stm32f4xx_hal_uart.o
    0x08003f5c   0x08003f5c   0x0000000e   Code   RO         3429    i.UART_DMATxHalfCplt  stm32f4xx_hal_uart.o
    0x08003f6a   0x08003f6a   0x0000006c   Code   RO         3431    i.UART_EndRxTransfer  stm32f4xx_hal_uart.o
    0x08003fd6   0x08003fd6   0x00000020   Code   RO         3432    i.UART_EndTransmit_IT  stm32f4xx_hal_uart.o
    0x08003ff6   0x08003ff6   0x00000026   Code   RO         3433    i.UART_EndTxTransfer  stm32f4xx_hal_uart.o
    0x0800401c   0x0800401c   0x000000f8   Code   RO         3434    i.UART_Receive_IT   stm32f4xx_hal_uart.o
    0x08004114   0x08004114   0x0000022c   Code   RO         3435    i.UART_SetConfig    stm32f4xx_hal_uart.o
    0x08004340   0x08004340   0x000000cc   Code   RO         3436    i.UART_Start_Receive_DMA  stm32f4xx_hal_uart.o
    0x0800440c   0x0800440c   0x00000060   Code   RO         3438    i.UART_Transmit_IT  stm32f4xx_hal_uart.o
    0x0800446c   0x0800446c   0x00000018   Code   RO          713    i.USART1_IRQHandler  drv_usart.o
    0x08004484   0x08004484   0x00000018   Code   RO          714    i.USART2_IRQHandler  drv_usart.o
    0x0800449c   0x0800449c   0x00000018   Code   RO          715    i.USART6_IRQHandler  drv_usart.o
    0x080044b4   0x080044b4   0x00000004   Code   RO          401    i.UsageFault_Handler  stm32f4xx_it.o
    0x080044b8   0x080044b8   0x00000058   Code   RO          488    i._Error_Handler    drv_common.o
    0x08004510   0x08004510   0x00000030   Code   RO         6976    i.__ARM_fpclassify  m_wm.l(fpclassify.o)
    0x08004540   0x08004540   0x00000010   Code   RO         1229    i.__NVIC_GetPriorityGrouping  stm32f4xx_hal_cortex.o
    0x08004550   0x08004550   0x00000028   Code   RO         1230    i.__NVIC_SetPriority  stm32f4xx_hal_cortex.o
    0x08004578   0x08004578   0x00000050   Code   RO          716    i._dma_tx_complete  drv_usart.o
    0x080045c8   0x080045c8   0x0000001c   Code   RO         5645    i._heap_lock        kservice.o
    0x080045e4   0x080045e4   0x00000038   Code   RO         5646    i._heap_unlock      kservice.o
    0x0800461c   0x0800461c   0x00000018   Code   RO         5316    i._ipc_list_resume  ipc.o
    0x08004634   0x08004634   0x00000032   Code   RO         5317    i._ipc_list_resume_all  ipc.o
    0x08004666   0x08004666   0x00000002   PAD
    0x08004668   0x08004668   0x00000080   Code   RO         5318    i._ipc_list_suspend  ipc.o
    0x080046e8   0x080046e8   0x00000010   Code   RO         5319    i._ipc_object_init  ipc.o
    0x080046f8   0x080046f8   0x0000000e   Code   RO         6797    i._is_digit         c_w.l(__printf_wp.o)
    0x08004706   0x08004706   0x00000002   PAD
    0x08004708   0x08004708   0x0000009c   Code   RO         4875    i._msh_exec_cmd     msh.o
    0x080047a4   0x080047a4   0x00000048   Code   RO         4037    i._pin_control      pin.o
    0x080047ec   0x080047ec   0x00000054   Code   RO         4038    i._pin_read         pin.o
    0x08004840   0x08004840   0x00000054   Code   RO         4039    i._pin_write        pin.o
    0x08004894   0x08004894   0x000000c4   Code   RO         6139    i._rt_scheduler_stack_check  scheduler.o
    0x08004958   0x08004958   0x00000028   Code   RO         6140    i._scheduler_get_highest_priority_thread  scheduler.o
    0x08004980   0x08004980   0x00000040   Code   RO         4109    i._serial_check_buffer_size  serial.o
    0x080049c0   0x080049c0   0x00000194   Code   RO         4110    i._serial_dma_rx    serial.o
    0x08004b54   0x08004b54   0x0000005c   Code   RO         4111    i._serial_dma_tx    serial.o
    0x08004bb0   0x08004bb0   0x00000064   Code   RO         4112    i._serial_fifo_calc_recved_len  serial.o
    0x08004c14   0x08004c14   0x000000b8   Code   RO         4113    i._serial_int_rx    serial.o
    0x08004ccc   0x08004ccc   0x00000098   Code   RO         4114    i._serial_int_tx    serial.o
    0x08004d64   0x08004d64   0x00000064   Code   RO         4115    i._serial_poll_rx   serial.o
    0x08004dc8   0x08004dc8   0x00000054   Code   RO         4116    i._serial_poll_tx   serial.o
    0x08004e1c   0x08004e1c   0x0000005a   Code   RO         4117    i._serial_virtual_tx  serial.o
    0x08004e76   0x08004e76   0x00000002   PAD
    0x08004e78   0x08004e78   0x000000ac   Code   RO         4118    i._seril_virtual_rx  serial.o
    0x08004f24   0x08004f24   0x00000034   Code   RO         6233    i._thread_exit      thread.o
    0x08004f58   0x08004f58   0x000000d0   Code   RO         6234    i._thread_init      thread.o
    0x08005028   0x08005028   0x000000bc   Code   RO         6235    i._thread_timeout   thread.o
    0x080050e4   0x080050e4   0x00000042   Code   RO         6375    i._timer_init       timer.o
    0x08005126   0x08005126   0x0000001c   Code   RO         6377    i._timer_remove     timer.o
    0x08005142   0x08005142   0x00000002   PAD
    0x08005144   0x08005144   0x0000002c   Code   RO          284    i.app_at_wifi_entry  at_wifi.o
    0x08005170   0x08005170   0x0000005c   Code   RO         6517    i.at_client_get     at_client.o
    0x080051cc   0x080051cc   0x00000014   Code   RO         6518    i.at_client_get_first  at_client.o
    0x080051e0   0x080051e0   0x00000046   Code   RO         6519    i.at_client_getchar  at_client.o
    0x08005226   0x08005226   0x00000002   PAD
    0x08005228   0x08005228   0x00000298   Code   RO         6520    i.at_client_init    at_client.o
    0x080054c0   0x080054c0   0x00000240   Code   RO         6524    i.at_client_para_init  at_client.o
    0x08005700   0x08005700   0x00000044   Code   RO         6525    i.at_client_rx_ind  at_client.o
    0x08005744   0x08005744   0x0000008c   Code   RO         6526    i.at_create_resp    at_client.o
    0x080057d0   0x080057d0   0x0000001c   Code   RO         6527    i.at_delete_resp    at_client.o
    0x080057ec   0x080057ec   0x00000014   Code   RO         6663    i.at_get_last_cmd   at_utils.o
    0x08005800   0x08005800   0x00000188   Code   RO         6528    i.at_obj_exec_cmd   at_client.o
    0x08005988   0x08005988   0x00000040   Code   RO         6529    i.at_obj_set_end_sign  at_client.o
    0x080059c8   0x080059c8   0x000000b8   Code   RO         6531    i.at_recv_readline  at_client.o
    0x08005a80   0x08005a80   0x000000c4   Code   RO         6532    i.at_resp_get_line  at_client.o
    0x08005b44   0x08005b44   0x0000001c   Code   RO         6665    i.at_utils_send     at_utils.o
    0x08005b60   0x08005b60   0x00000054   Code   RO         6667    i.at_vprintfln      at_utils.o
    0x08005bb4   0x08005bb4   0x0000001e   Code   RO          596    i.bit2bitno         drv_gpio.o
    0x08005bd2   0x08005bd2   0x00000002   PAD
    0x08005bd4   0x08005bd4   0x000000fc   Code   RO         5066    i.bus_fault_track   cpuport.o
    0x08005cd0   0x08005cd0   0x00000014   Code   RO         4753    i.clear             cmd.o
    0x08005ce4   0x08005ce4   0x00000140   Code   RO         6537    i.client_parser     at_client.o
    0x08005e24   0x08005e24   0x00000064   Code   RO         4876    i.cmd_free          msh.o
    0x08005e88   0x08005e88   0x0000000e   Code   RO         4877    i.cmd_ps            msh.o
    0x08005e96   0x08005e96   0x00000002   PAD
    0x08005e98   0x08005e98   0x00000088   Code   RO          717    i.dma_isr           drv_usart.o
    0x08005f20   0x08005f20   0x0000005c   Code   RO         4950    i.finsh_get_prompt  shell.o
    0x08005f7c   0x08005f7c   0x00000068   Code   RO         4952    i.finsh_getchar     shell.o
    0x08005fe4   0x08005fe4   0x00000040   Code   RO         4953    i.finsh_rx_ind      shell.o
    0x08006024   0x08006024   0x000000e0   Code   RO         4954    i.finsh_set_device  shell.o
    0x08006104   0x08006104   0x00000048   Code   RO         4957    i.finsh_set_prompt_mode  shell.o
    0x0800614c   0x0800614c   0x00000014   Code   RO         4958    i.finsh_system_function_init  shell.o
    0x08006160   0x08006160   0x0000009c   Code   RO         4959    i.finsh_system_init  shell.o
    0x080061fc   0x080061fc   0x00000500   Code   RO         4960    i.finsh_thread_entry  shell.o
    0x080066fc   0x080066fc   0x000000b6   Code   RO         6538    i.get_urc_obj       at_client.o
    0x080067b2   0x080067b2   0x00000002   PAD
    0x080067b4   0x080067b4   0x00000080   Code   RO         5067    i.hard_fault_track  cpuport.o
    0x08006834   0x08006834   0x00000020   Code   RO         4754    i.hello             cmd.o
    0x08006854   0x08006854   0x00000068   Code   RO         4755    i.list              cmd.o
    0x080068bc   0x080068bc   0x00000118   Code   RO         4756    i.list_device       cmd.o
    0x080069d4   0x080069d4   0x00000144   Code   RO         4757    i.list_event        cmd.o
    0x08006b18   0x08006b18   0x0000002a   Code   RO         4758    i.list_find_init    cmd.o
    0x08006b42   0x08006b42   0x00000088   Code   RO         4759    i.list_get_next     cmd.o
    0x08006bca   0x08006bca   0x00000002   PAD
    0x08006bcc   0x08006bcc   0x0000015c   Code   RO         4760    i.list_mailbox      cmd.o
    0x08006d28   0x08006d28   0x00000174   Code   RO         4761    i.list_mempool      cmd.o
    0x08006e9c   0x08006e9c   0x00000144   Code   RO         4762    i.list_msgqueue     cmd.o
    0x08006fe0   0x08006fe0   0x0000010c   Code   RO         4763    i.list_mutex        cmd.o
    0x080070ec   0x080070ec   0x00000138   Code   RO         4764    i.list_sem          cmd.o
    0x08007224   0x08007224   0x000001e4   Code   RO         4765    i.list_thread       cmd.o
    0x08007408   0x08007408   0x000001a8   Code   RO         4766    i.list_timer        cmd.o
    0x080075b0   0x080075b0   0x0000001e   Code   RO            5    i.main              main.o
    0x080075ce   0x080075ce   0x0000000e   Code   RO          213    i.main_thread_entry  startup.o
    0x080075dc   0x080075dc   0x000000e8   Code   RO         5068    i.mem_manage_fault_track  cpuport.o
    0x080076c4   0x080076c4   0x00000084   Code   RO         4878    i.msh_auto_complete  msh.o
    0x08007748   0x08007748   0x0000006c   Code   RO         4879    i.msh_exec          msh.o
    0x080077b4   0x080077b4   0x00000040   Code   RO         4880    i.msh_get_cmd       msh.o
    0x080077f4   0x080077f4   0x00000064   Code   RO         4881    i.msh_help          msh.o
    0x08007858   0x08007858   0x000000f0   Code   RO         4882    i.msh_split         msh.o
    0x08007948   0x08007948   0x0000001c   Code   RO         4767    i.object_split      cmd.o
    0x08007964   0x08007964   0x00000030   Code   RO            6    i.pin_init          main.o
    0x08007994   0x08007994   0x000000e8   Code   RO         5907    i.plug_holes        mem.o
    0x08007a7c   0x08007a7c   0x00000198   Code   RO         5648    i.print_number      kservice.o
    0x08007c14   0x08007c14   0x0000000c   Code   RO          489    i.reboot            drv_common.o
    0x08007c20   0x08007c20   0x00000084   Code   RO          214    i.rt_application_init  startup.o
    0x08007ca4   0x08007ca4   0x00000074   Code   RO         5649    i.rt_assert_handler  kservice.o
    0x08007d18   0x08007d18   0x00000022   Code   RO         5651    i.rt_calloc         kservice.o
    0x08007d3a   0x08007d3a   0x00000002   PAD
    0x08007d3c   0x08007d3c   0x00000068   Code   RO         4225    i.rt_completion_done  completion.o
    0x08007da4   0x08007da4   0x00000048   Code   RO         4226    i.rt_completion_init  completion.o
    0x08007dec   0x08007dec   0x000001fc   Code   RO         4227    i.rt_completion_wait  completion.o
    0x08007fe8   0x08007fe8   0x0000001c   Code   RO          215    i.rt_components_board_init  startup.o
    0x08008004   0x08008004   0x0000001c   Code   RO          216    i.rt_components_init  startup.o
    0x08008020   0x08008020   0x0000000c   Code   RO         5652    i.rt_console_get_device  kservice.o
    0x0800802c   0x0800802c   0x0000003c   Code   RO         5653    i.rt_console_set_device  kservice.o
    0x08008068   0x08008068   0x0000000c   Code   RO         6141    i.rt_critical_level  scheduler.o
    0x08008074   0x08008074   0x00000084   Code   RO         4258    i.rt_data_queue_deinit  dataqueue.o
    0x080080f8   0x080080f8   0x000000a4   Code   RO         4259    i.rt_data_queue_init  dataqueue.o
    0x0800819c   0x0800819c   0x000000b4   Code   RO         4260    i.rt_data_queue_len  dataqueue.o
    0x08008250   0x08008250   0x000000a4   Code   RO         4261    i.rt_data_queue_peek  dataqueue.o
    0x080082f4   0x080082f4   0x000002e4   Code   RO         4262    i.rt_data_queue_pop  dataqueue.o
    0x080085d8   0x080085d8   0x00000280   Code   RO         4263    i.rt_data_queue_push  dataqueue.o
    0x08008858   0x08008858   0x000000f8   Code   RO         4264    i.rt_data_queue_reset  dataqueue.o
    0x08008950   0x08008950   0x0000003c   Code   RO         5258    i.rt_defunct_execute  idle.o
    0x0800898c   0x0800898c   0x000000ac   Code   RO         5173    i.rt_device_close   device.o
    0x08008a38   0x08008a38   0x0000000e   Code   RO         5177    i.rt_device_find    device.o
    0x08008a46   0x08008a46   0x00000002   PAD
    0x08008a48   0x08008a48   0x00000144   Code   RO         5179    i.rt_device_open    device.o
    0x08008b8c   0x08008b8c   0x00000048   Code   RO         4040    i.rt_device_pin_register  pin.o
    0x08008bd4   0x08008bd4   0x000000b4   Code   RO         5180    i.rt_device_read    device.o
    0x08008c88   0x08008c88   0x00000034   Code   RO         5181    i.rt_device_register  device.o
    0x08008cbc   0x08008cbc   0x00000080   Code   RO         5182    i.rt_device_set_rx_indicate  device.o
    0x08008d3c   0x08008d3c   0x000000b4   Code   RO         5185    i.rt_device_write   device.o
    0x08008df0   0x08008df0   0x0000000c   Code   RO         4119    i.rt_dma_calc_recved_len  serial.o
    0x08008dfc   0x08008dfc   0x0000009c   Code   RO         4120    i.rt_dma_recv_update_get_index  serial.o
    0x08008e98   0x08008e98   0x000000a8   Code   RO         4121    i.rt_dma_recv_update_put_index  serial.o
    0x08008f40   0x08008f40   0x00000020   Code   RO         6142    i.rt_enter_critical  scheduler.o
    0x08008f60   0x08008f60   0x00000044   Code   RO         6143    i.rt_exit_critical  scheduler.o
    0x08008fa4   0x08008fa4   0x00000030   Code   RO         5654    i.rt_free           kservice.o
    0x08008fd4   0x08008fd4   0x00000038   Code   RO          490    i.rt_hw_board_init  drv_common.o
    0x0800900c   0x0800900c   0x00000002   Code   RO         5658    i.rt_hw_console_output  kservice.o
    0x0800900e   0x0800900e   0x00000002   PAD
    0x08009010   0x08009010   0x00000010   Code   RO         5069    i.rt_hw_cpu_reset   cpuport.o
    0x08009020   0x08009020   0x0000022c   Code   RO         5072    i.rt_hw_hard_fault_exception  cpuport.o
    0x0800924c   0x0800924c   0x000000d0   Code   RO          597    i.rt_hw_pin_init    drv_gpio.o
    0x0800931c   0x0800931c   0x00000238   Code   RO         4122    i.rt_hw_serial_isr  serial.o
    0x08009554   0x08009554   0x00000080   Code   RO         4123    i.rt_hw_serial_register  serial.o
    0x080095d4   0x080095d4   0x00000050   Code   RO         5073    i.rt_hw_stack_init  cpuport.o
    0x08009624   0x08009624   0x0000005c   Code   RO          491    i.rt_hw_systick_init  drv_common.o
    0x08009680   0x08009680   0x00000110   Code   RO          718    i.rt_hw_usart_init  drv_usart.o
    0x08009790   0x08009790   0x00000038   Code   RO         5606    i.rt_interrupt_enter  irq.o
    0x080097c8   0x080097c8   0x0000001c   Code   RO         5608    i.rt_interrupt_get_nest  irq.o
    0x080097e4   0x080097e4   0x00000038   Code   RO         5609    i.rt_interrupt_leave  irq.o
    0x0800981c   0x0800981c   0x0000004c   Code   RO         5659    i.rt_kprintf        kservice.o
    0x08009868   0x08009868   0x00000006   Code   RO         4265    i.rt_list_init      dataqueue.o
    0x0800986e   0x0800986e   0x00000006   Code   RO         5327    i.rt_list_init      ipc.o
    0x08009874   0x08009874   0x00000006   Code   RO         6378    i.rt_list_init      timer.o
    0x0800987a   0x0800987a   0x0000000e   Code   RO         6026    i.rt_list_insert_after  object.o
    0x08009888   0x08009888   0x0000000e   Code   RO         6379    i.rt_list_insert_after  timer.o
    0x08009896   0x08009896   0x0000000e   Code   RO         4266    i.rt_list_insert_before  dataqueue.o
    0x080098a4   0x080098a4   0x0000000e   Code   RO         5328    i.rt_list_insert_before  ipc.o
    0x080098b2   0x080098b2   0x00000010   Code   RO         4228    i.rt_list_isempty   completion.o
    0x080098c2   0x080098c2   0x00000010   Code   RO         4267    i.rt_list_isempty   dataqueue.o
    0x080098d2   0x080098d2   0x00000010   Code   RO         4768    i.rt_list_isempty   cmd.o
    0x080098e2   0x080098e2   0x00000010   Code   RO         5329    i.rt_list_isempty   ipc.o
    0x080098f2   0x080098f2   0x00000010   Code   RO         6380    i.rt_list_isempty   timer.o
    0x08009902   0x08009902   0x00000014   Code   RO         4769    i.rt_list_len       cmd.o
    0x08009916   0x08009916   0x00000012   Code   RO         6027    i.rt_list_remove    object.o
    0x08009928   0x08009928   0x00000012   Code   RO         6236    i.rt_list_remove    thread.o
    0x0800993a   0x0800993a   0x00000012   Code   RO         6381    i.rt_list_remove    timer.o
    0x0800994c   0x0800994c   0x0000003c   Code   RO         5661    i.rt_malloc         kservice.o
    0x08009988   0x08009988   0x00000026   Code   RO         5664    i.rt_memcmp         kservice.o
    0x080099ae   0x080099ae   0x0000007c   Code   RO         5665    i.rt_memcpy         kservice.o
    0x08009a2a   0x08009a2a   0x00000042   Code   RO         5666    i.rt_memmove        kservice.o
    0x08009a6c   0x08009a6c   0x00000044   Code   RO         5667    i.rt_memory_info    kservice.o
    0x08009ab0   0x08009ab0   0x00000048   Code   RO         5668    i.rt_memset         kservice.o
    0x08009af8   0x08009af8   0x00000094   Code   RO         5349    i.rt_mutex_create   ipc.o
    0x08009b8c   0x08009b8c   0x00000100   Code   RO         5350    i.rt_mutex_delete   ipc.o
    0x08009c8c   0x08009c8c   0x00000058   Code   RO         5352    i.rt_mutex_init     ipc.o
    0x08009ce4   0x08009ce4   0x000001e0   Code   RO         5353    i.rt_mutex_release  ipc.o
    0x08009ec4   0x08009ec4   0x00000264   Code   RO         5354    i.rt_mutex_take     ipc.o
    0x0800a128   0x0800a128   0x000000ec   Code   RO         6028    i.rt_object_allocate  object.o
    0x0800a214   0x0800a214   0x000000a0   Code   RO         6030    i.rt_object_delete  object.o
    0x0800a2b4   0x0800a2b4   0x0000005c   Code   RO         6031    i.rt_object_detach  object.o
    0x0800a310   0x0800a310   0x000000ac   Code   RO         6033    i.rt_object_find    object.o
    0x0800a3bc   0x0800a3bc   0x00000028   Code   RO         6034    i.rt_object_get_information  object.o
    0x0800a3e4   0x0800a3e4   0x00000034   Code   RO         6037    i.rt_object_get_type  object.o
    0x0800a418   0x0800a418   0x000000bc   Code   RO         6038    i.rt_object_init    object.o
    0x0800a4d4   0x0800a4d4   0x0000003c   Code   RO         6039    i.rt_object_is_systemobject  object.o
    0x0800a510   0x0800a510   0x00000048   Code   RO         4045    i.rt_pin_mode       pin.o
    0x0800a558   0x0800a558   0x00000048   Code   RO         4047    i.rt_pin_write      pin.o
    0x0800a5a0   0x0800a5a0   0x0000003c   Code   RO         4523    i.rt_ringbuffer_data_len  ringbuffer.o
    0x0800a5dc   0x0800a5dc   0x00000070   Code   RO         4527    i.rt_ringbuffer_init  ringbuffer.o
    0x0800a64c   0x0800a64c   0x0000002a   Code   RO         4534    i.rt_ringbuffer_status  ringbuffer.o
    0x0800a676   0x0800a676   0x00000002   PAD
    0x0800a678   0x0800a678   0x0000015c   Code   RO         6144    i.rt_schedule       scheduler.o
    0x0800a7d4   0x0800a7d4   0x0000009c   Code   RO         6145    i.rt_schedule_insert_thread  scheduler.o
    0x0800a870   0x0800a870   0x00000080   Code   RO         6146    i.rt_schedule_remove_thread  scheduler.o
    0x0800a8f0   0x0800a8f0   0x00000074   Code   RO         5356    i.rt_sem_control    ipc.o
    0x0800a964   0x0800a964   0x000000f8   Code   RO         5357    i.rt_sem_create     ipc.o
    0x0800aa5c   0x0800aa5c   0x000000f8   Code   RO         5358    i.rt_sem_delete     ipc.o
    0x0800ab54   0x0800ab54   0x000000bc   Code   RO         5360    i.rt_sem_init       ipc.o
    0x0800ac10   0x0800ac10   0x000000a8   Code   RO         5361    i.rt_sem_release    ipc.o
    0x0800acb8   0x0800acb8   0x00000204   Code   RO         5362    i.rt_sem_take       ipc.o
    0x0800aebc   0x0800aebc   0x00000248   Code   RO         4124    i.rt_serial_close   serial.o
    0x0800b104   0x0800b104   0x000000a4   Code   RO         4125    i.rt_serial_control  serial.o
    0x0800b1a8   0x0800b1a8   0x00000048   Code   RO         4126    i.rt_serial_init    serial.o
    0x0800b1f0   0x0800b1f0   0x00000390   Code   RO         4127    i.rt_serial_open    serial.o
    0x0800b580   0x0800b580   0x00000080   Code   RO         4128    i.rt_serial_read    serial.o
    0x0800b600   0x0800b600   0x00000080   Code   RO         4129    i.rt_serial_write   serial.o
    0x0800b680   0x0800b680   0x00000028   Code   RO         5670    i.rt_set_errno      kservice.o
    0x0800b6a8   0x0800b6a8   0x000000c4   Code   RO         5671    i.rt_show_version   kservice.o
    0x0800b76c   0x0800b76c   0x00000278   Code   RO         5908    i.rt_smem_alloc     mem.o
    0x0800b9e4   0x0800b9e4   0x000001a4   Code   RO         5910    i.rt_smem_free      mem.o
    0x0800bb88   0x0800bb88   0x000000f4   Code   RO         5911    i.rt_smem_init      mem.o
    0x0800bc7c   0x0800bc7c   0x00000026   Code   RO         5672    i.rt_snprintf       kservice.o
    0x0800bca2   0x0800bca2   0x00000022   Code   RO         5673    i.rt_sprintf        kservice.o
    0x0800bcc4   0x0800bcc4   0x0000001c   Code   RO         5675    i.rt_strcmp         kservice.o
    0x0800bce0   0x0800bce0   0x00000012   Code   RO         5678    i.rt_strlen         kservice.o
    0x0800bcf2   0x0800bcf2   0x00000028   Code   RO         5679    i.rt_strncmp        kservice.o
    0x0800bd1a   0x0800bd1a   0x00000034   Code   RO         5680    i.rt_strncpy        kservice.o
    0x0800bd4e   0x0800bd4e   0x0000003a   Code   RO         5682    i.rt_strstr         kservice.o
    0x0800bd88   0x0800bd88   0x00000078   Code   RO         5683    i.rt_system_heap_init  kservice.o
    0x0800be00   0x0800be00   0x00000038   Code   RO         6149    i.rt_system_scheduler_init  scheduler.o
    0x0800be38   0x0800be38   0x00000028   Code   RO         6150    i.rt_system_scheduler_start  scheduler.o
    0x0800be60   0x0800be60   0x0000001c   Code   RO         6382    i.rt_system_timer_init  timer.o
    0x0800be7c   0x0800be7c   0x00000002   Code   RO         6383    i.rt_system_timer_thread_init  timer.o
    0x0800be7e   0x0800be7e   0x00000002   PAD
    0x0800be80   0x0800be80   0x000000d4   Code   RO         6237    i.rt_thread_control  thread.o
    0x0800bf54   0x0800bf54   0x00000050   Code   RO         6238    i.rt_thread_create  thread.o
    0x0800bfa4   0x0800bfa4   0x0000003c   Code   RO         5259    i.rt_thread_defunct_dequeue  idle.o
    0x0800bfe0   0x0800bfe0   0x0000001c   Code   RO         5260    i.rt_thread_defunct_enqueue  idle.o
    0x0800bffc   0x0800bffc   0x0000000c   Code   RO         6239    i.rt_thread_delay   thread.o
    0x0800c008   0x0800c008   0x000000d8   Code   RO         6241    i.rt_thread_delete  thread.o
    0x0800c0e0   0x0800c0e0   0x000000cc   Code   RO         6242    i.rt_thread_detach  thread.o
    0x0800c1ac   0x0800c1ac   0x00000024   Code   RO         5262    i.rt_thread_idle_entry  idle.o
    0x0800c1d0   0x0800c1d0   0x00000060   Code   RO         5264    i.rt_thread_idle_init  idle.o
    0x0800c230   0x0800c230   0x00000080   Code   RO         6244    i.rt_thread_init    thread.o
    0x0800c2b0   0x0800c2b0   0x0000009c   Code   RO         6247    i.rt_thread_resume  thread.o
    0x0800c34c   0x0800c34c   0x0000000c   Code   RO         6249    i.rt_thread_self    thread.o
    0x0800c358   0x0800c358   0x00000084   Code   RO         6250    i.rt_thread_sleep   thread.o
    0x0800c3dc   0x0800c3dc   0x000000bc   Code   RO         6251    i.rt_thread_startup  thread.o
    0x0800c498   0x0800c498   0x000000d8   Code   RO         6252    i.rt_thread_suspend  thread.o
    0x0800c570   0x0800c570   0x00000038   Code   RO         5129    i.rt_tick_from_millisecond  clock.o
    0x0800c5a8   0x0800c5a8   0x0000000c   Code   RO         5130    i.rt_tick_get       clock.o
    0x0800c5b4   0x0800c5b4   0x00000050   Code   RO         5132    i.rt_tick_increase  clock.o
    0x0800c604   0x0800c604   0x000000dc   Code   RO         6384    i.rt_timer_check    timer.o
    0x0800c6e0   0x0800c6e0   0x000000e0   Code   RO         6385    i.rt_timer_control  timer.o
    0x0800c7c0   0x0800c7c0   0x000000e0   Code   RO         6388    i.rt_timer_detach   timer.o
    0x0800c8a0   0x0800c8a0   0x000000a4   Code   RO         6391    i.rt_timer_init     timer.o
    0x0800c944   0x0800c944   0x00000188   Code   RO         6393    i.rt_timer_start    timer.o
    0x0800cacc   0x0800cacc   0x000000c0   Code   RO         6394    i.rt_timer_stop     timer.o
    0x0800cb8c   0x0800cb8c   0x00000340   Code   RO         5684    i.rt_vsnprintf      kservice.o
    0x0800cecc   0x0800cecc   0x00000016   Code   RO         5685    i.rt_vsprintf       kservice.o
    0x0800cee2   0x0800cee2   0x00000004   Code   RO          217    i.rti_board_end     startup.o
    0x0800cee6   0x0800cee6   0x00000004   Code   RO          218    i.rti_board_start   startup.o
    0x0800ceea   0x0800ceea   0x00000004   Code   RO          219    i.rti_end           startup.o
    0x0800ceee   0x0800ceee   0x00000004   Code   RO          220    i.rti_start         startup.o
    0x0800cef2   0x0800cef2   0x0000002a   Code   RO          221    i.rtthread_startup  startup.o
    0x0800cf1c   0x0800cf1c   0x00000030   Code   RO         4961    i.shell_auto_complete  shell.o
    0x0800cf4c   0x0800cf4c   0x00000030   Code   RO         4962    i.shell_handle_history  shell.o
    0x0800cf7c   0x0800cf7c   0x000000dc   Code   RO         4963    i.shell_push_history  shell.o
    0x0800d058   0x0800d058   0x00000038   Code   RO         4770    i.show_wait_queue   cmd.o
    0x0800d090   0x0800d090   0x00000026   Code   RO         5686    i.skip_atoi         kservice.o
    0x0800d0b6   0x0800d0b6   0x00000002   PAD
    0x0800d0b8   0x0800d0b8   0x00000130   Code   RO          719    i.stm32_configure   drv_usart.o
    0x0800d1e8   0x0800d1e8   0x00000148   Code   RO          720    i.stm32_control     drv_usart.o
    0x0800d330   0x0800d330   0x000001c8   Code   RO          721    i.stm32_dma_config  drv_usart.o
    0x0800d4f8   0x0800d4f8   0x00000078   Code   RO          722    i.stm32_dma_transmit  drv_usart.o
    0x0800d570   0x0800d570   0x00000050   Code   RO          723    i.stm32_getc        drv_usart.o
    0x0800d5c0   0x0800d5c0   0x000000dc   Code   RO          598    i.stm32_pin_attach_irq  drv_gpio.o
    0x0800d69c   0x0800d69c   0x00000090   Code   RO          599    i.stm32_pin_dettach_irq  drv_gpio.o
    0x0800d72c   0x0800d72c   0x00000076   Code   RO          600    i.stm32_pin_get     drv_gpio.o
    0x0800d7a2   0x0800d7a2   0x00000002   PAD
    0x0800d7a4   0x0800d7a4   0x000001c0   Code   RO          601    i.stm32_pin_irq_enable  drv_gpio.o
    0x0800d964   0x0800d964   0x00000088   Code   RO          602    i.stm32_pin_mode    drv_gpio.o
    0x0800d9ec   0x0800d9ec   0x0000003c   Code   RO          603    i.stm32_pin_read    drv_gpio.o
    0x0800da28   0x0800da28   0x0000003c   Code   RO          604    i.stm32_pin_write   drv_gpio.o
    0x0800da64   0x0800da64   0x00000050   Code   RO          724    i.stm32_putc        drv_usart.o
    0x0800dab4   0x0800dab4   0x000000b8   Code   RO          725    i.stm32_uart_get_dma_config  drv_usart.o
    0x0800db6c   0x0800db6c   0x00000020   Code   RO          726    i.stm32_uart_get_mask  drv_usart.o
    0x0800db8c   0x0800db8c   0x00000020   Code   RO         4883    i.str_common        msh.o
    0x0800dbac   0x0800dbac   0x000001bc   Code   RO          727    i.uart_isr          drv_usart.o
    0x0800dd68   0x0800dd68   0x000000e8   Code   RO         5074    i.usage_fault_track  cpuport.o
    0x0800de50   0x0800de50   0x0000001a   Code   RO            7    i.uwb_on_status     main.o
    0x0800de6a   0x0800de6a   0x0000000a   Code   RO         4771    i.version           cmd.o
    0x0800de74   0x0800de74   0x00000064   Code   RO          285    i.wifi_device_init  at_wifi.o
    0x0800ded8   0x0800ded8   0x00000024   Code   RO          286    i.wifi_exit_trans_mode  at_wifi.o
    0x0800defc   0x0800defc   0x0000010c   Code   RO          287    i.wifi_get_version  at_wifi.o
    0x0800e008   0x0800e008   0x00000028   Code   RO          288    i.wifi_hw_reset_enable  at_wifi.o
    0x0800e030   0x0800e030   0x00000016   Code   RO          289    i.wifi_hw_reset_init  at_wifi.o
    0x0800e046   0x0800e046   0x0000001a   Code   RO            9    i.wifi_on_status    main.o
    0x0800e060   0x0800e060   0x0000002c   Code   RO         6949    locale$$code        c_w.l(lc_numeric_c.o)
    0x0800e08c   0x0800e08c   0x0000002c   Code   RO         7000    locale$$code        c_w.l(lc_ctype_c.o)
    0x0800e0b8   0x0800e0b8   0x0000000a   Code   RO         7090    x$fpl$fpinit        fz_wm.l(fpinit.o)
    0x0800e0c2   0x0800e0c2   0x00000004   Code   RO         6850    x$fpl$printf1       fz_wm.l(printf1.o)
    0x0800e0c6   0x0800e0c6   0x00000004   Code   RO         6852    x$fpl$printf2       fz_wm.l(printf2.o)
    0x0800e0ca   0x0800e0ca   0x00000000   Code   RO         6975    x$fpl$usenofp       fz_wm.l(usenofp.o)
    0x0800e0ca   0x0800e0ca   0x00000014   Data   RO          222    .constdata          startup.o
    0x0800e0de   0x0800e0de   0x00000002   PAD
    0x0800e0e0   0x0800e0e0   0x0000005c   Data   RO          605    .constdata          drv_gpio.o
    0x0800e13c   0x0800e13c   0x0000010c   Data   RO          729    .constdata          drv_usart.o
    0x0800e248   0x0800e248   0x00000018   Data   RO          918    .constdata          system_stm32f4xx.o
    0x0800e260   0x0800e260   0x00000008   Data   RO         1510    .constdata          stm32f4xx_hal_dma.o
    0x0800e268   0x0800e268   0x00000088   Data   RO         4049    .constdata          pin.o
    0x0800e2f0   0x0800e2f0   0x0000013c   Data   RO         4130    .constdata          serial.o
    0x0800e42c   0x0800e42c   0x00000039   Data   RO         4229    .constdata          completion.o
    0x0800e465   0x0800e465   0x00000086   Data   RO         4268    .constdata          dataqueue.o
    0x0800e4eb   0x0800e4eb   0x000000e9   Data   RO         4535    .constdata          ringbuffer.o
    0x0800e5d4   0x0800e5d4   0x00000064   Data   RO         4772    .constdata          cmd.o
    0x0800e638   0x0800e638   0x0000000e   Data   RO         4884    .constdata          msh.o
    0x0800e646   0x0800e646   0x00000087   Data   RO         4965    .constdata          shell.o
    0x0800e6cd   0x0800e6cd   0x000000ba   Data   RO         5186    .constdata          device.o
    0x0800e787   0x0800e787   0x0000021b   Data   RO         5364    .constdata          ipc.o
    0x0800e9a2   0x0800e9a2   0x00000043   Data   RO         5688    .constdata          kservice.o
    0x0800e9e5   0x0800e9e5   0x00000045   Data   RO         5913    .constdata          mem.o
    0x0800ea2a   0x0800ea2a   0x00000080   Data   RO         6043    .constdata          object.o
    0x0800eaaa   0x0800eaaa   0x0000004e   Data   RO         6152    .constdata          scheduler.o
    0x0800eaf8   0x0800eaf8   0x000000bb   Data   RO         6255    .constdata          thread.o
    0x0800ebb3   0x0800ebb3   0x0000006c   Data   RO         6395    .constdata          timer.o
    0x0800ec1f   0x0800ec1f   0x000000d7   Data   RO         6540    .constdata          at_client.o
    0x0800ecf6   0x0800ecf6   0x00000002   PAD
    0x0800ecf8   0x0800ecf8   0x00000008   Data   RO         6756    .constdata          c_w.l(_printf_wctomb.o)
    0x0800ed00   0x0800ed00   0x00000028   Data   RO         6785    .constdata          c_w.l(_printf_hex_int_ll_ptr.o)
    0x0800ed28   0x0800ed28   0x00000011   Data   RO         6805    .constdata          c_w.l(__printf_flags_ss_wp.o)
    0x0800ed39   0x0800ed39   0x00000026   Data   RO         6886    .constdata          c_w.l(_printf_fp_hex.o)
    0x0800ed5f   0x0800ed5f   0x00000001   PAD
    0x0800ed60   0x0800ed60   0x00000094   Data   RO         6924    .constdata          c_w.l(bigflt0.o)
    0x0800edf4   0x0800edf4   0x00000016   Data   RO          730    .conststring        drv_usart.o
    0x0800ee0a   0x0800ee0a   0x00000002   PAD
    0x0800ee0c   0x0800ee0c   0x00000063   Data   RO         4131    .conststring        serial.o
    0x0800ee6f   0x0800ee6f   0x00000001   PAD
    0x0800ee70   0x0800ee70   0x000001a5   Data   RO         4773    .conststring        cmd.o
    0x0800f015   0x0800f015   0x00000003   PAD
    0x0800f018   0x0800f018   0x0000008b   Data   RO         5365    .conststring        ipc.o
    0x0800f0a3   0x0800f0a3   0x00000001   PAD
    0x0800f0a4   0x0800f0a4   0x000001a8   Data   RO         5914    .conststring        mem.o
    0x0800f24c   0x0800f24c   0x00000042   Data   RO         6256    .conststring        thread.o
    0x0800f28e   0x0800f28e   0x00000002   PAD
    0x0800f290   0x0800f290   0x00000240   Data   RO         6541    .conststring        at_client.o
    0x0800f4d0   0x0800f4d0   0x00000015   Data   RO          494    .rodata.name        drv_common.o
    0x0800f4e5   0x0800f4e5   0x000001b8   Data   RO         4774    .rodata.name        cmd.o
    0x0800f69d   0x0800f69d   0x00000066   Data   RO         4885    .rodata.name        msh.o
    0x0800f703   0x0800f703   0x00000001   PAD
    0x0800f704   0x0800f704   0x00000004   Data   RO          223    .rti_fn.0           startup.o
    0x0800f708   0x0800f708   0x00000004   Data   RO          224    .rti_fn.0.end       startup.o
    0x0800f70c   0x0800f70c   0x00000004   Data   RO          225    .rti_fn.1.end       startup.o
    0x0800f710   0x0800f710   0x00000004   Data   RO         4967    .rti_fn.6           shell.o
    0x0800f714   0x0800f714   0x00000004   Data   RO          226    .rti_fn.6.end       startup.o
    0x0800f718   0x0800f718   0x0000000c   Data   RO          495    FSymTab             drv_common.o
    0x0800f724   0x0800f724   0x0000009c   Data   RO         4775    FSymTab             cmd.o
    0x0800f7c0   0x0800f7c0   0x00000024   Data   RO         4886    FSymTab             msh.o
    0x0800f7e4   0x0800f7e4   0x00000020   Data   RO         7199    Region$$Table       anon$$obj.o
    0x0800f804   0x0800f804   0x0000001c   Data   RO         6948    locale$$data        c_w.l(lc_numeric_c.o)
    0x0800f820   0x0800f820   0x00000110   Data   RO         6999    locale$$data        c_w.l(lc_ctype_c.o)


    Execution Region RW_IRAM1 (Exec base: 0x20000000, Load base: 0x0800f930, Size: 0x00000ff8, Max: 0x00010000, ABSOLUTE, COMPRESSED[0x000000c0])

    Exec Addr    Load Addr    Size         Type   Attr      Idx    E Section Name        Object

    0x20000000   COMPRESSED   0x00000004   Data   RW          493    .data               drv_common.o
    0x20000004   COMPRESSED   0x000000c4   Data   RW          606    .data               drv_gpio.o
    0x200000c8   COMPRESSED   0x0000009c   Data   RW          731    .data               drv_usart.o
    0x20000164   COMPRESSED   0x00000004   Data   RW          919    .data               system_stm32f4xx.o
    0x20000168   COMPRESSED   0x00000009   Data   RW          980    .data               stm32f4xx_hal.o
    0x20000171   COMPRESSED   0x00000003   PAD
    0x20000174   COMPRESSED   0x00000004   Data   RW         4132    .data               serial.o
    0x20000178   COMPRESSED   0x00000010   Data   RW         4966    .data               shell.o
    0x20000188   COMPRESSED   0x00000010   Data   RW         5076    .data               cpuport.o
    0x20000198   COMPRESSED   0x00000004   Data   RW         5134    .data               clock.o
    0x2000019c   COMPRESSED   0x00000008   Data   RW         5267    .data               idle.o
    0x200001a4   COMPRESSED   0x00000009   Data   RW         5611    .data               irq.o
    0x200001ad   COMPRESSED   0x00000003   PAD
    0x200001b0   COMPRESSED   0x00000018   Data   RW         5689    .data               kservice.o
    0x200001c8   COMPRESSED   0x000000b4   Data   RW         6044    .data               object.o
    0x2000027c   COMPRESSED   0x00000018   Data   RW         6153    .data               scheduler.o
    0x20000294   COMPRESSED   0x0000000c   Data   RW         6257    .data               thread.o
    0x200002a0   COMPRESSED   0x00000014   Data   RW         6396    .data               timer.o
    0x200002b4   COMPRESSED   0x00000004   Data   RW         6542    .data               at_client.o
    0x200002b8   COMPRESSED   0x00000004   Data   RW         6669    .data               at_utils.o
    0x200002bc        -       0x0000042c   Zero   RW          728    .bss                drv_usart.o
    0x200006e8        -       0x00000044   Zero   RW         4048    .bss                pin.o
    0x2000072c        -       0x00000081   Zero   RW         4964    .bss                shell.o
    0x200007ad   COMPRESSED   0x00000003   PAD
    0x200007b0        -       0x00000190   Zero   RW         5266    .bss                idle.o
    0x20000940        -       0x000000a4   Zero   RW         5687    .bss                kservice.o
    0x200009e4        -       0x00000100   Zero   RW         6151    .bss                scheduler.o
    0x20000ae4        -       0x00000034   Zero   RW         6539    .bss                at_client.o
    0x20000b18        -       0x00000080   Zero   RW         6668    .bss                at_utils.o
    0x20000b98        -       0x00000060   Zero   RW         6987    .bss                c_w.l(libspace.o)
    0x20000bf8        -       0x00000000   Zero   RW          907    HEAP                startup_stm32f401xc.o
    0x20000bf8        -       0x00000400   Zero   RW          906    STACK               startup_stm32f401xc.o


==============================================================================

Image component sizes


      Code (inc. data)   RO Data    RW Data    ZI Data      Debug   Object Name

      2996        902        791          4         52      17935   at_client.o
       132         22          0          4        128       2833   at_utils.o
       510        172          0          0          0       5545   at_wifi.o
       208         24          0          0          0       1021   board.o
       148         12          0          4          0       2136   clock.o
      3600       1296       1117          0          0      20503   cmd.o
       700        280         57          0          0       6267   completion.o
       308         28          0          0          0        812   context_rvds.o
      1512        746          0         16          0       7268   cpuport.o
      2304        728        134          0          0      12020   dataqueue.o
      1050        480        186          0          0       7832   device.o
       344        102         33          4          0      37143   drv_common.o
      1680         56         92        196          0      13201   drv_gpio.o
      2932        558        290        156       1068      48455   drv_usart.o
       280         36          0          8        400       6390   idle.o
      3322       1122        678          0          0      33415   ipc.o
       140         26          0          9          0       2386   irq.o
      2784        352         67         24        164      22590   kservice.o
       130          0          0          0          0     411993   main.o
      1528        554        493          0          0       6449   mem.o
       946        200        152          0          0       8772   msh.o
      1032        332        128        180          0      10998   object.o
       456        148        136          0         68       8193   pin.o
       214         32        233          0          0       9020   ringbuffer.o
      1076        256         78         24        256       7784   scheduler.o
      4462        956        415          4          0      19567   serial.o
      2328        314        139         16        129      11750   shell.o
       270         60         36          0          0       5652   startup.o
        60         22        404          0       1024        964   startup_stm32f401xc.o
        60          6          0          9          0       7182   stm32f4xx_hal.o
       372         28          0          0          0      35653   stm32f4xx_hal_cortex.o
      1548         16          8          0          0       8331   stm32f4xx_hal_dma.o
       824         68          0          0          0       4648   stm32f4xx_hal_gpio.o
       552         52          0          0          0       2618   stm32f4xx_hal_msp.o
      1820         84          0          0          0       6052   stm32f4xx_hal_rcc.o
      2844         38          0          0          0      16767   stm32f4xx_hal_uart.o
        18          0          0          0          0       2839   stm32f4xx_it.o
        20          6         24          4          0       1579   system_stm32f4xx.o
      2022        604        253         12          0      15010   thread.o
      1594        492        108         20          0      11245   timer.o
         0          0          0          0          0       2524   waitqueue.o
         0          0          0          0          0       2452   workqueue.o

    ----------------------------------------------------------------------
     49166      11210       6098        700       3292     865794   Object Totals
         0          0         32          0          0          0   (incl. Generated)
        40          0         14          6          3          0   (incl. Padding)

    ----------------------------------------------------------------------

      Code (inc. data)   RO Data    RW Data    ZI Data      Debug   Library Member Name

        90          0          0          0          0          0   __dczerorl2.o
         8          0          0          0          0         68   __main.o
       392          4         17          0          0         92   __printf_flags_ss_wp.o
        14          0          0          0          0         68   __printf_wp.o
         0          0          0          0          0          0   __rtentry.o
        12          0          0          0          0          0   __rtentry2.o
         6          0          0          0          0          0   __rtentry4.o
        52          8          0          0          0          0   __scatter.o
        28          0          0          0          0          0   __scatter_zi.o
         6          0          0          0          0          0   _printf_a.o
         6          0          0          0          0          0   _printf_c.o
        44          0          0          0          0        108   _printf_char.o
        48          6          0          0          0         96   _printf_char_common.o
        40          0          0          0          0         68   _printf_charcount.o
         6          0          0          0          0          0   _printf_d.o
       120         16          0          0          0         92   _printf_dec.o
         6          0          0          0          0          0   _printf_e.o
         6          0          0          0          0          0   _printf_f.o
      1054          0          0          0          0        216   _printf_fp_dec.o
       764          8         38          0          0        100   _printf_fp_hex.o
       128         16          0          0          0         84   _printf_fp_infnan.o
         6          0          0          0          0          0   _printf_g.o
       148          4         40          0          0        160   _printf_hex_int_ll_ptr.o
         6          0          0          0          0          0   _printf_i.o
       178          0          0          0          0         88   _printf_intcommon.o
        10          0          0          0          0          0   _printf_l.o
         6          0          0          0          0          0   _printf_lc.o
        10          0          0          0          0          0   _printf_ll.o
         6          0          0          0          0          0   _printf_lld.o
         6          0          0          0          0          0   _printf_lli.o
         6          0          0          0          0          0   _printf_llo.o
         6          0          0          0          0          0   _printf_llu.o
         6          0          0          0          0          0   _printf_llx.o
       124         16          0          0          0         92   _printf_longlong_dec.o
         6          0          0          0          0          0   _printf_ls.o
         6          0          0          0          0          0   _printf_n.o
         6          0          0          0          0          0   _printf_o.o
       112         10          0          0          0        124   _printf_oct_int_ll.o
         6          0          0          0          0          0   _printf_p.o
        78          0          0          0          0        108   _printf_pad.o
         0          0          0          0          0          0   _printf_percent.o
         4          0          0          0          0          0   _printf_percent_end.o
         6          0          0          0          0          0   _printf_s.o
        82          0          0          0          0         80   _printf_str.o
        36          0          0          0          0         84   _printf_truncate.o
         6          0          0          0          0          0   _printf_u.o
        44          0          0          0          0        108   _printf_wchar.o
       188          6          8          0          0         92   _printf_wctomb.o
         6          0          0          0          0          0   _printf_x.o
        16          0          0          0          0         68   _snputc.o
        10          0          0          0          0         68   _sputc.o
        64          0          0          0          0         92   _wcrtomb.o
       228          4        148          0          0         96   bigflt0.o
      1936        128          0          0          0        672   btod.o
        18          0          0          0          0         80   exit.o
         6          0          0          0          0        152   heapauxi.o
         0          0          0          0          0          0   indicate_semi.o
        44         10        272          0          0         76   lc_ctype_c.o
        44         10         28          0          0         76   lc_numeric_c.o
         2          0          0          0          0          0   libinit.o
        34          0          0          0          0          0   libinit2.o
         2          0          0          0          0          0   libshutdown.o
         2          0          0          0          0          0   libshutdown2.o
         8          4          0          0         96         68   libspace.o
       138          0          0          0          0         80   lludiv10.o
       238          0          0          0          0        100   lludivv7m.o
        88          0          0          0          0         76   memcmp.o
        16          4          0          0          0         76   rt_ctype_table.o
         8          4          0          0          0         68   rt_locale_intlibspace.o
        68          0          0          0          0         68   rt_memclr.o
        78          0          0          0          0         80   rt_memclr_w.o
       138          0          0          0          0         68   rt_memcpy_v6.o
       100          0          0          0          0         80   rt_memcpy_w.o
         2          0          0          0          0          0   rtexit.o
        10          0          0          0          0          0   rtexit2.o
        24          0          0          0          0         68   strcat.o
       128          0          0          0          0         68   strcmpv7m.o
        72          0          0          0          0         80   strcpy.o
        62          0          0          0          0         76   strlen.o
       150          0          0          0          0         80   strncmp.o
        86          0          0          0          0         76   strncpy.o
        12          4          0          0          0         68   sys_exit.o
        74          0          0          0          0         80   sys_stackheap_outer.o
         2          0          0          0          0         68   use_no_semi.o
        52          4          0          0          0         80   vsnprintf.o
        10          0          0          0          0        116   fpinit.o
         4          0          0          0          0        116   printf1.o
         4          0          0          0          0        116   printf2.o
         0          0          0          0          0          0   usenofp.o
        48          0          0          0          0        124   fpclassify.o

    ----------------------------------------------------------------------
      7976        266        552          0         96       5288   Library Totals
        16          0          1          0          0          0   (incl. Padding)

    ----------------------------------------------------------------------

      Code (inc. data)   RO Data    RW Data    ZI Data      Debug   Library Name

      7894        266        551          0         96       4816   c_w.l
        18          0          0          0          0        348   fz_wm.l
        48          0          0          0          0        124   m_wm.l

    ----------------------------------------------------------------------
      7976        266        552          0         96       5288   Library Totals

    ----------------------------------------------------------------------

==============================================================================


      Code (inc. data)   RO Data    RW Data    ZI Data      Debug   

     57142      11476       6650        700       3388     833178   Grand Totals
     57142      11476       6650        192       3388     833178   ELF Image Totals (compressed)
     57142      11476       6650        192          0          0   ROM Totals

==============================================================================

    Total RO  Size (Code + RO Data)                63792 (  62.30kB)
    Total RW  Size (RW Data + ZI Data)              4088 (   3.99kB)
    Total ROM Size (Code + RO Data + RW Data)      63984 (  62.48kB)

==============================================================================

