Component: ARM Compiler 5.06 update 6 (build 750) Tool: armlink [4d35ed]

==============================================================================

Section Cross References

    bsp_led.o(i.indicator_led_disable) refers to stm32f4xx_hal_gpio.o(i.HAL_GPIO_WritePin) for HAL_GPIO_WritePin
    bsp_led.o(i.indicator_led_enable) refers to stm32f4xx_hal_gpio.o(i.HAL_GPIO_WritePin) for HAL_GPIO_WritePin
    bsp_led.o(i.indicator_led_init) refers to stm32f4xx_hal_gpio.o(i.HAL_GPIO_Init) for HAL_GPIO_Init
    bsp_led.o(i.indicator_led_init) refers to bsp_led.o(i.indicator_led_disable) for indicator_led_disable
    bsp_led.o(i.power_led_disable) refers to stm32f4xx_hal_gpio.o(i.HAL_GPIO_WritePin) for HAL_GPIO_WritePin
    bsp_led.o(i.power_led_enable) refers to stm32f4xx_hal_gpio.o(i.HAL_GPIO_WritePin) for HAL_GPIO_WritePin
    bsp_led.o(i.power_led_init) refers to stm32f4xx_hal_gpio.o(i.HAL_GPIO_Init) for HAL_GPIO_Init
    bsp_led.o(i.power_led_init) refers to bsp_led.o(i.power_led_disable) for power_led_disable
    bsp_led.o(i.status_led_disable) refers to stm32f4xx_hal_gpio.o(i.HAL_GPIO_WritePin) for HAL_GPIO_WritePin
    bsp_led.o(i.status_led_enable) refers to stm32f4xx_hal_gpio.o(i.HAL_GPIO_WritePin) for HAL_GPIO_WritePin
    bsp_led.o(i.status_led_init) refers to stm32f4xx_hal_gpio.o(i.HAL_GPIO_Init) for HAL_GPIO_Init
    bsp_led.o(i.status_led_init) refers to bsp_led.o(i.status_led_disable) for status_led_disable
    main.o(i.SystemClock_Config) refers to stm32f4xx_hal_rcc.o(i.HAL_RCC_OscConfig) for HAL_RCC_OscConfig
    main.o(i.SystemClock_Config) refers to stm32f4xx_hal_rcc.o(i.HAL_RCC_ClockConfig) for HAL_RCC_ClockConfig
    main.o(i.hg_show_version) refers to printfa.o(i.__0printf) for __2printf
    main.o(i.iap_jump_into_app) refers to stm32f4xx_hal.o(i.HAL_Delay) for HAL_Delay
    main.o(i.iap_jump_into_app) refers to main.o(.data) for jump_into_app
    main.o(i.main) refers to stm32f4xx_hal.o(i.HAL_Init) for HAL_Init
    main.o(i.main) refers to main.o(i.SystemClock_Config) for SystemClock_Config
    main.o(i.main) refers to stm32f4xx_hal_cortex.o(i.HAL_SYSTICK_Config) for HAL_SYSTICK_Config
    main.o(i.main) refers to drv_usart.o(i.stm32_uart_init) for stm32_uart_init
    main.o(i.main) refers to main.o(i.hg_show_version) for hg_show_version
    main.o(i.main) refers to bsp_led.o(i.power_led_init) for power_led_init
    main.o(i.main) refers to bsp_led.o(i.indicator_led_init) for indicator_led_init
    main.o(i.main) refers to memseta.o(.text) for __aeabi_memclr4
    main.o(i.main) refers to stmflash.o(i.read_param) for read_param
    main.o(i.main) refers to stmflash.o(i.Flash_EraseSector) for Flash_EraseSector
    main.o(i.main) refers to main.o(i.readBinFileAndWriteFile) for readBinFileAndWriteFile
    main.o(i.main) refers to stmflash.o(i.write_param) for write_param
    main.o(i.main) refers to main.o(i.reboot) for reboot
    main.o(i.main) refers to main.o(i.iap_jump_into_app) for iap_jump_into_app
    main.o(i.main) refers to bsp_led.o(i.indicator_led_enable) for indicator_led_enable
    main.o(i.main) refers to bsp_led.o(i.power_led_disable) for power_led_disable
    main.o(i.main) refers to stm32f4xx_hal.o(i.HAL_Delay) for HAL_Delay
    main.o(i.main) refers to bsp_led.o(i.power_led_enable) for power_led_enable
    main.o(i.main) refers to bsp_led.o(i.indicator_led_disable) for indicator_led_disable
    main.o(i.main) refers to system_stm32f4xx.o(.data) for SystemCoreClock
    main.o(i.main) refers to main.o(.bss) for s_param
    main.o(i.readBinFileAndWriteFile) refers to memseta.o(.text) for __aeabi_memclr4
    main.o(i.readBinFileAndWriteFile) refers to md5.o(i.MD5Init) for MD5Init
    main.o(i.readBinFileAndWriteFile) refers to stmflash.o(i.Flash_Read8BitDatas) for Flash_Read8BitDatas
    main.o(i.readBinFileAndWriteFile) refers to stmflash.o(i.Flash_Write8BitDatas) for Flash_Write8BitDatas
    main.o(i.readBinFileAndWriteFile) refers to md5.o(i.MD5Update) for MD5Update
    main.o(i.readBinFileAndWriteFile) refers to md5.o(i.MD5Final) for MD5Final
    main.o(i.readBinFileAndWriteFile) refers to main.o(i.md5IntToChar) for md5IntToChar
    main.o(i.readBinFileAndWriteFile) refers to memcmp.o(.text) for memcmp
    main.o(i.readBinFileAndWriteFile) refers to main.o(.bss) for bin_buf
    md5.o(i.MD5Final) refers to md5.o(i.MD5EncodeIntToChar) for MD5EncodeIntToChar
    md5.o(i.MD5Final) refers to md5.o(i.MD5Update) for MD5Update
    md5.o(i.MD5Final) refers to md5.o(.data) for PADDING
    md5.o(i.MD5Transform) refers to md5.o(i.MD5DecodeCharToInt) for MD5DecodeCharToInt
    md5.o(i.MD5Update) refers to memcpya.o(.text) for __aeabi_memcpy
    md5.o(i.MD5Update) refers to md5.o(i.MD5Transform) for MD5Transform
    drv_usart.o(i.HAL_UART_MspInit) refers to stm32f4xx_hal_gpio.o(i.HAL_GPIO_Init) for HAL_GPIO_Init
    drv_usart.o(i.fputc) refers to drv_usart.o(.bss) for console
    drv_usart.o(i.rt_kprintf) refers to printfa.o(i.__0vsprintf) for vsprintf
[...]
    Removing stm32f4xx_hal_tim_ex.o(i.HAL_TIMEx_HallSensor_GetState), (8 bytes).
    Removing stm32f4xx_hal_tim_ex.o(i.HAL_TIMEx_HallSensor_Init), (208 bytes).
    Removing stm32f4xx_hal_tim_ex.o(i.HAL_TIMEx_HallSensor_MspDeInit), (2 bytes).
    Removing stm32f4xx_hal_tim_ex.o(i.HAL_TIMEx_HallSensor_MspInit), (2 bytes).
    Removing stm32f4xx_hal_tim_ex.o(i.HAL_TIMEx_HallSensor_Start), (42 bytes).
    Removing stm32f4xx_hal_tim_ex.o(i.HAL_TIMEx_HallSensor_Start_DMA), (144 bytes).
    Removing stm32f4xx_hal_tim_ex.o(i.HAL_TIMEx_HallSensor_Start_IT), (54 bytes).
    Removing stm32f4xx_hal_tim_ex.o(i.HAL_TIMEx_HallSensor_Stop), (56 bytes).
    Removing stm32f4xx_hal_tim_ex.o(i.HAL_TIMEx_HallSensor_Stop_DMA), (74 bytes).
    Removing stm32f4xx_hal_tim_ex.o(i.HAL_TIMEx_HallSensor_Stop_IT), (68 bytes).
    Removing stm32f4xx_hal_tim_ex.o(i.HAL_TIMEx_MasterConfigSynchronization), (84 bytes).
    Removing stm32f4xx_hal_tim_ex.o(i.HAL_TIMEx_OCN_Start), (56 bytes).
    Removing stm32f4xx_hal_tim_ex.o(i.HAL_TIMEx_OCN_Start_DMA), (288 bytes).
    Removing stm32f4xx_hal_tim_ex.o(i.HAL_TIMEx_OCN_Start_IT), (126 bytes).
    Removing stm32f4xx_hal_tim_ex.o(i.HAL_TIMEx_OCN_Stop), (96 bytes).
    Removing stm32f4xx_hal_tim_ex.o(i.HAL_TIMEx_OCN_Stop_DMA), (178 bytes).
    Removing stm32f4xx_hal_tim_ex.o(i.HAL_TIMEx_OCN_Stop_IT), (178 bytes).
    Removing stm32f4xx_hal_tim_ex.o(i.HAL_TIMEx_OnePulseN_Start), (32 bytes).
    Removing stm32f4xx_hal_tim_ex.o(i.HAL_TIMEx_OnePulseN_Start_IT), (56 bytes).
    Removing stm32f4xx_hal_tim_ex.o(i.HAL_TIMEx_OnePulseN_Stop), (96 bytes).
    Removing stm32f4xx_hal_tim_ex.o(i.HAL_TIMEx_OnePulseN_Stop_IT), (120 bytes).
    Removing stm32f4xx_hal_tim_ex.o(i.HAL_TIMEx_PWMN_Start), (56 bytes).
    Removing stm32f4xx_hal_tim_ex.o(i.HAL_TIMEx_PWMN_Start_DMA), (288 bytes).
    Removing stm32f4xx_hal_tim_ex.o(i.HAL_TIMEx_PWMN_Start_IT), (126 bytes).
    Removing stm32f4xx_hal_tim_ex.o(i.HAL_TIMEx_PWMN_Stop), (96 bytes).
    Removing stm32f4xx_hal_tim_ex.o(i.HAL_TIMEx_PWMN_Stop_DMA), (178 bytes).
    Removing stm32f4xx_hal_tim_ex.o(i.HAL_TIMEx_PWMN_Stop_IT), (178 bytes).
    Removing stm32f4xx_hal_tim_ex.o(i.HAL_TIMEx_RemapConfig), (42 bytes).
    Removing stm32f4xx_hal_tim_ex.o(i.TIMEx_DMACommutationCplt), (20 bytes).
    Removing stm32f4xx_hal_tim_ex.o(i.TIMEx_DMACommutationHalfCplt), (20 bytes).
    Removing stm32f4xx_hal_tim_ex.o(i.TIM_CCxNChannelCmd), (34 bytes).
    Removing stm32f4xx_hal_uart.o(.rev16_text), (4 bytes).
    Removing stm32f4xx_hal_uart.o(.revsh_text), (4 bytes).
    Removing stm32f4xx_hal_uart.o(.rrx_text), (6 bytes).
    Removing stm32f4xx_hal_uart.o(i.HAL_HalfDuplex_EnableReceiver), (68 bytes).
    Removing stm32f4xx_hal_uart.o(i.HAL_HalfDuplex_EnableTransmitter), (68 bytes).
    Removing stm32f4xx_hal_uart.o(i.HAL_HalfDuplex_Init), (118 bytes).
    Removing stm32f4xx_hal_uart.o(i.HAL_LIN_Init), (142 bytes).
    Removing stm32f4xx_hal_uart.o(i.HAL_LIN_SendBreak), (62 bytes).
    Removing stm32f4xx_hal_uart.o(i.HAL_MultiProcessor_EnterMuteMode), (62 bytes).
    Removing stm32f4xx_hal_uart.o(i.HAL_MultiProcessor_ExitMuteMode), (62 bytes).
    Removing stm32f4xx_hal_uart.o(i.HAL_MultiProcessor_Init), (154 bytes).
    Removing stm32f4xx_hal_uart.o(i.HAL_UART_Abort), (170 bytes).
    Removing stm32f4xx_hal_uart.o(i.HAL_UART_AbortCpltCallback), (2 bytes).
    Removing stm32f4xx_hal_uart.o(i.HAL_UART_AbortReceive), (102 bytes).
    Removing stm32f4xx_hal_uart.o(i.HAL_UART_AbortReceiveCpltCallback), (2 bytes).
    Removing stm32f4xx_hal_uart.o(i.HAL_UART_AbortReceive_IT), (120 bytes).
    Removing stm32f4xx_hal_uart.o(i.HAL_UART_AbortTransmit), (90 bytes).
    Removing stm32f4xx_hal_uart.o(i.HAL_UART_AbortTransmitCpltCallback), (2 bytes).
    Removing stm32f4xx_hal_uart.o(i.HAL_UART_AbortTransmit_IT), (108 bytes).
    Removing stm32f4xx_hal_uart.o(i.HAL_UART_Abort_IT), (224 bytes).
    Removing stm32f4xx_hal_uart.o(i.HAL_UART_DMAPause), (124 bytes).
    Removing stm32f4xx_hal_uart.o(i.HAL_UART_DMAResume), (126 bytes).
    Removing stm32f4xx_hal_uart.o(i.HAL_UART_DMAStop), (102 bytes).
    Removing stm32f4xx_hal_uart.o(i.HAL_UART_DeInit), (58 bytes).
    Removing stm32f4xx_hal_uart.o(i.HAL_UART_ErrorCallback), (2 bytes).
    Removing stm32f4xx_hal_uart.o(i.HAL_UART_GetError), (6 bytes).
    Removing stm32f4xx_hal_uart.o(i.HAL_UART_GetState), (20 bytes).
    Removing stm32f4xx_hal_uart.o(i.HAL_UART_IRQHandler), (332 bytes).
    Removing stm32f4xx_hal_uart.o(i.HAL_UART_MspDeInit), (2 bytes).
    Removing stm32f4xx_hal_uart.o(i.HAL_UART_MspInit), (2 bytes).
    Removing stm32f4xx_hal_uart.o(i.HAL_UART_RX_DMAStop), (56 bytes).
    Removing stm32f4xx_hal_uart.o(i.HAL_UART_Receive), (222 bytes).
    Removing stm32f4xx_hal_uart.o(i.HAL_UART_Receive_DMA), (196 bytes).
    Removing stm32f4xx_hal_uart.o(i.HAL_UART_Receive_IT), (112 bytes).
    Removing stm32f4xx_hal_uart.o(i.HAL_UART_RxCpltCallback), (2 bytes).
    Removing stm32f4xx_hal_uart.o(i.HAL_UART_RxHalfCpltCallback), (2 bytes).
    Removing stm32f4xx_hal_uart.o(i.HAL_UART_Transmit), (214 bytes).
    Removing stm32f4xx_hal_uart.o(i.HAL_UART_Transmit_DMA), (156 bytes).
    Removing stm32f4xx_hal_uart.o(i.HAL_UART_Transmit_IT), (88 bytes).
    Removing stm32f4xx_hal_uart.o(i.HAL_UART_TxCpltCallback), (2 bytes).
    Removing stm32f4xx_hal_uart.o(i.HAL_UART_TxHalfCpltCallback), (2 bytes).
    Removing stm32f4xx_hal_uart.o(i.UART_DMAAbortOnError), (20 bytes).
    Removing stm32f4xx_hal_uart.o(i.UART_DMAError), (80 bytes).
    Removing stm32f4xx_hal_uart.o(i.UART_DMAReceiveCplt), (70 bytes).
    Removing stm32f4xx_hal_uart.o(i.UART_DMARxAbortCallback), (52 bytes).
    Removing stm32f4xx_hal_uart.o(i.UART_DMARxHalfCplt), (14 bytes).
    Removing stm32f4xx_hal_uart.o(i.UART_DMARxOnlyAbortCallback), (24 bytes).
    Removing stm32f4xx_hal_uart.o(i.UART_DMATransmitCplt), (54 bytes).
    Removing stm32f4xx_hal_uart.o(i.UART_DMATxAbortCallback), (52 bytes).
    Removing stm32f4xx_hal_uart.o(i.UART_DMATxHalfCplt), (14 bytes).
    Removing stm32f4xx_hal_uart.o(i.UART_DMATxOnlyAbortCallback), (24 bytes).
    Removing stm32f4xx_hal_uart.o(i.UART_EndRxTransfer), (32 bytes).
    Removing stm32f4xx_hal_uart.o(i.UART_EndTransmit_IT), (32 bytes).
    Removing stm32f4xx_hal_uart.o(i.UART_EndTxTransfer), (20 bytes).
    Removing stm32f4xx_hal_uart.o(i.UART_Receive_IT), (166 bytes).
    Removing stm32f4xx_hal_uart.o(i.UART_Transmit_IT), (104 bytes).
    Removing stm32f4xx_hal_uart.o(i.UART_WaitOnFlagUntilTimeout), (108 bytes).
    Removing stm32f4xx_hal_usart.o(.rev16_text), (4 bytes).
    Removing stm32f4xx_hal_usart.o(.revsh_text), (4 bytes).
    Removing stm32f4xx_hal_usart.o(.rrx_text), (6 bytes).
    Removing stm32f4xx_hal_usart.o(i.HAL_USART_Abort), (126 bytes).
    Removing stm32f4xx_hal_usart.o(i.HAL_USART_AbortCpltCallback), (2 bytes).
    Removing stm32f4xx_hal_usart.o(i.HAL_USART_Abort_IT), (220 bytes).
    Removing stm32f4xx_hal_usart.o(i.HAL_USART_DMAPause), (50 bytes).
    Removing stm32f4xx_hal_usart.o(i.HAL_USART_DMAResume), (50 bytes).
    Removing stm32f4xx_hal_usart.o(i.HAL_USART_DMAStop), (102 bytes).
    Removing stm32f4xx_hal_usart.o(i.HAL_USART_DeInit), (54 bytes).
    Removing stm32f4xx_hal_usart.o(i.HAL_USART_ErrorCallback), (2 bytes).
    Removing stm32f4xx_hal_usart.o(i.HAL_USART_GetError), (6 bytes).
    Removing stm32f4xx_hal_usart.o(i.HAL_USART_GetState), (8 bytes).
    Removing stm32f4xx_hal_usart.o(i.HAL_USART_IRQHandler), (384 bytes).
    Removing stm32f4xx_hal_usart.o(i.HAL_USART_Init), (90 bytes).
    Removing stm32f4xx_hal_usart.o(i.HAL_USART_MspDeInit), (2 bytes).
    Removing stm32f4xx_hal_usart.o(i.HAL_USART_MspInit), (2 bytes).
    Removing stm32f4xx_hal_usart.o(i.HAL_USART_Receive), (278 bytes).
    Removing stm32f4xx_hal_usart.o(i.HAL_USART_Receive_DMA), (248 bytes).
    Removing stm32f4xx_hal_usart.o(i.HAL_USART_Receive_IT), (108 bytes).
    Removing stm32f4xx_hal_usart.o(i.HAL_USART_RxCpltCallback), (2 bytes).
    Removing stm32f4xx_hal_usart.o(i.HAL_USART_RxHalfCpltCallback), (2 bytes).
    Removing stm32f4xx_hal_usart.o(i.HAL_USART_Transmit), (214 bytes).
    Removing stm32f4xx_hal_usart.o(i.HAL_USART_TransmitReceive), (320 bytes).
    Removing stm32f4xx_hal_usart.o(i.HAL_USART_TransmitReceive_DMA), (268 bytes).
    Removing stm32f4xx_hal_usart.o(i.HAL_USART_TransmitReceive_IT), (132 bytes).
    Removing stm32f4xx_hal_usart.o(i.HAL_USART_Transmit_DMA), (156 bytes).
    Removing stm32f4xx_hal_usart.o(i.HAL_USART_Transmit_IT), (88 bytes).
    Removing stm32f4xx_hal_usart.o(i.HAL_USART_TxCpltCallback), (2 bytes).
    Removing stm32f4xx_hal_usart.o(i.HAL_USART_TxHalfCpltCallback), (2 bytes).
    Removing stm32f4xx_hal_usart.o(i.HAL_USART_TxRxCpltCallback), (2 bytes).
    Removing stm32f4xx_hal_usart.o(i.USART_DMAAbortOnError), (20 bytes).
    Removing stm32f4xx_hal_usart.o(i.USART_DMAError), (84 bytes).
    Removing stm32f4xx_hal_usart.o(i.USART_DMAReceiveCplt), (122 bytes).
    Removing stm32f4xx_hal_usart.o(i.USART_DMARxAbortCallback), (48 bytes).
    Removing stm32f4xx_hal_usart.o(i.USART_DMARxHalfCplt), (14 bytes).
    Removing stm32f4xx_hal_usart.o(i.USART_DMATransmitCplt), (70 bytes).
    Removing stm32f4xx_hal_usart.o(i.USART_DMATxAbortCallback), (48 bytes).
    Removing stm32f4xx_hal_usart.o(i.USART_DMATxHalfCplt), (14 bytes).
    Removing stm32f4xx_hal_usart.o(i.USART_EndRxTransfer), (32 bytes).
    Removing stm32f4xx_hal_usart.o(i.USART_EndTransmit_IT), (44 bytes).
    Removing stm32f4xx_hal_usart.o(i.USART_EndTxTransfer), (20 bytes).
    Removing stm32f4xx_hal_usart.o(i.USART_Receive_IT), (194 bytes).
    Removing stm32f4xx_hal_usart.o(i.USART_SetConfig), (332 bytes).
    Removing stm32f4xx_hal_usart.o(i.USART_TransmitReceive_IT), (270 bytes).
    Removing stm32f4xx_hal_usart.o(i.USART_Transmit_IT), (104 bytes).
    Removing stm32f4xx_hal_usart.o(i.USART_WaitOnFlagUntilTimeout), (128 bytes).
    Removing stm32f4xx_hal_wwdg.o(.rev16_text), (4 bytes).
    Removing stm32f4xx_hal_wwdg.o(.revsh_text), (4 bytes).
    Removing stm32f4xx_hal_wwdg.o(.rrx_text), (6 bytes).
    Removing stm32f4xx_ll_fmc.o(.rev16_text), (4 bytes).
    Removing stm32f4xx_ll_fmc.o(.revsh_text), (4 bytes).
    Removing stm32f4xx_ll_fmc.o(.rrx_text), (6 bytes).
    Removing stm32f4xx_ll_fsmc.o(.rev16_text), (4 bytes).
    Removing stm32f4xx_ll_fsmc.o(.revsh_text), (4 bytes).
    Removing stm32f4xx_ll_fsmc.o(.rrx_text), (6 bytes).
    Removing stm32f4xx_ll_sdmmc.o(.rev16_text), (4 bytes).
    Removing stm32f4xx_ll_sdmmc.o(.revsh_text), (4 bytes).
    Removing stm32f4xx_ll_sdmmc.o(.rrx_text), (6 bytes).
    Removing stm32f4xx_ll_usb.o(.rev16_text), (4 bytes).
    Removing stm32f4xx_ll_usb.o(.revsh_text), (4 bytes).
    Removing stm32f4xx_ll_usb.o(.rrx_text), (6 bytes).
    Removing stm32f4xx_ll_utils.o(.rev16_text), (4 bytes).
    Removing stm32f4xx_ll_utils.o(.revsh_text), (4 bytes).
    Removing stm32f4xx_ll_utils.o(.rrx_text), (6 bytes).
    Removing stm32f4xx_ll_utils.o(i.LL_Init1msTick), (28 bytes).
    Removing stm32f4xx_ll_utils.o(i.LL_PLL_ConfigSystemClock_HSE), (152 bytes).
    Removing stm32f4xx_ll_utils.o(i.LL_PLL_ConfigSystemClock_HSI), (104 bytes).
    Removing stm32f4xx_ll_utils.o(i.LL_RCC_HSE_IsReady), (16 bytes).
    Removing stm32f4xx_ll_utils.o(i.LL_RCC_HSI_IsReady), (16 bytes).
    Removing stm32f4xx_ll_utils.o(i.LL_RCC_PLL_ConfigDomain_SYS), (48 bytes).
    Removing stm32f4xx_ll_utils.o(i.LL_RCC_PLL_IsReady), (16 bytes).
    Removing stm32f4xx_ll_utils.o(i.LL_SetSystemCoreClock), (12 bytes).
    Removing stm32f4xx_ll_utils.o(i.LL_mDelay), (40 bytes).
    Removing stm32f4xx_ll_utils.o(i.UTILS_EnablePLLAndSwitchSystem), (212 bytes).
    Removing stm32f4xx_ll_utils.o(i.UTILS_GetPLLOutputFrequency), (40 bytes).
    Removing stm32f4xx_ll_utils.o(i.UTILS_PLL_IsBusy), (36 bytes).
    Removing stm32f4xx_ll_utils.o(i.UTILS_SetFlashLatency), (148 bytes).

682 unused section(s) (total 43270 bytes) removed from the image.

==============================================================================

Image Symbol Table

    Local Symbols

    Symbol Name                              Value     Ov Type        Size  Object(Section)

    ../clib/microlib/division.c              0x00000000   Number         0  uidiv.o ABSOLUTE
    ../clib/microlib/division.c              0x00000000   Number         0  uldiv.o ABSOLUTE
    ../clib/microlib/init/entry.s            0x00000000   Number         0  entry11b.o ABSOLUTE
    ../clib/microlib/init/entry.s            0x00000000   Number         0  entry9b.o ABSOLUTE
    ../clib/microlib/init/entry.s            0x00000000   Number         0  entry7a.o ABSOLUTE
    ../clib/microlib/init/entry.s            0x00000000   Number         0  entry9a.o ABSOLUTE
    ../clib/microlib/init/entry.s            0x00000000   Number         0  entry8b.o ABSOLUTE
    ../clib/microlib/init/entry.s            0x00000000   Number         0  entry8a.o ABSOLUTE
    ../clib/microlib/init/entry.s            0x00000000   Number         0  entry7b.o ABSOLUTE
    ../clib/microlib/init/entry.s            0x00000000   Number         0  entry5.o ABSOLUTE
    ../clib/microlib/init/entry.s            0x00000000   Number         0  entry2.o ABSOLUTE
    ../clib/microlib/init/entry.s            0x00000000   Number         0  entry.o ABSOLUTE
    ../clib/microlib/init/entry.s            0x00000000   Number         0  entry11a.o ABSOLUTE
    ../clib/microlib/init/entry.s            0x00000000   Number         0  entry10b.o ABSOLUTE
    ../clib/microlib/init/entry.s            0x00000000   Number         0  entry10a.o ABSOLUTE
    ../clib/microlib/longlong.c              0x00000000   Number         0  llushr.o ABSOLUTE
    ../clib/microlib/longlong.c              0x00000000   Number         0  llshl.o ABSOLUTE
    ../clib/microlib/longlong.c              0x00000000   Number         0  llsshr.o ABSOLUTE
    ../clib/microlib/malloc/malloc.c         0x00000000   Number         0  mallocra.o ABSOLUTE
    ../clib/microlib/malloc/malloc.c         0x00000000   Number         0  malloca.o ABSOLUTE
    ../clib/microlib/malloc/malloc.c         0x00000000   Number         0  mallocr.o ABSOLUTE
    ../clib/microlib/malloc/malloc.c         0x00000000   Number         0  malloc.o ABSOLUTE
    ../clib/microlib/malloc/mvars.c          0x00000000   Number         0  mvars.o ABSOLUTE
    ../clib/microlib/printf/printf.c         0x00000000   Number         0  printf1.o ABSOLUTE
    ../clib/microlib/printf/printf.c         0x00000000   Number         0  printf0.o ABSOLUTE
    ../clib/microlib/printf/printf.c         0x00000000   Number         0  printfb.o ABSOLUTE
    ../clib/microlib/printf/printf.c         0x00000000   Number         0  printfa.o ABSOLUTE
    ../clib/microlib/printf/printf.c         0x00000000   Number         0  printf8.o ABSOLUTE
    ../clib/microlib/printf/printf.c         0x00000000   Number         0  printf7.o ABSOLUTE
    ../clib/microlib/printf/printf.c         0x00000000   Number         0  printf6.o ABSOLUTE
    ../clib/microlib/printf/printf.c         0x00000000   Number         0  printf5.o ABSOLUTE
    ../clib/microlib/printf/printf.c         0x00000000   Number         0  printf4.o ABSOLUTE
    ../clib/microlib/printf/printf.c         0x00000000   Number         0  printf3.o ABSOLUTE
    ../clib/microlib/printf/printf.c         0x00000000   Number         0  printf2.o ABSOLUTE
    ../clib/microlib/string/memcmp.c         0x00000000   Number         0  memcmp.o ABSOLUTE
    ../clib/microlib/string/memcpy.c         0x00000000   Number         0  memcpyb.o ABSOLUTE
    ../clib/microlib/string/memcpy.c         0x00000000   Number         0  memcpya.o ABSOLUTE
    ../clib/microlib/string/memset.c         0x00000000   Number         0  memseta.o ABSOLUTE
    ../clib/microlib/stubs.s                 0x00000000   Number         0  useno.o ABSOLUTE
    ../clib/microlib/stubs.s                 0x00000000   Number         0  iusefp.o ABSOLUTE
    ../fplib/microlib/fpadd.c                0x00000000   Number         0  dadd.o ABSOLUTE
    ../fplib/microlib/fpdiv.c                0x00000000   Number         0  ddiv.o ABSOLUTE
    ../fplib/microlib/fpepilogue.c           0x00000000   Number         0  depilogue.o ABSOLUTE
    ../fplib/microlib/fpfix.c                0x00000000   Number         0  dfixul.o ABSOLUTE
    ../fplib/microlib/fpmul.c                0x00000000   Number         0  dmul.o ABSOLUTE
    application\\bsp_led.c                   0x00000000   Number         0  bsp_led.o ABSOLUTE
    application\\main.c                      0x00000000   Number         0  main.o ABSOLUTE
    application\bsp_led.c                    0x00000000   Number         0  bsp_led.o ABSOLUTE
    application\main.c                       0x00000000   Number         0  main.o ABSOLUTE
    application\md5.c                        0x00000000   Number         0  md5.o ABSOLUTE
    bsp_driver\\src\\drv_usart.c             0x00000000   Number         0  drv_usart.o ABSOLUTE
    bsp_driver\\src\\stm32f4xx_it.c          0x00000000   Number         0  stm32f4xx_it.o ABSOLUTE
    bsp_driver\\src\\stmflash.c              0x00000000   Number         0  stmflash.o ABSOLUTE
    bsp_driver\src\drv_usart.c               0x00000000   Number         0  drv_usart.o ABSOLUTE
    bsp_driver\src\stm32f4xx_it.c            0x00000000   Number         0  stm32f4xx_it.o ABSOLUTE
    bsp_driver\src\stmflash.c                0x00000000   Number         0  stmflash.o ABSOLUTE
    cdrcmple.s                               0x00000000   Number         0  cdrcmple.o ABSOLUTE
    dc.s                                     0x00000000   Number         0  dc.o ABSOLUTE
    hal_driver\CMSIS\Device\ST\STM32F4xx\Source\startup_stm32f401xc.s 0x00000000   Number         0  startup_stm32f401xc.o ABSOLUTE
    hal_driver\CMSIS\Device\ST\STM32F4xx\Source\system_stm32f4xx.c 0x00000000   Number         0  system_stm32f4xx.o ABSOLUTE
    hal_driver\STM32F4xx_HAL_Driver\Src\stm32f4xx_hal.c 0x00000000   Number         0  stm32f4xx_hal.o ABSOLUTE
    hal_driver\STM32F4xx_HAL_Driver\Src\stm32f4xx_hal_adc.c 0x00000000   Number         0  stm32f4xx_hal_adc.o ABSOLUTE
    hal_driver\STM32F4xx_HAL_Driver\Src\stm32f4xx_hal_adc_ex.c 0x00000000   Number         0  stm32f4xx_hal_adc_ex.o ABSOLUTE
    hal_driver\STM32F4xx_HAL_Driver\Src\stm32f4xx_hal_can.c 0x00000000   Number         0  stm32f4xx_hal_can.o ABSOLUTE
    hal_driver\STM32F4xx_HAL_Driver\Src\stm32f4xx_hal_cec.c 0x00000000   Number         0  stm32f4xx_hal_cec.o ABSOLUTE
    hal_driver\STM32F4xx_HAL_Driver\Src\stm32f4xx_hal_cortex.c 0x00000000   Number         0  stm32f4xx_hal_cortex.o ABSOLUTE
    hal_driver\STM32F4xx_HAL_Driver\Src\stm32f4xx_hal_crc.c 0x00000000   Number         0  stm32f4xx_hal_crc.o ABSOLUTE
    hal_driver\STM32F4xx_HAL_Driver\Src\stm32f4xx_hal_cryp.c 0x00000000   Number         0  stm32f4xx_hal_cryp.o ABSOLUTE
    hal_driver\STM32F4xx_HAL_Driver\Src\stm32f4xx_hal_cryp_ex.c 0x00000000   Number         0  stm32f4xx_hal_cryp_ex.o ABSOLUTE
    hal_driver\STM32F4xx_HAL_Driver\Src\stm32f4xx_hal_dac.c 0x00000000   Number         0  stm32f4xx_hal_dac.o ABSOLUTE
    hal_driver\STM32F4xx_HAL_Driver\Src\stm32f4xx_hal_dac_ex.c 0x00000000   Number         0  stm32f4xx_hal_dac_ex.o ABSOLUTE
    hal_driver\STM32F4xx_HAL_Driver\Src\stm32f4xx_hal_dcmi.c 0x00000000   Number         0  stm32f4xx_hal_dcmi.o ABSOLUTE
    hal_driver\STM32F4xx_HAL_Driver\Src\stm32f4xx_hal_dcmi_ex.c 0x00000000   Number         0  stm32f4xx_hal_dcmi_ex.o ABSOLUTE
    hal_driver\STM32F4xx_HAL_Driver\Src\stm32f4xx_hal_dfsdm.c 0x00000000   Number         0  stm32f4xx_hal_dfsdm.o ABSOLUTE
    hal_driver\STM32F4xx_HAL_Driver\Src\stm32f4xx_hal_dma.c 0x00000000   Number         0  stm32f4xx_hal_dma.o ABSOLUTE
    hal_driver\STM32F4xx_HAL_Driver\Src\stm32f4xx_hal_dma2d.c 0x00000000   Number         0  stm32f4xx_hal_dma2d.o ABSOLUTE
    hal_driver\STM32F4xx_HAL_Driver\Src\stm32f4xx_hal_dma_ex.c 0x00000000   Number         0  stm32f4xx_hal_dma_ex.o ABSOLUTE
    hal_driver\STM32F4xx_HAL_Driver\Src\stm32f4xx_hal_dsi.c 0x00000000   Number         0  stm32f4xx_hal_dsi.o ABSOLUTE
    hal_driver\STM32F4xx_HAL_Driver\Src\stm32f4xx_hal_eth.c 0x00000000   Number         0  stm32f4xx_hal_eth.o ABSOLUTE
    hal_driver\STM32F4xx_HAL_Driver\Src\stm32f4xx_hal_exti.c 0x00000000   Number         0  stm32f4xx_hal_exti.o ABSOLUTE
    hal_driver\STM32F4xx_HAL_Driver\Src\stm32f4xx_hal_flash.c 0x00000000   Number         0  stm32f4xx_hal_flash.o ABSOLUTE
    hal_driver\STM32F4xx_HAL_Driver\Src\stm32f4xx_hal_flash_ex.c 0x00000000   Number         0  stm32f4xx_hal_flash_ex.o ABSOLUTE
    hal_driver\STM32F4xx_HAL_Driver\Src\stm32f4xx_hal_flash_ramfunc.c 0x00000000   Number         0  stm32f4xx_hal_flash_ramfunc.o ABSOLUTE
    hal_driver\STM32F4xx_HAL_Driver\Src\stm32f4xx_hal_fmpi2c.c 0x00000000   Number         0  stm32f4xx_hal_fmpi2c.o ABSOLUTE
    hal_driver\STM32F4xx_HAL_Driver\Src\stm32f4xx_hal_fmpi2c_ex.c 0x00000000   Number         0  stm32f4xx_hal_fmpi2c_ex.o ABSOLUTE
    hal_driver\STM32F4xx_HAL_Driver\Src\stm32f4xx_hal_gpio.c 0x00000000   Number         0  stm32f4xx_hal_gpio.o ABSOLUTE
    hal_driver\STM32F4xx_HAL_Driver\Src\stm32f4xx_hal_hash.c 0x00000000   Number         0  stm32f4xx_hal_hash.o ABSOLUTE
    hal_driver\STM32F4xx_HAL_Driver\Src\stm32f4xx_hal_hash_ex.c 0x00000000   Number         0  stm32f4xx_hal_hash_ex.o ABSOLUTE
    hal_driver\STM32F4xx_HAL_Driver\Src\stm32f4xx_hal_hcd.c 0x00000000   Number         0  stm32f4xx_hal_hcd.o ABSOLUTE
    hal_driver\STM32F4xx_HAL_Driver\Src\stm32f4xx_hal_i2c.c 0x00000000   Number         0  stm32f4xx_hal_i2c.o ABSOLUTE
    hal_driver\STM32F4xx_HAL_Driver\Src\stm32f4xx_hal_i2c_ex.c 0x00000000   Number         0  stm32f4xx_hal_i2c_ex.o ABSOLUTE
    hal_driver\STM32F4xx_HAL_Driver\Src\stm32f4xx_hal_i2s.c 0x00000000   Number         0  stm32f4xx_hal_i2s.o ABSOLUTE
    hal_driver\STM32F4xx_HAL_Driver\Src\stm32f4xx_hal_i2s_ex.c 0x00000000   Number         0  stm32f4xx_hal_i2s_ex.o ABSOLUTE
    hal_driver\STM32F4xx_HAL_Driver\Src\stm32f4xx_hal_irda.c 0x00000000   Number         0  stm32f4xx_hal_irda.o ABSOLUTE
    hal_driver\STM32F4xx_HAL_Driver\Src\stm32f4xx_hal_iwdg.c 0x00000000   Number         0  stm32f4xx_hal_iwdg.o ABSOLUTE
    hal_driver\STM32F4xx_HAL_Driver\Src\stm32f4xx_hal_lptim.c 0x00000000   Number         0  stm32f4xx_hal_lptim.o ABSOLUTE
    hal_driver\STM32F4xx_HAL_Driver\Src\stm32f4xx_hal_ltdc.c 0x00000000   Number         0  stm32f4xx_hal_ltdc.o ABSOLUTE
    hal_driver\STM32F4xx_HAL_Driver\Src\stm32f4xx_hal_ltdc_ex.c 0x00000000   Number         0  stm32f4xx_hal_ltdc_ex.o ABSOLUTE
    hal_driver\STM32F4xx_HAL_Driver\Src\stm32f4xx_hal_mmc.c 0x00000000   Number         0  stm32f4xx_hal_mmc.o ABSOLUTE
    hal_driver\STM32F4xx_HAL_Driver\Src\stm32f4xx_hal_nand.c 0x00000000   Number         0  stm32f4xx_hal_nand.o ABSOLUTE
    hal_driver\STM32F4xx_HAL_Driver\Src\stm32f4xx_hal_nor.c 0x00000000   Number         0  stm32f4xx_hal_nor.o ABSOLUTE
    hal_driver\STM32F4xx_HAL_Driver\Src\stm32f4xx_hal_pccard.c 0x00000000   Number         0  stm32f4xx_hal_pccard.o ABSOLUTE
    hal_driver\STM32F4xx_HAL_Driver\Src\stm32f4xx_hal_pcd.c 0x00000000   Number         0  stm32f4xx_hal_pcd.o ABSOLUTE
    hal_driver\STM32F4xx_HAL_Driver\Src\stm32f4xx_hal_pcd_ex.c 0x00000000   Number         0  stm32f4xx_hal_pcd_ex.o ABSOLUTE
    hal_driver\STM32F4xx_HAL_Driver\Src\stm32f4xx_hal_pwr.c 0x00000000   Number         0  stm32f4xx_hal_pwr.o ABSOLUTE
    hal_driver\STM32F4xx_HAL_Driver\Src\stm32f4xx_hal_pwr_ex.c 0x00000000   Number         0  stm32f4xx_hal_pwr_ex.o ABSOLUTE
    hal_driver\STM32F4xx_HAL_Driver\Src\stm32f4xx_hal_qspi.c 0x00000000   Number         0  stm32f4xx_hal_qspi.o ABSOLUTE
    hal_driver\STM32F4xx_HAL_Driver\Src\stm32f4xx_hal_rcc.c 0x00000000   Number         0  stm32f4xx_hal_rcc.o ABSOLUTE
    hal_driver\STM32F4xx_HAL_Driver\Src\stm32f4xx_hal_rcc_ex.c 0x00000000   Number         0  stm32f4xx_hal_rcc_ex.o ABSOLUTE
    hal_driver\STM32F4xx_HAL_Driver\Src\stm32f4xx_hal_rng.c 0x00000000   Number         0  stm32f4xx_hal_rng.o ABSOLUTE
    hal_driver\STM32F4xx_HAL_Driver\Src\stm32f4xx_hal_rtc.c 0x00000000   Number         0  stm32f4xx_hal_rtc.o ABSOLUTE
    hal_driver\STM32F4xx_HAL_Driver\Src\stm32f4xx_hal_rtc_ex.c 0x00000000   Number         0  stm32f4xx_hal_rtc_ex.o ABSOLUTE
    hal_driver\STM32F4xx_HAL_Driver\Src\stm32f4xx_hal_sai.c 0x00000000   Number         0  stm32f4xx_hal_sai.o ABSOLUTE
    hal_driver\STM32F4xx_HAL_Driver\Src\stm32f4xx_hal_sai_ex.c 0x00000000   Number         0  stm32f4xx_hal_sai_ex.o ABSOLUTE
    hal_driver\STM32F4xx_HAL_Driver\Src\stm32f4xx_hal_sd.c 0x00000000   Number         0  stm32f4xx_hal_sd.o ABSOLUTE
    hal_driver\STM32F4xx_HAL_Driver\Src\stm32f4xx_hal_sdram.c 0x00000000   Number         0  stm32f4xx_hal_sdram.o ABSOLUTE
    hal_driver\STM32F4xx_HAL_Driver\Src\stm32f4xx_hal_smartcard.c 0x00000000   Number         0  stm32f4xx_hal_smartcard.o ABSOLUTE
    hal_driver\STM32F4xx_HAL_Driver\Src\stm32f4xx_hal_smbus.c 0x00000000   Number         0  stm32f4xx_hal_smbus.o ABSOLUTE
    hal_driver\STM32F4xx_HAL_Driver\Src\stm32f4xx_hal_spdifrx.c 0x00000000   Number         0  stm32f4xx_hal_spdifrx.o ABSOLUTE
    hal_driver\STM32F4xx_HAL_Driver\Src\stm32f4xx_hal_spi.c 0x00000000   Number         0  stm32f4xx_hal_spi.o ABSOLUTE
    hal_driver\STM32F4xx_HAL_Driver\Src\stm32f4xx_hal_sram.c 0x00000000   Number         0  stm32f4xx_hal_sram.o ABSOLUTE
    hal_driver\STM32F4xx_HAL_Driver\Src\stm32f4xx_hal_tim.c 0x00000000   Number         0  stm32f4xx_hal_tim.o ABSOLUTE
    hal_driver\STM32F4xx_HAL_Driver\Src\stm32f4xx_hal_tim_ex.c 0x00000000   Number         0  stm32f4xx_hal_tim_ex.o ABSOLUTE
    hal_driver\STM32F4xx_HAL_Driver\Src\stm32f4xx_hal_uart.c 0x00000000   Number         0  stm32f4xx_hal_uart.o ABSOLUTE
    hal_driver\STM32F4xx_HAL_Driver\Src\stm32f4xx_hal_usart.c 0x00000000   Number         0  stm32f4xx_hal_usart.o ABSOLUTE
    hal_driver\STM32F4xx_HAL_Driver\Src\stm32f4xx_hal_wwdg.c 0x00000000   Number         0  stm32f4xx_hal_wwdg.o ABSOLUTE
    hal_driver\STM32F4xx_HAL_Driver\Src\stm32f4xx_ll_adc.c 0x00000000   Number         0  stm32f4xx_ll_adc.o ABSOLUTE
    hal_driver\STM32F4xx_HAL_Driver\Src\stm32f4xx_ll_crc.c 0x00000000   Number         0  stm32f4xx_ll_crc.o ABSOLUTE
    hal_driver\STM32F4xx_HAL_Driver\Src\stm32f4xx_ll_dac.c 0x00000000   Number         0  stm32f4xx_ll_dac.o ABSOLUTE
    hal_driver\STM32F4xx_HAL_Driver\Src\stm32f4xx_ll_dma.c 0x00000000   Number         0  stm32f4xx_ll_dma.o ABSOLUTE
    hal_driver\STM32F4xx_HAL_Driver\Src\stm32f4xx_ll_dma2d.c 0x00000000   Number         0  stm32f4xx_ll_dma2d.o ABSOLUTE
    hal_driver\STM32F4xx_HAL_Driver\Src\stm32f4xx_ll_exti.c 0x00000000   Number         0  stm32f4xx_ll_exti.o ABSOLUTE
    hal_driver\STM32F4xx_HAL_Driver\Src\stm32f4xx_ll_fmc.c 0x00000000   Number         0  stm32f4xx_ll_fmc.o ABSOLUTE
    hal_driver\STM32F4xx_HAL_Driver\Src\stm32f4xx_ll_fsmc.c 0x00000000   Number         0  stm32f4xx_ll_fsmc.o ABSOLUTE
    hal_driver\STM32F4xx_HAL_Driver\Src\stm32f4xx_ll_gpio.c 0x00000000   Number         0  stm32f4xx_ll_gpio.o ABSOLUTE
    hal_driver\STM32F4xx_HAL_Driver\Src\stm32f4xx_ll_i2c.c 0x00000000   Number         0  stm32f4xx_ll_i2c.o ABSOLUTE
    hal_driver\STM32F4xx_HAL_Driver\Src\stm32f4xx_ll_lptim.c 0x00000000   Number         0  stm32f4xx_ll_lptim.o ABSOLUTE
    hal_driver\STM32F4xx_HAL_Driver\Src\stm32f4xx_ll_pwr.c 0x00000000   Number         0  stm32f4xx_ll_pwr.o ABSOLUTE
    hal_driver\STM32F4xx_HAL_Driver\Src\stm32f4xx_ll_rcc.c 0x00000000   Number         0  stm32f4xx_ll_rcc.o ABSOLUTE
    hal_driver\STM32F4xx_HAL_Driver\Src\stm32f4xx_ll_rng.c 0x00000000   Number         0  stm32f4xx_ll_rng.o ABSOLUTE
    hal_driver\STM32F4xx_HAL_Driver\Src\stm32f4xx_ll_rtc.c 0x00000000   Number         0  stm32f4xx_ll_rtc.o ABSOLUTE
    hal_driver\STM32F4xx_HAL_Driver\Src\stm32f4xx_ll_sdmmc.c 0x00000000   Number         0  stm32f4xx_ll_sdmmc.o ABSOLUTE
    hal_driver\STM32F4xx_HAL_Driver\Src\stm32f4xx_ll_spi.c 0x00000000   Number         0  stm32f4xx_ll_spi.o ABSOLUTE
    hal_driver\STM32F4xx_HAL_Driver\Src\stm32f4xx_ll_tim.c 0x00000000   Number         0  stm32f4xx_ll_tim.o ABSOLUTE
    hal_driver\STM32F4xx_HAL_Driver\Src\stm32f4xx_ll_usart.c 0x00000000   Number         0  stm32f4xx_ll_usart.o ABSOLUTE
    hal_driver\STM32F4xx_HAL_Driver\Src\stm32f4xx_ll_usb.c 0x00000000   Number         0  stm32f4xx_ll_usb.o ABSOLUTE
    hal_driver\STM32F4xx_HAL_Driver\Src\stm32f4xx_ll_utils.c 0x00000000   Number         0  stm32f4xx_ll_utils.o ABSOLUTE
    hal_driver\\CMSIS\\Device\\ST\\STM32F4xx\\Source\\system_stm32f4xx.c 0x00000000   Number         0  system_stm32f4xx.o ABSOLUTE
    hal_driver\\STM32F4xx_HAL_Driver\\Src\\stm32f4xx_hal.c 0x00000000   Number         0  stm32f4xx_hal.o ABSOLUTE
    hal_driver\\STM32F4xx_HAL_Driver\\Src\\stm32f4xx_hal_adc.c 0x00000000   Number         0  stm32f4xx_hal_adc.o ABSOLUTE
    hal_driver\\STM32F4xx_HAL_Driver\\Src\\stm32f4xx_hal_adc_ex.c 0x00000000   Number         0  stm32f4xx_hal_adc_ex.o ABSOLUTE
    hal_driver\\STM32F4xx_HAL_Driver\\Src\\stm32f4xx_hal_can.c 0x00000000   Number         0  stm32f4xx_hal_can.o ABSOLUTE
    hal_driver\\STM32F4xx_HAL_Driver\\Src\\stm32f4xx_hal_cec.c 0x00000000   Number         0  stm32f4xx_hal_cec.o ABSOLUTE
    hal_driver\\STM32F4xx_HAL_Driver\\Src\\stm32f4xx_hal_cortex.c 0x00000000   Number         0  stm32f4xx_hal_cortex.o ABSOLUTE
    hal_driver\\STM32F4xx_HAL_Driver\\Src\\stm32f4xx_hal_crc.c 0x00000000   Number         0  stm32f4xx_hal_crc.o ABSOLUTE
    hal_driver\\STM32F4xx_HAL_Driver\\Src\\stm32f4xx_hal_cryp.c 0x00000000   Number         0  stm32f4xx_hal_cryp.o ABSOLUTE
    hal_driver\\STM32F4xx_HAL_Driver\\Src\\stm32f4xx_hal_cryp_ex.c 0x00000000   Number         0  stm32f4xx_hal_cryp_ex.o ABSOLUTE
    hal_driver\\STM32F4xx_HAL_Driver\\Src\\stm32f4xx_hal_dac.c 0x00000000   Number         0  stm32f4xx_hal_dac.o ABSOLUTE
    hal_driver\\STM32F4xx_HAL_Driver\\Src\\stm32f4xx_hal_dac_ex.c 0x00000000   Number         0  stm32f4xx_hal_dac_ex.o ABSOLUTE
    hal_driver\\STM32F4xx_HAL_Driver\\Src\\stm32f4xx_hal_dcmi.c 0x00000000   Number         0  stm32f4xx_hal_dcmi.o ABSOLUTE
    hal_driver\\STM32F4xx_HAL_Driver\\Src\\stm32f4xx_hal_dcmi_ex.c 0x00000000   Number         0  stm32f4xx_hal_dcmi_ex.o ABSOLUTE
    hal_driver\\STM32F4xx_HAL_Driver\\Src\\stm32f4xx_hal_dfsdm.c 0x00000000   Number         0  stm32f4xx_hal_dfsdm.o ABSOLUTE
    hal_driver\\STM32F4xx_HAL_Driver\\Src\\stm32f4xx_hal_dma.c 0x00000000   Number         0  stm32f4xx_hal_dma.o ABSOLUTE
    hal_driver\\STM32F4xx_HAL_Driver\\Src\\stm32f4xx_hal_dma2d.c 0x00000000   Number         0  stm32f4xx_hal_dma2d.o ABSOLUTE
    hal_driver\\STM32F4xx_HAL_Driver\\Src\\stm32f4xx_hal_dma_ex.c 0x00000000   Number         0  stm32f4xx_hal_dma_ex.o ABSOLUTE
    hal_driver\\STM32F4xx_HAL_Driver\\Src\\stm32f4xx_hal_dsi.c 0x00000000   Number         0  stm32f4xx_hal_dsi.o ABSOLUTE
    hal_driver\\STM32F4xx_HAL_Driver\\Src\\stm32f4xx_hal_eth.c 0x00000000   Number         0  stm32f4xx_hal_eth.o ABSOLUTE
    hal_driver\\STM32F4xx_HAL_Driver\\Src\\stm32f4xx_hal_exti.c 0x00000000   Number         0  stm32f4xx_hal_exti.o ABSOLUTE
    hal_driver\\STM32F4xx_HAL_Driver\\Src\\stm32f4xx_hal_flash.c 0x00000000   Number         0  stm32f4xx_hal_flash.o ABSOLUTE
    hal_driver\\STM32F4xx_HAL_Driver\\Src\\stm32f4xx_hal_flash_ex.c 0x00000000   Number         0  stm32f4xx_hal_flash_ex.o ABSOLUTE
    hal_driver\\STM32F4xx_HAL_Driver\\Src\\stm32f4xx_hal_flash_ramfunc.c 0x00000000   Number         0  stm32f4xx_hal_flash_ramfunc.o ABSOLUTE
    hal_driver\\STM32F4xx_HAL_Driver\\Src\\stm32f4xx_hal_fmpi2c.c 0x00000000   Number         0  stm32f4xx_hal_fmpi2c.o ABSOLUTE
    hal_driver\\STM32F4xx_HAL_Driver\\Src\\stm32f4xx_hal_fmpi2c_ex.c 0x00000000   Number         0  stm32f4xx_hal_fmpi2c_ex.o ABSOLUTE
    hal_driver\\STM32F4xx_HAL_Driver\\Src\\stm32f4xx_hal_gpio.c 0x00000000   Number         0  stm32f4xx_hal_gpio.o ABSOLUTE
    hal_driver\\STM32F4xx_HAL_Driver\\Src\\stm32f4xx_hal_hash.c 0x00000000   Number         0  stm32f4xx_hal_hash.o ABSOLUTE
    hal_driver\\STM32F4xx_HAL_Driver\\Src\\stm32f4xx_hal_hash_ex.c 0x00000000   Number         0  stm32f4xx_hal_hash_ex.o ABSOLUTE
    hal_driver\\STM32F4xx_HAL_Driver\\Src\\stm32f4xx_hal_hcd.c 0x00000000   Number         0  stm32f4xx_hal_hcd.o ABSOLUTE
    hal_driver\\STM32F4xx_HAL_Driver\\Src\\stm32f4xx_hal_i2c.c 0x00000000   Number         0  stm32f4xx_hal_i2c.o ABSOLUTE
    hal_driver\\STM32F4xx_HAL_Driver\\Src\\stm32f4xx_hal_i2c_ex.c 0x00000000   Number         0  stm32f4xx_hal_i2c_ex.o ABSOLUTE
    hal_driver\\STM32F4xx_HAL_Driver\\Src\\stm32f4xx_hal_i2s.c 0x00000000   Number         0  stm32f4xx_hal_i2s.o ABSOLUTE
    hal_driver\\STM32F4xx_HAL_Driver\\Src\\stm32f4xx_hal_i2s_ex.c 0x00000000   Number         0  stm32f4xx_hal_i2s_ex.o ABSOLUTE
    hal_driver\\STM32F4xx_HAL_Driver\\Src\\stm32f4xx_hal_irda.c 0x00000000   Number         0  stm32f4xx_hal_irda.o ABSOLUTE
    hal_driver\\STM32F4xx_HAL_Driver\\Src\\stm32f4xx_hal_iwdg.c 0x00000000   Number         0  stm32f4xx_hal_iwdg.o ABSOLUTE
    hal_driver\\STM32F4xx_HAL_Driver\\Src\\stm32f4xx_hal_lptim.c 0x00000000   Number         0  stm32f4xx_hal_lptim.o ABSOLUTE
    hal_driver\\STM32F4xx_HAL_Driver\\Src\\stm32f4xx_hal_ltdc.c 0x00000000   Number         0  stm32f4xx_hal_ltdc.o ABSOLUTE
    hal_driver\\STM32F4xx_HAL_Driver\\Src\\stm32f4xx_hal_ltdc_ex.c 0x00000000   Number         0  stm32f4xx_hal_ltdc_ex.o ABSOLUTE
    hal_driver\\STM32F4xx_HAL_Driver\\Src\\stm32f4xx_hal_mmc.c 0x00000000   Number         0  stm32f4xx_hal_mmc.o ABSOLUTE
    hal_driver\\STM32F4xx_HAL_Driver\\Src\\stm32f4xx_hal_nand.c 0x00000000   Number         0  stm32f4xx_hal_nand.o ABSOLUTE
    hal_driver\\STM32F4xx_HAL_Driver\\Src\\stm32f4xx_hal_nor.c 0x00000000   Number         0  stm32f4xx_hal_nor.o ABSOLUTE
    hal_driver\\STM32F4xx_HAL_Driver\\Src\\stm32f4xx_hal_pccard.c 0x00000000   Number         0  stm32f4xx_hal_pccard.o ABSOLUTE
    hal_driver\\STM32F4xx_HAL_Driver\\Src\\stm32f4xx_hal_pcd.c 0x00000000   Number         0  stm32f4xx_hal_pcd.o ABSOLUTE
    hal_driver\\STM32F4xx_HAL_Driver\\Src\\stm32f4xx_hal_pcd_ex.c 0x00000000   Number         0  stm32f4xx_hal_pcd_ex.o ABSOLUTE
    hal_driver\\STM32F4xx_HAL_Driver\\Src\\stm32f4xx_hal_pwr.c 0x00000000   Number         0  stm32f4xx_hal_pwr.o ABSOLUTE
    hal_driver\\STM32F4xx_HAL_Driver\\Src\\stm32f4xx_hal_pwr_ex.c 0x00000000   Number         0  stm32f4xx_hal_pwr_ex.o ABSOLUTE
    hal_driver\\STM32F4xx_HAL_Driver\\Src\\stm32f4xx_hal_qspi.c 0x00000000   Number         0  stm32f4xx_hal_qspi.o ABSOLUTE
    hal_driver\\STM32F4xx_HAL_Driver\\Src\\stm32f4xx_hal_rcc.c 0x00000000   Number         0  stm32f4xx_hal_rcc.o ABSOLUTE
    hal_driver\\STM32F4xx_HAL_Driver\\Src\\stm32f4xx_hal_rcc_ex.c 0x00000000   Number         0  stm32f4xx_hal_rcc_ex.o ABSOLUTE
    hal_driver\\STM32F4xx_HAL_Driver\\Src\\stm32f4xx_hal_rng.c 0x00000000   Number         0  stm32f4xx_hal_rng.o ABSOLUTE
    hal_driver\\STM32F4xx_HAL_Driver\\Src\\stm32f4xx_hal_rtc.c 0x00000000   Number         0  stm32f4xx_hal_rtc.o ABSOLUTE
    hal_driver\\STM32F4xx_HAL_Driver\\Src\\stm32f4xx_hal_rtc_ex.c 0x00000000   Number         0  stm32f4xx_hal_rtc_ex.o ABSOLUTE
    hal_driver\\STM32F4xx_HAL_Driver\\Src\\stm32f4xx_hal_sai.c 0x00000000   Number         0  stm32f4xx_hal_sai.o ABSOLUTE
    hal_driver\\STM32F4xx_HAL_Driver\\Src\\stm32f4xx_hal_sai_ex.c 0x00000000   Number         0  stm32f4xx_hal_sai_ex.o ABSOLUTE
    hal_driver\\STM32F4xx_HAL_Driver\\Src\\stm32f4xx_hal_sd.c 0x00000000   Number         0  stm32f4xx_hal_sd.o ABSOLUTE
    hal_driver\\STM32F4xx_HAL_Driver\\Src\\stm32f4xx_hal_sdram.c 0x00000000   Number         0  stm32f4xx_hal_sdram.o ABSOLUTE
    hal_driver\\STM32F4xx_HAL_Driver\\Src\\stm32f4xx_hal_smartcard.c 0x00000000   Number         0  stm32f4xx_hal_smartcard.o ABSOLUTE
    hal_driver\\STM32F4xx_HAL_Driver\\Src\\stm32f4xx_hal_smbus.c 0x00000000   Number         0  stm32f4xx_hal_smbus.o ABSOLUTE
    hal_driver\\STM32F4xx_HAL_Driver\\Src\\stm32f4xx_hal_spdifrx.c 0x00000000   Number         0  stm32f4xx_hal_spdifrx.o ABSOLUTE
    hal_driver\\STM32F4xx_HAL_Driver\\Src\\stm32f4xx_hal_spi.c 0x00000000   Number         0  stm32f4xx_hal_spi.o ABSOLUTE
    hal_driver\\STM32F4xx_HAL_Driver\\Src\\stm32f4xx_hal_sram.c 0x00000000   Number         0  stm32f4xx_hal_sram.o ABSOLUTE
    hal_driver\\STM32F4xx_HAL_Driver\\Src\\stm32f4xx_hal_tim.c 0x00000000   Number         0  stm32f4xx_hal_tim.o ABSOLUTE
    hal_driver\\STM32F4xx_HAL_Driver\\Src\\stm32f4xx_hal_tim_ex.c 0x00000000   Number         0  stm32f4xx_hal_tim_ex.o ABSOLUTE
    hal_driver\\STM32F4xx_HAL_Driver\\Src\\stm32f4xx_hal_uart.c 0x00000000   Number         0  stm32f4xx_hal_uart.o ABSOLUTE
    hal_driver\\STM32F4xx_HAL_Driver\\Src\\stm32f4xx_hal_usart.c 0x00000000   Number         0  stm32f4xx_hal_usart.o ABSOLUTE
    hal_driver\\STM32F4xx_HAL_Driver\\Src\\stm32f4xx_hal_wwdg.c 0x00000000   Number         0  stm32f4xx_hal_wwdg.o ABSOLUTE
    hal_driver\\STM32F4xx_HAL_Driver\\Src\\stm32f4xx_ll_fmc.c 0x00000000   Number         0  stm32f4xx_ll_fmc.o ABSOLUTE
    hal_driver\\STM32F4xx_HAL_Driver\\Src\\stm32f4xx_ll_fsmc.c 0x00000000   Number         0  stm32f4xx_ll_fsmc.o ABSOLUTE
    hal_driver\\STM32F4xx_HAL_Driver\\Src\\stm32f4xx_ll_sdmmc.c 0x00000000   Number         0  stm32f4xx_ll_sdmmc.o ABSOLUTE
    hal_driver\\STM32F4xx_HAL_Driver\\Src\\stm32f4xx_ll_usb.c 0x00000000   Number         0  stm32f4xx_ll_usb.o ABSOLUTE
    hal_driver\\STM32F4xx_HAL_Driver\\Src\\stm32f4xx_ll_utils.c 0x00000000   Number         0  stm32f4xx_ll_utils.o ABSOLUTE
    handlers.s                               0x00000000   Number         0  handlers.o ABSOLUTE
    init.s                                   0x00000000   Number         0  init.o ABSOLUTE
    RESET                                    0x08000000   Section      404  startup_stm32f401xc.o(RESET)
    .ARM.Collect$$$$00000000                 0x08000194   Section        0  entry.o(.ARM.Collect$$$$00000000)
    .ARM.Collect$$$$00000001                 0x08000194   Section        4  entry2.o(.ARM.Collect$$$$00000001)
    .ARM.Collect$$$$00000004                 0x08000198   Section        4  entry5.o(.ARM.Collect$$$$00000004)
    .ARM.Collect$$$$00000008                 0x0800019c   Section        0  entry7b.o(.ARM.Collect$$$$00000008)
    .ARM.Collect$$$$0000000A                 0x0800019c   Section        0  entry8b.o(.ARM.Collect$$$$0000000A)
    .ARM.Collect$$$$0000000B                 0x0800019c   Section        8  entry9a.o(.ARM.Collect$$$$0000000B)
    .ARM.Collect$$$$0000000D                 0x080001a4   Section        0  entry10a.o(.ARM.Collect$$$$0000000D)
    .ARM.Collect$$$$0000000F                 0x080001a4   Section        0  entry11a.o(.ARM.Collect$$$$0000000F)
    .ARM.Collect$$$$00002712                 0x080001a4   Section        4  entry2.o(.ARM.Collect$$$$00002712)
    __lit__00000000                          0x080001a4   Data           4  entry2.o(.ARM.Collect$$$$00002712)
    .text                                    0x080001a8   Section       36  startup_stm32f401xc.o(.text)
    $v0                                      0x080001a8   Number         0  startup_stm32f401xc.o(.text)
    .text                                    0x080001cc   Section        0  uldiv.o(.text)
    .text                                    0x0800022e   Section        0  memcpya.o(.text)
    .text                                    0x08000252   Section        0  memseta.o(.text)
    .text                                    0x08000276   Section        0  memcmp.o(.text)
    .text                                    0x08000290   Section        0  uidiv.o(.text)
    .text                                    0x080002bc   Section        0  llshl.o(.text)
    .text                                    0x080002da   Section        0  llushr.o(.text)
    .text                                    0x080002fa   Section        0  iusefp.o(.text)
    .text                                    0x080002fa   Section        0  dadd.o(.text)
    .text                                    0x08000448   Section        0  dmul.o(.text)
    .text                                    0x0800052c   Section        0  ddiv.o(.text)
    .text                                    0x0800060a   Section        0  dfixul.o(.text)
    .text                                    0x0800063c   Section       48  cdrcmple.o(.text)
    .text                                    0x0800066c   Section       36  init.o(.text)
    .text                                    0x08000690   Section        0  llsshr.o(.text)
    .text                                    0x080006b4   Section        0  depilogue.o(.text)
    i.BusFault_Handler                       0x0800076e   Section        0  stm32f4xx_it.o(i.BusFault_Handler)
    i.FLASH_Erase_Sector                     0x08000774   Section        0  stm32f4xx_hal_flash_ex.o(i.FLASH_Erase_Sector)
    i.FLASH_FlushCaches                      0x080007d0   Section        0  stm32f4xx_hal_flash_ex.o(i.FLASH_FlushCaches)
    i.FLASH_MassErase                        0x08000848   Section        0  stm32f4xx_hal_flash_ex.o(i.FLASH_MassErase)
    FLASH_MassErase                          0x08000849   Thumb Code    42  stm32f4xx_hal_flash_ex.o(i.FLASH_MassErase)
    i.FLASH_Program_Byte                     0x08000878   Section        0  stm32f4xx_hal_flash.o(i.FLASH_Program_Byte)
    FLASH_Program_Byte                       0x08000879   Thumb Code    32  stm32f4xx_hal_flash.o(i.FLASH_Program_Byte)
    i.FLASH_Program_DoubleWord               0x0800089c   Section        0  stm32f4xx_hal_flash.o(i.FLASH_Program_DoubleWord)
    FLASH_Program_DoubleWord                 0x0800089d   Thumb Code    40  stm32f4xx_hal_flash.o(i.FLASH_Program_DoubleWord)
    i.FLASH_Program_HalfWord                 0x080008c8   Section        0  stm32f4xx_hal_flash.o(i.FLASH_Program_HalfWord)
    FLASH_Program_HalfWord                   0x080008c9   Thumb Code    36  stm32f4xx_hal_flash.o(i.FLASH_Program_HalfWord)
    i.FLASH_Program_Word                     0x080008f0   Section        0  stm32f4xx_hal_flash.o(i.FLASH_Program_Word)
    FLASH_Program_Word                       0x080008f1   Thumb Code    36  stm32f4xx_hal_flash.o(i.FLASH_Program_Word)
    i.FLASH_SetErrorCode                     0x08000918   Section        0  stm32f4xx_hal_flash.o(i.FLASH_SetErrorCode)
    FLASH_SetErrorCode                       0x08000919   Thumb Code   172  stm32f4xx_hal_flash.o(i.FLASH_SetErrorCode)
    i.FLASH_WaitForLastOperation             0x080009cc   Section        0  stm32f4xx_hal_flash.o(i.FLASH_WaitForLastOperation)
    i.Flash_EraseSector                      0x08000a30   Section        0  stmflash.o(i.Flash_EraseSector)
    i.Flash_GetSector                        0x08000a64   Section        0  stmflash.o(i.Flash_GetSector)
    i.Flash_Read8BitDatas                    0x08000ad0   Section        0  stmflash.o(i.Flash_Read8BitDatas)
    i.Flash_Write8BitDatas                   0x08000ae8   Section        0  stmflash.o(i.Flash_Write8BitDatas)
    i.Flash_WriteAddrCheck                   0x08000b3c   Section        0  stmflash.o(i.Flash_WriteAddrCheck)
    i.HAL_Delay                              0x08000c00   Section        0  stm32f4xx_hal.o(i.HAL_Delay)
    i.HAL_FLASHEx_Erase                      0x08000c28   Section        0  stm32f4xx_hal_flash_ex.o(i.HAL_FLASHEx_Erase)
    i.HAL_FLASH_Lock                         0x08000cd4   Section        0  stm32f4xx_hal_flash.o(i.HAL_FLASH_Lock)
    i.HAL_FLASH_Program                      0x08000ce8   Section        0  stm32f4xx_hal_flash.o(i.HAL_FLASH_Program)
    i.HAL_FLASH_Unlock                       0x08000d80   Section        0  stm32f4xx_hal_flash.o(i.HAL_FLASH_Unlock)
    i.HAL_GPIO_Init                          0x08000db4   Section        0  stm32f4xx_hal_gpio.o(i.HAL_GPIO_Init)
    i.HAL_GPIO_WritePin                      0x08000f88   Section        0  stm32f4xx_hal_gpio.o(i.HAL_GPIO_WritePin)
    i.HAL_GetTick                            0x08000f94   Section        0  stm32f4xx_hal.o(i.HAL_GetTick)
    i.HAL_IncTick                            0x08000fa0   Section        0  stm32f4xx_hal.o(i.HAL_IncTick)
    i.HAL_Init                               0x08000fb8   Section        0  stm32f4xx_hal.o(i.HAL_Init)
    i.HAL_InitTick                           0x08000ff4   Section        0  stm32f4xx_hal.o(i.HAL_InitTick)
    i.HAL_MspInit                            0x08001040   Section        0  stm32f4xx_hal.o(i.HAL_MspInit)
    i.HAL_NVIC_SetPriority                   0x08001042   Section        0  stm32f4xx_hal_cortex.o(i.HAL_NVIC_SetPriority)
    i.HAL_NVIC_SetPriorityGrouping           0x080010c0   Section        0  stm32f4xx_hal_cortex.o(i.HAL_NVIC_SetPriorityGrouping)
    i.HAL_RCC_ClockConfig                    0x080010e8   Section        0  stm32f4xx_hal_rcc.o(i.HAL_RCC_ClockConfig)
    i.HAL_RCC_GetHCLKFreq                    0x08001268   Section        0  stm32f4xx_hal_rcc.o(i.HAL_RCC_GetHCLKFreq)
    i.HAL_RCC_GetPCLK1Freq                   0x08001274   Section        0  stm32f4xx_hal_rcc.o(i.HAL_RCC_GetPCLK1Freq)
    i.HAL_RCC_GetPCLK2Freq                   0x08001294   Section        0  stm32f4xx_hal_rcc.o(i.HAL_RCC_GetPCLK2Freq)
    i.HAL_RCC_GetSysClockFreq                0x080012b4   Section        0  stm32f4xx_hal_rcc.o(i.HAL_RCC_GetSysClockFreq)
    i.HAL_RCC_OscConfig                      0x08001364   Section        0  stm32f4xx_hal_rcc.o(i.HAL_RCC_OscConfig)
    i.HAL_SYSTICK_Callback                   0x080017ac   Section        0  stm32f4xx_hal_cortex.o(i.HAL_SYSTICK_Callback)
    i.HAL_SYSTICK_Config                     0x080017ae   Section        0  stm32f4xx_hal_cortex.o(i.HAL_SYSTICK_Config)
    i.HAL_SYSTICK_IRQHandler                 0x080017e2   Section        0  stm32f4xx_hal_cortex.o(i.HAL_SYSTICK_IRQHandler)
    i.HAL_UART_Init                          0x080017ea   Section        0  stm32f4xx_hal_uart.o(i.HAL_UART_Init)
    i.HAL_UART_MspInit                       0x0800185c   Section        0  drv_usart.o(i.HAL_UART_MspInit)
    i.MD5DecodeCharToInt                     0x080018d8   Section        0  md5.o(i.MD5DecodeCharToInt)
    i.MD5EncodeIntToChar                     0x0800190a   Section        0  md5.o(i.MD5EncodeIntToChar)
    i.MD5Final                               0x08001948   Section        0  md5.o(i.MD5Final)
    i.MD5Init                                0x0800199c   Section        0  md5.o(i.MD5Init)
    i.MD5Transform                           0x080019c0   Section        0  md5.o(i.MD5Transform)
    i.MD5Update                              0x08002194   Section        0  md5.o(i.MD5Update)
    i.MemManage_Handler                      0x08002220   Section        0  stm32f4xx_it.o(i.MemManage_Handler)
    i.NMI_Handler                            0x08002224   Section        0  stm32f4xx_it.o(i.NMI_Handler)
    i.NVIC_GetPriorityGrouping               0x08002228   Section        0  stm32f4xx_hal_cortex.o(i.NVIC_GetPriorityGrouping)
    NVIC_GetPriorityGrouping                 0x08002229   Thumb Code    10  stm32f4xx_hal_cortex.o(i.NVIC_GetPriorityGrouping)
    i.NVIC_SetPriority                       0x08002238   Section        0  stm32f4xx_hal_cortex.o(i.NVIC_SetPriority)
    NVIC_SetPriority                         0x08002239   Thumb Code    32  stm32f4xx_hal_cortex.o(i.NVIC_SetPriority)
    i.STMFLASH_ReadWord                      0x08002260   Section        0  stmflash.o(i.STMFLASH_ReadWord)
    i.SVC_Handler                            0x08002266   Section        0  stm32f4xx_it.o(i.SVC_Handler)
    i.SysTick_Handler                        0x08002268   Section        0  stm32f4xx_it.o(i.SysTick_Handler)
    i.SystemClock_Config                     0x08002274   Section        0  main.o(i.SystemClock_Config)
    SystemClock_Config                       0x08002275   Thumb Code   134  main.o(i.SystemClock_Config)
    i.SystemInit                             0x08002300   Section        0  system_stm32f4xx.o(i.SystemInit)
    i.UART_SetConfig                         0x08002364   Section        0  stm32f4xx_hal_uart.o(i.UART_SetConfig)
    UART_SetConfig                           0x08002365   Thumb Code   864  stm32f4xx_hal_uart.o(i.UART_SetConfig)
    i.UsageFault_Handler                     0x080026cc   Section        0  stm32f4xx_it.o(i.UsageFault_Handler)
    i.__0printf                              0x080026d0   Section        0  printfa.o(i.__0printf)
    i.__scatterload_copy                     0x080026f0   Section       14  handlers.o(i.__scatterload_copy)
    i.__scatterload_null                     0x080026fe   Section        2  handlers.o(i.__scatterload_null)
    i.__scatterload_zeroinit                 0x08002700   Section       14  handlers.o(i.__scatterload_zeroinit)
    i._fp_digits                             0x08002710   Section        0  printfa.o(i._fp_digits)
    _fp_digits                               0x08002711   Thumb Code   366  printfa.o(i._fp_digits)
    i._printf_core                           0x08002894   Section        0  printfa.o(i._printf_core)
    _printf_core                             0x08002895   Thumb Code  1744  printfa.o(i._printf_core)
    i._printf_post_padding                   0x08002f70   Section        0  printfa.o(i._printf_post_padding)
    _printf_post_padding                     0x08002f71   Thumb Code    36  printfa.o(i._printf_post_padding)
    i._printf_pre_padding                    0x08002f94   Section        0  printfa.o(i._printf_pre_padding)
    _printf_pre_padding                      0x08002f95   Thumb Code    46  printfa.o(i._printf_pre_padding)
    i.fputc                                  0x08002fc4   Section        0  drv_usart.o(i.fputc)
    i.free                                   0x08002fe4   Section        0  malloc.o(i.free)
    i.hg_show_version                        0x08003034   Section        0  main.o(i.hg_show_version)
    i.iap_jump_into_app                      0x080031ac   Section        0  main.o(i.iap_jump_into_app)
    i.indicator_led_disable                  0x080031e8   Section        0  bsp_led.o(i.indicator_led_disable)
    i.indicator_led_enable                   0x080031fc   Section        0  bsp_led.o(i.indicator_led_enable)
    i.indicator_led_init                     0x08003210   Section        0  bsp_led.o(i.indicator_led_init)
    i.main                                   0x08003258   Section        0  main.o(i.main)
    i.malloc                                 0x0800334c   Section        0  malloc.o(i.malloc)
    i.md5IntToChar                           0x080033b8   Section        0  main.o(i.md5IntToChar)
    i.power_led_disable                      0x0800340c   Section        0  bsp_led.o(i.power_led_disable)
    i.power_led_enable                       0x08003420   Section        0  bsp_led.o(i.power_led_enable)
    i.power_led_init                         0x08003434   Section        0  bsp_led.o(i.power_led_init)
    i.readBinFileAndWriteFile                0x08003480   Section        0  main.o(i.readBinFileAndWriteFile)
    readBinFileAndWriteFile                  0x08003481   Thumb Code   282  main.o(i.readBinFileAndWriteFile)
    i.read_param                             0x080035a0   Section        0  stmflash.o(i.read_param)
    i.reboot                                 0x080035bc   Section        0  main.o(i.reboot)
    i.stm32_uart_init                        0x08003600   Section        0  drv_usart.o(i.stm32_uart_init)
    i.write_param                            0x08003658   Section        0  stmflash.o(i.write_param)
    .constdata                               0x0800368c   Section       24  system_stm32f4xx.o(.constdata)
    .data                                    0x20000000   Section        4  main.o(.data)
    .data                                    0x20000004   Section       64  md5.o(.data)
    .data                                    0x20000044   Section        4  drv_usart.o(.data)
    .data                                    0x20000048   Section        4  system_stm32f4xx.o(.data)
    .data                                    0x2000004c   Section        9  stm32f4xx_hal.o(.data)
    .data                                    0x20000058   Section        4  mvars.o(.data)
    .data                                    0x2000005c   Section        4  mvars.o(.data)
    .bss                                     0x20000060   Section     1124  main.o(.bss)
    bin_buf                                  0x200000c4   Data        1024  main.o(.bss)
    .bss                                     0x200004c4   Section     1088  drv_usart.o(.bss)
    rt_log_buf                               0x20000504   Data        1024  drv_usart.o(.bss)
    .bss                                     0x20000904   Section       32  stm32f4xx_hal_flash.o(.bss)
    HEAP                                     0x20000928   Section      512  startup_stm32f401xc.o(HEAP)
    STACK                                    0x20000b28   Section     1024  startup_stm32f401xc.o(STACK)

    Global Symbols

    Symbol Name                              Value     Ov Type        Size  Object(Section)

    BuildAttributes$$THM_ISAv4$E$P$D$K$B$S$7EM$VFPi3$EXTD16$VFPS$VFMA$PE$A:L22UL41UL21$X:L11$S22US41US21$IEEE1$IW$USESV6$~STKCKD$USESV7$~SHL$OSPACE$ROPI$EBA8$MICROLIB$REQ8$PRES8$EABIv2 0x00000000   Number         0  anon$$obj.o ABSOLUTE
    __ARM_use_no_argv                        0x00000000   Number         0  main.o ABSOLUTE
    __use_no_errno                           0x00000000   Number         0  useno.o ABSOLUTE
    __use_no_exception_handling              0x00000000   Number         0  useno.o ABSOLUTE
    __use_no_fp                              0x00000000   Number         0  useno.o ABSOLUTE
    __use_no_heap                            0x00000000   Number         0  useno.o ABSOLUTE
    __use_no_heap_region                     0x00000000   Number         0  useno.o ABSOLUTE
    __use_no_semihosting                     0x00000000   Number         0  useno.o ABSOLUTE
    __use_no_semihosting_swi                 0x00000000   Number         0  useno.o ABSOLUTE
    __use_no_signal_handling                 0x00000000   Number         0  useno.o ABSOLUTE
    __cpp_initialize__aeabi_                  - Undefined Weak Reference
    __cxa_finalize                            - Undefined Weak Reference
    __decompress                              - Undefined Weak Reference
    _clock_init                               - Undefined Weak Reference
    _microlib_exit                            - Undefined Weak Reference
    __Vectors_Size                           0x00000194   Number         0  startup_stm32f401xc.o ABSOLUTE
    __Vectors                                0x08000000   Data           4  startup_stm32f401xc.o(RESET)
    __Vectors_End                            0x08000194   Data           0  startup_stm32f401xc.o(RESET)
    __main                                   0x08000195   Thumb Code     0  entry.o(.ARM.Collect$$$$00000000)
    _main_stk                                0x08000195   Thumb Code     0  entry2.o(.ARM.Collect$$$$00000001)
    _main_scatterload                        0x08000199   Thumb Code     0  entry5.o(.ARM.Collect$$$$00000004)
    __main_after_scatterload                 0x0800019d   Thumb Code     0  entry5.o(.ARM.Collect$$$$00000004)
    _main_clock                              0x0800019d   Thumb Code     0  entry7b.o(.ARM.Collect$$$$00000008)
    _main_cpp_init                           0x0800019d   Thumb Code     0  entry8b.o(.ARM.Collect$$$$0000000A)
    _main_init                               0x0800019d   Thumb Code     0  entry9a.o(.ARM.Collect$$$$0000000B)
    __rt_final_cpp                           0x080001a5   Thumb Code     0  entry10a.o(.ARM.Collect$$$$0000000D)
    __rt_final_exit                          0x080001a5   Thumb Code     0  entry11a.o(.ARM.Collect$$$$0000000F)
    Reset_Handler                            0x080001a9   Thumb Code     8  startup_stm32f401xc.o(.text)
    HardFault_Handler                        0x080001b3   Thumb Code     2  startup_stm32f401xc.o(.text)
    DebugMon_Handler                         0x080001bd   Thumb Code     2  startup_stm32f401xc.o(.text)
    PendSV_Handler                           0x080001bf   Thumb Code     2  startup_stm32f401xc.o(.text)
    ADC_IRQHandler                           0x080001c3   Thumb Code     0  startup_stm32f401xc.o(.text)
    DMA1_Stream0_IRQHandler                  0x080001c3   Thumb Code     0  startup_stm32f401xc.o(.text)
    DMA1_Stream1_IRQHandler                  0x080001c3   Thumb Code     0  startup_stm32f401xc.o(.text)
    DMA1_Stream2_IRQHandler                  0x080001c3   Thumb Code     0  startup_stm32f401xc.o(.text)
    DMA1_Stream3_IRQHandler                  0x080001c3   Thumb Code     0  startup_stm32f401xc.o(.text)
    DMA1_Stream4_IRQHandler                  0x080001c3   Thumb Code     0  startup_stm32f401xc.o(.text)
    DMA1_Stream5_IRQHandler                  0x080001c3   Thumb Code     0  startup_stm32f401xc.o(.text)
    DMA1_Stream6_IRQHandler                  0x080001c3   Thumb Code     0  startup_stm32f401xc.o(.text)
    DMA1_Stream7_IRQHandler                  0x080001c3   Thumb Code     0  startup_stm32f401xc.o(.text)
    DMA2_Stream0_IRQHandler                  0x080001c3   Thumb Code     0  startup_stm32f401xc.o(.text)
    DMA2_Stream1_IRQHandler                  0x080001c3   Thumb Code     0  startup_stm32f401xc.o(.text)
    DMA2_Stream2_IRQHandler                  0x080001c3   Thumb Code     0  startup_stm32f401xc.o(.text)
    DMA2_Stream3_IRQHandler                  0x080001c3   Thumb Code     0  startup_stm32f401xc.o(.text)
    DMA2_Stream4_IRQHandler                  0x080001c3   Thumb Code     0  startup_stm32f401xc.o(.text)
    DMA2_Stream5_IRQHandler                  0x080001c3   Thumb Code     0  startup_stm32f401xc.o(.text)
    DMA2_Stream6_IRQHandler                  0x080001c3   Thumb Code     0  startup_stm32f401xc.o(.text)
    DMA2_Stream7_IRQHandler                  0x080001c3   Thumb Code     0  startup_stm32f401xc.o(.text)
    EXTI0_IRQHandler                         0x080001c3   Thumb Code     0  startup_stm32f401xc.o(.text)
    EXTI15_10_IRQHandler                     0x080001c3   Thumb Code     0  startup_stm32f401xc.o(.text)
    EXTI1_IRQHandler                         0x080001c3   Thumb Code     0  startup_stm32f401xc.o(.text)
    EXTI2_IRQHandler                         0x080001c3   Thumb Code     0  startup_stm32f401xc.o(.text)
    EXTI3_IRQHandler                         0x080001c3   Thumb Code     0  startup_stm32f401xc.o(.text)
    EXTI4_IRQHandler                         0x080001c3   Thumb Code     0  startup_stm32f401xc.o(.text)
    EXTI9_5_IRQHandler                       0x080001c3   Thumb Code     0  startup_stm32f401xc.o(.text)
    FLASH_IRQHandler                         0x080001c3   Thumb Code     0  startup_stm32f401xc.o(.text)
    FPU_IRQHandler                           0x080001c3   Thumb Code     0  startup_stm32f401xc.o(.text)
    I2C1_ER_IRQHandler                       0x080001c3   Thumb Code     0  startup_stm32f401xc.o(.text)
    I2C1_EV_IRQHandler                       0x080001c3   Thumb Code     0  startup_stm32f401xc.o(.text)
    I2C2_ER_IRQHandler                       0x080001c3   Thumb Code     0  startup_stm32f401xc.o(.text)
    I2C2_EV_IRQHandler                       0x080001c3   Thumb Code     0  startup_stm32f401xc.o(.text)
    I2C3_ER_IRQHandler                       0x080001c3   Thumb Code     0  startup_stm32f401xc.o(.text)
    I2C3_EV_IRQHandler                       0x080001c3   Thumb Code     0  startup_stm32f401xc.o(.text)
    OTG_FS_IRQHandler                        0x080001c3   Thumb Code     0  startup_stm32f401xc.o(.text)
    OTG_FS_WKUP_IRQHandler                   0x080001c3   Thumb Code     0  startup_stm32f401xc.o(.text)
    PVD_IRQHandler                           0x080001c3   Thumb Code     0  startup_stm32f401xc.o(.text)
    RCC_IRQHandler                           0x080001c3   Thumb Code     0  startup_stm32f401xc.o(.text)
    RTC_Alarm_IRQHandler                     0x080001c3   Thumb Code     0  startup_stm32f401xc.o(.text)
    RTC_WKUP_IRQHandler                      0x080001c3   Thumb Code     0  startup_stm32f401xc.o(.text)
    SDIO_IRQHandler                          0x080001c3   Thumb Code     0  startup_stm32f401xc.o(.text)
    SPI1_IRQHandler                          0x080001c3   Thumb Code     0  startup_stm32f401xc.o(.text)
    SPI2_IRQHandler                          0x080001c3   Thumb Code     0  startup_stm32f401xc.o(.text)
    SPI3_IRQHandler                          0x080001c3   Thumb Code     0  startup_stm32f401xc.o(.text)
    SPI4_IRQHandler                          0x080001c3   Thumb Code     0  startup_stm32f401xc.o(.text)
    TAMP_STAMP_IRQHandler                    0x080001c3   Thumb Code     0  startup_stm32f401xc.o(.text)
    TIM1_BRK_TIM9_IRQHandler                 0x080001c3   Thumb Code     0  startup_stm32f401xc.o(.text)
    TIM1_CC_IRQHandler                       0x080001c3   Thumb Code     0  startup_stm32f401xc.o(.text)
    TIM1_TRG_COM_TIM11_IRQHandler            0x080001c3   Thumb Code     0  startup_stm32f401xc.o(.text)
    TIM1_UP_TIM10_IRQHandler                 0x080001c3   Thumb Code     0  startup_stm32f401xc.o(.text)
    TIM2_IRQHandler                          0x080001c3   Thumb Code     0  startup_stm32f401xc.o(.text)
    TIM3_IRQHandler                          0x080001c3   Thumb Code     0  startup_stm32f401xc.o(.text)
    TIM4_IRQHandler                          0x080001c3   Thumb Code     0  startup_stm32f401xc.o(.text)
    TIM5_IRQHandler                          0x080001c3   Thumb Code     0  startup_stm32f401xc.o(.text)
    USART1_IRQHandler                        0x080001c3   Thumb Code     0  startup_stm32f401xc.o(.text)
    USART2_IRQHandler                        0x080001c3   Thumb Code     0  startup_stm32f401xc.o(.text)
    USART6_IRQHandler                        0x080001c3   Thumb Code     0  startup_stm32f401xc.o(.text)
    WWDG_IRQHandler                          0x080001c3   Thumb Code     0  startup_stm32f401xc.o(.text)
    __aeabi_uldivmod                         0x080001cd   Thumb Code    98  uldiv.o(.text)
    __aeabi_memcpy                           0x0800022f   Thumb Code    36  memcpya.o(.text)
    __aeabi_memcpy4                          0x0800022f   Thumb Code     0  memcpya.o(.text)
    __aeabi_memcpy8                          0x0800022f   Thumb Code     0  memcpya.o(.text)
    __aeabi_memset                           0x08000253   Thumb Code    14  memseta.o(.text)
    __aeabi_memset4                          0x08000253   Thumb Code     0  memseta.o(.text)
    __aeabi_memset8                          0x08000253   Thumb Code     0  memseta.o(.text)
    __aeabi_memclr                           0x08000261   Thumb Code     4  memseta.o(.text)
    __aeabi_memclr4                          0x08000261   Thumb Code     0  memseta.o(.text)
    __aeabi_memclr8                          0x08000261   Thumb Code     0  memseta.o(.text)
    _memset$wrapper                          0x08000265   Thumb Code    18  memseta.o(.text)
    memcmp                                   0x08000277   Thumb Code    26  memcmp.o(.text)
    __aeabi_uidiv                            0x08000291   Thumb Code     0  uidiv.o(.text)
    __aeabi_uidivmod                         0x08000291   Thumb Code    44  uidiv.o(.text)
    __aeabi_llsl                             0x080002bd   Thumb Code    30  llshl.o(.text)
    _ll_shift_l                              0x080002bd   Thumb Code     0  llshl.o(.text)
    __aeabi_llsr                             0x080002db   Thumb Code    32  llushr.o(.text)
    _ll_ushift_r                             0x080002db   Thumb Code     0  llushr.o(.text)
    __I$use$fp                               0x080002fb   Thumb Code     0  iusefp.o(.text)
    __aeabi_dadd                             0x080002fb   Thumb Code   322  dadd.o(.text)
    __aeabi_dsub                             0x0800043d   Thumb Code     6  dadd.o(.text)
    __aeabi_drsub                            0x08000443   Thumb Code     6  dadd.o(.text)
    __aeabi_dmul                             0x08000449   Thumb Code   228  dmul.o(.text)
    __aeabi_ddiv                             0x0800052d   Thumb Code   222  ddiv.o(.text)
    __aeabi_d2ulz                            0x0800060b   Thumb Code    48  dfixul.o(.text)
    __aeabi_cdrcmple                         0x0800063d   Thumb Code    48  cdrcmple.o(.text)
    __scatterload                            0x0800066d   Thumb Code    28  init.o(.text)
    __scatterload_rt2                        0x0800066d   Thumb Code     0  init.o(.text)
    __aeabi_lasr                             0x08000691   Thumb Code    36  llsshr.o(.text)
    _ll_sshift_r                             0x08000691   Thumb Code     0  llsshr.o(.text)
    _double_round                            0x080006b5   Thumb Code    30  depilogue.o(.text)
    _double_epilogue                         0x080006d3   Thumb Code   156  depilogue.o(.text)
    BusFault_Handler                         0x0800076f   Thumb Code     4  stm32f4xx_it.o(i.BusFault_Handler)
    FLASH_Erase_Sector                       0x08000775   Thumb Code    86  stm32f4xx_hal_flash_ex.o(i.FLASH_Erase_Sector)
    FLASH_FlushCaches                        0x080007d1   Thumb Code   114  stm32f4xx_hal_flash_ex.o(i.FLASH_FlushCaches)
    FLASH_WaitForLastOperation               0x080009cd   Thumb Code    90  stm32f4xx_hal_flash.o(i.FLASH_WaitForLastOperation)
    Flash_EraseSector                        0x08000a31   Thumb Code    50  stmflash.o(i.Flash_EraseSector)
    Flash_GetSector                          0x08000a65   Thumb Code    86  stmflash.o(i.Flash_GetSector)
    Flash_Read8BitDatas                      0x08000ad1   Thumb Code    24  stmflash.o(i.Flash_Read8BitDatas)
    Flash_Write8BitDatas                     0x08000ae9   Thumb Code    82  stmflash.o(i.Flash_Write8BitDatas)
    Flash_WriteAddrCheck                     0x08000b3d   Thumb Code   188  stmflash.o(i.Flash_WriteAddrCheck)
    HAL_Delay                                0x08000c01   Thumb Code    36  stm32f4xx_hal.o(i.HAL_Delay)
    HAL_FLASHEx_Erase                        0x08000c29   Thumb Code   164  stm32f4xx_hal_flash_ex.o(i.HAL_FLASHEx_Erase)
    HAL_FLASH_Lock                           0x08000cd5   Thumb Code    16  stm32f4xx_hal_flash.o(i.HAL_FLASH_Lock)
    HAL_FLASH_Program                        0x08000ce9   Thumb Code   142  stm32f4xx_hal_flash.o(i.HAL_FLASH_Program)
    HAL_FLASH_Unlock                         0x08000d81   Thumb Code    38  stm32f4xx_hal_flash.o(i.HAL_FLASH_Unlock)
    HAL_GPIO_Init                            0x08000db5   Thumb Code   436  stm32f4xx_hal_gpio.o(i.HAL_GPIO_Init)
    HAL_GPIO_WritePin                        0x08000f89   Thumb Code    12  stm32f4xx_hal_gpio.o(i.HAL_GPIO_WritePin)
    HAL_GetTick                              0x08000f95   Thumb Code     6  stm32f4xx_hal.o(i.HAL_GetTick)
    HAL_IncTick                              0x08000fa1   Thumb Code    16  stm32f4xx_hal.o(i.HAL_IncTick)
    HAL_Init                                 0x08000fb9   Thumb Code    54  stm32f4xx_hal.o(i.HAL_Init)
    HAL_InitTick                             0x08000ff5   Thumb Code    64  stm32f4xx_hal.o(i.HAL_InitTick)
    HAL_MspInit                              0x08001041   Thumb Code     2  stm32f4xx_hal.o(i.HAL_MspInit)
    HAL_NVIC_SetPriority                     0x08001043   Thumb Code   124  stm32f4xx_hal_cortex.o(i.HAL_NVIC_SetPriority)
    HAL_NVIC_SetPriorityGrouping             0x080010c1   Thumb Code    32  stm32f4xx_hal_cortex.o(i.HAL_NVIC_SetPriorityGrouping)
    HAL_RCC_ClockConfig                      0x080010e9   Thumb Code   366  stm32f4xx_hal_rcc.o(i.HAL_RCC_ClockConfig)
    HAL_RCC_GetHCLKFreq                      0x08001269   Thumb Code     6  stm32f4xx_hal_rcc.o(i.HAL_RCC_GetHCLKFreq)
    HAL_RCC_GetPCLK1Freq                     0x08001275   Thumb Code    22  stm32f4xx_hal_rcc.o(i.HAL_RCC_GetPCLK1Freq)
    HAL_RCC_GetPCLK2Freq                     0x08001295   Thumb Code    22  stm32f4xx_hal_rcc.o(i.HAL_RCC_GetPCLK2Freq)
    HAL_RCC_GetSysClockFreq                  0x080012b5   Thumb Code   162  stm32f4xx_hal_rcc.o(i.HAL_RCC_GetSysClockFreq)
    HAL_RCC_OscConfig                        0x08001365   Thumb Code  1086  stm32f4xx_hal_rcc.o(i.HAL_RCC_OscConfig)
    HAL_SYSTICK_Callback                     0x080017ad   Thumb Code     2  stm32f4xx_hal_cortex.o(i.HAL_SYSTICK_Callback)
    HAL_SYSTICK_Config                       0x080017af   Thumb Code    52  stm32f4xx_hal_cortex.o(i.HAL_SYSTICK_Config)
    HAL_SYSTICK_IRQHandler                   0x080017e3   Thumb Code     8  stm32f4xx_hal_cortex.o(i.HAL_SYSTICK_IRQHandler)
    HAL_UART_Init                            0x080017eb   Thumb Code   114  stm32f4xx_hal_uart.o(i.HAL_UART_Init)
    HAL_UART_MspInit                         0x0800185d   Thumb Code   116  drv_usart.o(i.HAL_UART_MspInit)
    MD5DecodeCharToInt                       0x080018d9   Thumb Code    50  md5.o(i.MD5DecodeCharToInt)
    MD5EncodeIntToChar                       0x0800190b   Thumb Code    62  md5.o(i.MD5EncodeIntToChar)
    MD5Final                                 0x08001949   Thumb Code    80  md5.o(i.MD5Final)
    MD5Init                                  0x0800199d   Thumb Code    26  md5.o(i.MD5Init)
    MD5Transform                             0x080019c1   Thumb Code  1898  md5.o(i.MD5Transform)
    MD5Update                                0x08002195   Thumb Code   140  md5.o(i.MD5Update)
    MemManage_Handler                        0x08002221   Thumb Code     4  stm32f4xx_it.o(i.MemManage_Handler)
    NMI_Handler                              0x08002225   Thumb Code     2  stm32f4xx_it.o(i.NMI_Handler)
    STMFLASH_ReadWord                        0x08002261   Thumb Code     6  stmflash.o(i.STMFLASH_ReadWord)
    SVC_Handler                              0x08002267   Thumb Code     2  stm32f4xx_it.o(i.SVC_Handler)
    SysTick_Handler                          0x08002269   Thumb Code    12  stm32f4xx_it.o(i.SysTick_Handler)
    SystemInit                               0x08002301   Thumb Code    82  system_stm32f4xx.o(i.SystemInit)
    UsageFault_Handler                       0x080026cd   Thumb Code     4  stm32f4xx_it.o(i.UsageFault_Handler)
    __0printf                                0x080026d1   Thumb Code    22  printfa.o(i.__0printf)
    __1printf                                0x080026d1   Thumb Code     0  printfa.o(i.__0printf)
    __2printf                                0x080026d1   Thumb Code     0  printfa.o(i.__0printf)
    __c89printf                              0x080026d1   Thumb Code     0  printfa.o(i.__0printf)
    printf                                   0x080026d1   Thumb Code     0  printfa.o(i.__0printf)
    __scatterload_copy                       0x080026f1   Thumb Code    14  handlers.o(i.__scatterload_copy)
    __scatterload_null                       0x080026ff   Thumb Code     2  handlers.o(i.__scatterload_null)
    __scatterload_zeroinit                   0x08002701   Thumb Code    14  handlers.o(i.__scatterload_zeroinit)
    fputc                                    0x08002fc5   Thumb Code    26  drv_usart.o(i.fputc)
    free                                     0x08002fe5   Thumb Code    76  malloc.o(i.free)
    hg_show_version                          0x08003035   Thumb Code    46  main.o(i.hg_show_version)
    iap_jump_into_app                        0x080031ad   Thumb Code    52  main.o(i.iap_jump_into_app)
    indicator_led_disable                    0x080031e9   Thumb Code    14  bsp_led.o(i.indicator_led_disable)
    indicator_led_enable                     0x080031fd   Thumb Code    14  bsp_led.o(i.indicator_led_enable)
    indicator_led_init                       0x08003211   Thumb Code    64  bsp_led.o(i.indicator_led_init)
    main                                     0x08003259   Thumb Code   214  main.o(i.main)
    malloc                                   0x0800334d   Thumb Code    92  malloc.o(i.malloc)
    md5IntToChar                             0x080033b9   Thumb Code    84  main.o(i.md5IntToChar)
    power_led_disable                        0x0800340d   Thumb Code    14  bsp_led.o(i.power_led_disable)
    power_led_enable                         0x08003421   Thumb Code    14  bsp_led.o(i.power_led_enable)
    power_led_init                           0x08003435   Thumb Code    66  bsp_led.o(i.power_led_init)
    read_param                               0x080035a1   Thumb Code    22  stmflash.o(i.read_param)
    reboot                                   0x080035bd   Thumb Code    60  main.o(i.reboot)
    stm32_uart_init                          0x08003601   Thumb Code    76  drv_usart.o(i.stm32_uart_init)
    write_param                              0x08003659   Thumb Code    46  stmflash.o(i.write_param)
    AHBPrescTable                            0x0800368c   Data          16  system_stm32f4xx.o(.constdata)
    APBPrescTable                            0x0800369c   Data           8  system_stm32f4xx.o(.constdata)
    Region$$Table$$Base                      0x080036a4   Number         0  anon$$obj.o(Region$$Table)
    Region$$Table$$Limit                     0x080036c4   Number         0  anon$$obj.o(Region$$Table)
    jump_into_app                            0x20000000   Data           4  main.o(.data)
    PADDING                                  0x20000004   Data          64  md5.o(.data)
    __stdout                                 0x20000044   Data           4  drv_usart.o(.data)
    SystemCoreClock                          0x20000048   Data           4  system_stm32f4xx.o(.data)
    uwTick                                   0x2000004c   Data           4  stm32f4xx_hal.o(.data)
    uwTickPrio                               0x20000050   Data           4  stm32f4xx_hal.o(.data)
    uwTickFreq                               0x20000054   Data           1  stm32f4xx_hal.o(.data)
    __microlib_freelist                      0x20000058   Data           4  mvars.o(.data)
    __microlib_freelist_initialised          0x2000005c   Data           4  mvars.o(.data)
    s_param                                  0x20000060   Data         100  main.o(.bss)
    console                                  0x200004c4   Data          64  drv_usart.o(.bss)
    pFlash                                   0x20000904   Data          32  stm32f4xx_hal_flash.o(.bss)
    __heap_base                              0x20000928   Data           0  startup_stm32f401xc.o(HEAP)
    __heap_limit                             0x20000b28   Data           0  startup_stm32f401xc.o(HEAP)
    __initial_sp                             0x20000f28   Data           0  startup_stm32f401xc.o(STACK)



==============================================================================

Memory Map of the image

  Image Entry point : 0x08000195

  Load Region LR_IROM1 (Base: 0x08000000, Size: 0x00003724, Max: 0x00040000, ABSOLUTE)

    Execution Region ER_IROM1 (Exec base: 0x08000000, Load base: 0x08000000, Size: 0x000036c4, Max: 0x00040000, ABSOLUTE)

    Exec Addr    Load Addr    Size         Type   Attr      Idx    E Section Name        Object

    0x08000000   0x08000000   0x00000194   Data   RO          625    RESET               startup_stm32f401xc.o
    0x08000194   0x08000194   0x00000000   Code   RO         4728  * .ARM.Collect$$$$00000000  mc_w.l(entry.o)
    0x08000194   0x08000194   0x00000004   Code   RO         5029    .ARM.Collect$$$$00000001  mc_w.l(entry2.o)
    0x08000198   0x08000198   0x00000004   Code   RO         5032    .ARM.Collect$$$$00000004  mc_w.l(entry5.o)
    0x0800019c   0x0800019c   0x00000000   Code   RO         5034    .ARM.Collect$$$$00000008  mc_w.l(entry7b.o)
    0x0800019c   0x0800019c   0x00000000   Code   RO         5036    .ARM.Collect$$$$0000000A  mc_w.l(entry8b.o)
    0x0800019c   0x0800019c   0x00000008   Code   RO         5037    .ARM.Collect$$$$0000000B  mc_w.l(entry9a.o)
    0x080001a4   0x080001a4   0x00000000   Code   RO         5039    .ARM.Collect$$$$0000000D  mc_w.l(entry10a.o)
    0x080001a4   0x080001a4   0x00000000   Code   RO         5041    .ARM.Collect$$$$0000000F  mc_w.l(entry11a.o)
    0x080001a4   0x080001a4   0x00000004   Code   RO         5030    .ARM.Collect$$$$00002712  mc_w.l(entry2.o)
    0x080001a8   0x080001a8   0x00000024   Code   RO          626    .text               startup_stm32f401xc.o
    0x080001cc   0x080001cc   0x00000062   Code   RO         4731    .text               mc_w.l(uldiv.o)
    0x0800022e   0x0800022e   0x00000024   Code   RO         4733    .text               mc_w.l(memcpya.o)
    0x08000252   0x08000252   0x00000024   Code   RO         4735    .text               mc_w.l(memseta.o)
    0x08000276   0x08000276   0x0000001a   Code   RO         4737    .text               mc_w.l(memcmp.o)
    0x08000290   0x08000290   0x0000002c   Code   RO         5043    .text               mc_w.l(uidiv.o)
    0x080002bc   0x080002bc   0x0000001e   Code   RO         5045    .text               mc_w.l(llshl.o)
    0x080002da   0x080002da   0x00000020   Code   RO         5047    .text               mc_w.l(llushr.o)
    0x080002fa   0x080002fa   0x00000000   Code   RO         5051    .text               mc_w.l(iusefp.o)
    0x080002fa   0x080002fa   0x0000014e   Code   RO         5052    .text               mf_w.l(dadd.o)
    0x08000448   0x08000448   0x000000e4   Code   RO         5054    .text               mf_w.l(dmul.o)
    0x0800052c   0x0800052c   0x000000de   Code   RO         5056    .text               mf_w.l(ddiv.o)
    0x0800060a   0x0800060a   0x00000030   Code   RO         5058    .text               mf_w.l(dfixul.o)
    0x0800063a   0x0800063a   0x00000002   PAD
    0x0800063c   0x0800063c   0x00000030   Code   RO         5060    .text               mf_w.l(cdrcmple.o)
    0x0800066c   0x0800066c   0x00000024   Code   RO         5062    .text               mc_w.l(init.o)
    0x08000690   0x08000690   0x00000024   Code   RO         5064    .text               mc_w.l(llsshr.o)
    0x080006b4   0x080006b4   0x000000ba   Code   RO         5066    .text               mf_w.l(depilogue.o)
    0x0800076e   0x0800076e   0x00000004   Code   RO          401    i.BusFault_Handler  stm32f4xx_it.o
    0x08000772   0x08000772   0x00000002   PAD
    0x08000774   0x08000774   0x0000005c   Code   RO         1748    i.FLASH_Erase_Sector  stm32f4xx_hal_flash_ex.o
    0x080007d0   0x080007d0   0x00000078   Code   RO         1749    i.FLASH_FlushCaches  stm32f4xx_hal_flash_ex.o
    0x08000848   0x08000848   0x00000030   Code   RO         1750    i.FLASH_MassErase   stm32f4xx_hal_flash_ex.o
    0x08000878   0x08000878   0x00000024   Code   RO         1630    i.FLASH_Program_Byte  stm32f4xx_hal_flash.o
    0x0800089c   0x0800089c   0x0000002c   Code   RO         1631    i.FLASH_Program_DoubleWord  stm32f4xx_hal_flash.o
    0x080008c8   0x080008c8   0x00000028   Code   RO         1632    i.FLASH_Program_HalfWord  stm32f4xx_hal_flash.o
    0x080008f0   0x080008f0   0x00000028   Code   RO         1633    i.FLASH_Program_Word  stm32f4xx_hal_flash.o
    0x08000918   0x08000918   0x000000b4   Code   RO         1634    i.FLASH_SetErrorCode  stm32f4xx_hal_flash.o
    0x080009cc   0x080009cc   0x00000064   Code   RO         1635    i.FLASH_WaitForLastOperation  stm32f4xx_hal_flash.o
    0x08000a30   0x08000a30   0x00000032   Code   RO          459    i.Flash_EraseSector  stmflash.o
    0x08000a62   0x08000a62   0x00000002   PAD
    0x08000a64   0x08000a64   0x0000006c   Code   RO          460    i.Flash_GetSector   stmflash.o
    0x08000ad0   0x08000ad0   0x00000018   Code   RO          463    i.Flash_Read8BitDatas  stmflash.o
    0x08000ae8   0x08000ae8   0x00000052   Code   RO          466    i.Flash_Write8BitDatas  stmflash.o
    0x08000b3a   0x08000b3a   0x00000002   PAD
    0x08000b3c   0x08000b3c   0x000000c4   Code   RO          467    i.Flash_WriteAddrCheck  stmflash.o
    0x08000c00   0x08000c00   0x00000028   Code   RO          640    i.HAL_Delay         stm32f4xx_hal.o
    0x08000c28   0x08000c28   0x000000ac   Code   RO         1764    i.HAL_FLASHEx_Erase  stm32f4xx_hal_flash_ex.o
    0x08000cd4   0x08000cd4   0x00000014   Code   RO         1639    i.HAL_FLASH_Lock    stm32f4xx_hal_flash.o
    0x08000ce8   0x08000ce8   0x00000098   Code   RO         1644    i.HAL_FLASH_Program  stm32f4xx_hal_flash.o
    0x08000d80   0x08000d80   0x00000034   Code   RO         1646    i.HAL_FLASH_Unlock  stm32f4xx_hal_flash.o
    0x08000db4   0x08000db4   0x000001d4   Code   RO         1944    i.HAL_GPIO_Init     stm32f4xx_hal_gpio.o
    0x08000f88   0x08000f88   0x0000000c   Code   RO         1948    i.HAL_GPIO_WritePin  stm32f4xx_hal_gpio.o
    0x08000f94   0x08000f94   0x0000000c   Code   RO          646    i.HAL_GetTick       stm32f4xx_hal.o
    0x08000fa0   0x08000fa0   0x00000018   Code   RO          652    i.HAL_IncTick       stm32f4xx_hal.o
    0x08000fb8   0x08000fb8   0x0000003c   Code   RO          653    i.HAL_Init          stm32f4xx_hal.o
    0x08000ff4   0x08000ff4   0x0000004c   Code   RO          654    i.HAL_InitTick      stm32f4xx_hal.o
    0x08001040   0x08001040   0x00000002   Code   RO          656    i.HAL_MspInit       stm32f4xx_hal.o
    0x08001042   0x08001042   0x0000007c   Code   RO         1138    i.HAL_NVIC_SetPriority  stm32f4xx_hal_cortex.o
    0x080010be   0x080010be   0x00000002   PAD
    0x080010c0   0x080010c0   0x00000028   Code   RO         1139    i.HAL_NVIC_SetPriorityGrouping  stm32f4xx_hal_cortex.o
    0x080010e8   0x080010e8   0x00000180   Code   RO         2548    i.HAL_RCC_ClockConfig  stm32f4xx_hal_rcc.o
    0x08001268   0x08001268   0x0000000c   Code   RO         2553    i.HAL_RCC_GetHCLKFreq  stm32f4xx_hal_rcc.o
    0x08001274   0x08001274   0x00000020   Code   RO         2555    i.HAL_RCC_GetPCLK1Freq  stm32f4xx_hal_rcc.o
    0x08001294   0x08001294   0x00000020   Code   RO         2556    i.HAL_RCC_GetPCLK2Freq  stm32f4xx_hal_rcc.o
    0x080012b4   0x080012b4   0x000000b0   Code   RO         2557    i.HAL_RCC_GetSysClockFreq  stm32f4xx_hal_rcc.o
    0x08001364   0x08001364   0x00000448   Code   RO         2560    i.HAL_RCC_OscConfig  stm32f4xx_hal_rcc.o
    0x080017ac   0x080017ac   0x00000002   Code   RO         1142    i.HAL_SYSTICK_Callback  stm32f4xx_hal_cortex.o
    0x080017ae   0x080017ae   0x00000034   Code   RO         1143    i.HAL_SYSTICK_Config  stm32f4xx_hal_cortex.o
    0x080017e2   0x080017e2   0x00000008   Code   RO         1144    i.HAL_SYSTICK_IRQHandler  stm32f4xx_hal_cortex.o
    0x080017ea   0x080017ea   0x00000072   Code   RO         3883    i.HAL_UART_Init     stm32f4xx_hal_uart.o
    0x0800185c   0x0800185c   0x0000007c   Code   RO          329    i.HAL_UART_MspInit  drv_usart.o
    0x080018d8   0x080018d8   0x00000032   Code   RO          274    i.MD5DecodeCharToInt  md5.o
    0x0800190a   0x0800190a   0x0000003e   Code   RO          275    i.MD5EncodeIntToChar  md5.o
    0x08001948   0x08001948   0x00000054   Code   RO          276    i.MD5Final          md5.o
    0x0800199c   0x0800199c   0x00000024   Code   RO          277    i.MD5Init           md5.o
    0x080019c0   0x080019c0   0x000007d4   Code   RO          278    i.MD5Transform      md5.o
    0x08002194   0x08002194   0x0000008c   Code   RO          279    i.MD5Update         md5.o
    0x08002220   0x08002220   0x00000004   Code   RO          402    i.MemManage_Handler  stm32f4xx_it.o
    0x08002224   0x08002224   0x00000002   Code   RO          403    i.NMI_Handler       stm32f4xx_it.o
    0x08002226   0x08002226   0x00000002   PAD
    0x08002228   0x08002228   0x00000010   Code   RO         1145    i.NVIC_GetPriorityGrouping  stm32f4xx_hal_cortex.o
    0x08002238   0x08002238   0x00000028   Code   RO         1146    i.NVIC_SetPriority  stm32f4xx_hal_cortex.o
    0x08002260   0x08002260   0x00000006   Code   RO          468    i.STMFLASH_ReadWord  stmflash.o
    0x08002266   0x08002266   0x00000002   Code   RO          404    i.SVC_Handler       stm32f4xx_it.o
    0x08002268   0x08002268   0x0000000c   Code   RO          405    i.SysTick_Handler   stm32f4xx_it.o
    0x08002274   0x08002274   0x0000008c   Code   RO          183    i.SystemClock_Config  main.o
    0x08002300   0x08002300   0x00000064   Code   RO          590    i.SystemInit        system_stm32f4xx.o
    0x08002364   0x08002364   0x00000368   Code   RO         3911    i.UART_SetConfig    stm32f4xx_hal_uart.o
    0x080026cc   0x080026cc   0x00000004   Code   RO          406    i.UsageFault_Handler  stm32f4xx_it.o
    0x080026d0   0x080026d0   0x00000020   Code   RO         4974    i.__0printf         mc_w.l(printfa.o)
    0x080026f0   0x080026f0   0x0000000e   Code   RO         5070    i.__scatterload_copy  mc_w.l(handlers.o)
    0x080026fe   0x080026fe   0x00000002   Code   RO         5071    i.__scatterload_null  mc_w.l(handlers.o)
    0x08002700   0x08002700   0x0000000e   Code   RO         5072    i.__scatterload_zeroinit  mc_w.l(handlers.o)
    0x0800270e   0x0800270e   0x00000002   PAD
    0x08002710   0x08002710   0x00000184   Code   RO         4981    i._fp_digits        mc_w.l(printfa.o)
    0x08002894   0x08002894   0x000006dc   Code   RO         4982    i._printf_core      mc_w.l(printfa.o)
    0x08002f70   0x08002f70   0x00000024   Code   RO         4983    i._printf_post_padding  mc_w.l(printfa.o)
    0x08002f94   0x08002f94   0x0000002e   Code   RO         4984    i._printf_pre_padding  mc_w.l(printfa.o)
    0x08002fc2   0x08002fc2   0x00000002   PAD
    0x08002fc4   0x08002fc4   0x00000020   Code   RO          332    i.fputc             drv_usart.o
    0x08002fe4   0x08002fe4   0x00000050   Code   RO         5001    i.free              mc_w.l(malloc.o)
    0x08003034   0x08003034   0x00000178   Code   RO          184    i.hg_show_version   main.o
    0x080031ac   0x080031ac   0x0000003c   Code   RO          185    i.iap_jump_into_app  main.o
    0x080031e8   0x080031e8   0x00000014   Code   RO            4    i.indicator_led_disable  bsp_led.o
    0x080031fc   0x080031fc   0x00000014   Code   RO            5    i.indicator_led_enable  bsp_led.o
    0x08003210   0x08003210   0x00000048   Code   RO            6    i.indicator_led_init  bsp_led.o
    0x08003258   0x08003258   0x000000f4   Code   RO          186    i.main              main.o
    0x0800334c   0x0800334c   0x0000006c   Code   RO         5002    i.malloc            mc_w.l(malloc.o)
    0x080033b8   0x080033b8   0x00000054   Code   RO          187    i.md5IntToChar      main.o
    0x0800340c   0x0800340c   0x00000014   Code   RO            7    i.power_led_disable  bsp_led.o
    0x08003420   0x08003420   0x00000014   Code   RO            8    i.power_led_enable  bsp_led.o
    0x08003434   0x08003434   0x0000004c   Code   RO            9    i.power_led_init    bsp_led.o
    0x08003480   0x08003480   0x00000120   Code   RO          188    i.readBinFileAndWriteFile  main.o
    0x080035a0   0x080035a0   0x0000001c   Code   RO          469    i.read_param        stmflash.o
    0x080035bc   0x080035bc   0x00000044   Code   RO          189    i.reboot            main.o
    0x08003600   0x08003600   0x00000058   Code   RO          336    i.stm32_uart_init   drv_usart.o
    0x08003658   0x08003658   0x00000034   Code   RO          474    i.write_param       stmflash.o
    0x0800368c   0x0800368c   0x00000018   Data   RO          591    .constdata          system_stm32f4xx.o
    0x080036a4   0x080036a4   0x00000020   Data   RO         5068    Region$$Table       anon$$obj.o


    Execution Region RW_IRAM1 (Exec base: 0x20000000, Load base: 0x080036c4, Size: 0x00000f28, Max: 0x00010000, ABSOLUTE)

    Exec Addr    Load Addr    Size         Type   Attr      Idx    E Section Name        Object

    0x20000000   0x080036c4   0x00000004   Data   RW          191    .data               main.o
    0x20000004   0x080036c8   0x00000040   Data   RW          280    .data               md5.o
    0x20000044   0x08003708   0x00000004   Data   RW          338    .data               drv_usart.o
    0x20000048   0x0800370c   0x00000004   Data   RW          592    .data               system_stm32f4xx.o
    0x2000004c   0x08003710   0x00000009   Data   RW          660    .data               stm32f4xx_hal.o
    0x20000055   0x08003719   0x00000003   PAD
    0x20000058   0x0800371c   0x00000004   Data   RW         5049    .data               mc_w.l(mvars.o)
    0x2000005c   0x08003720   0x00000004   Data   RW         5050    .data               mc_w.l(mvars.o)
    0x20000060        -       0x00000464   Zero   RW          190    .bss                main.o
    0x200004c4        -       0x00000440   Zero   RW          337    .bss                drv_usart.o
    0x20000904        -       0x00000020   Zero   RW         1647    .bss                stm32f4xx_hal_flash.o
    0x20000924   0x08003724   0x00000004   PAD
    0x20000928        -       0x00000200   Zero   RW          624    HEAP                startup_stm32f401xc.o
    0x20000b28        -       0x00000400   Zero   RW          623    STACK               startup_stm32f401xc.o


==============================================================================

Image component sizes


      Code (inc. data)   RO Data    RW Data    ZI Data      Debug   Object Name

       228         42          0          0          0     393348   bsp_led.o
       244         26          0          4       1088       4267   drv_usart.o
      1260        388          0          4       1124      39168   main.o
      2376        268          0         64          0       5340   md5.o
        36          8        404          0       1536        892   startup_stm32f401xc.o
       214         36          0          9          0       5167   stm32f4xx_hal.o
       282         22          0          0          0      31314   stm32f4xx_hal_cortex.o
       664         62          0          0         32       5938   stm32f4xx_hal_flash.o
       432         26          0          0          0       3374   stm32f4xx_hal_flash_ex.o
       480         32          0          0          0       2400   stm32f4xx_hal_gpio.o
      1732         84          0          0          0       5636   stm32f4xx_hal_rcc.o
       986          8          0          0          0       1920   stm32f4xx_hal_uart.o
        28          0          0          0          0       2822   stm32f4xx_it.o
       546         42          0          0          0       6105   stmflash.o
       100         18         24          4          0       1455   system_stm32f4xx.o

    ----------------------------------------------------------------------
      9618       1062        460         88       3784     509146   Object Totals
         0          0         32          0          0          0   (incl. Generated)
        10          0          0          3          4          0   (incl. Padding)

    ----------------------------------------------------------------------

      Code (inc. data)   RO Data    RW Data    ZI Data      Debug   Library Member Name

         0          0          0          0          0          0   entry.o
         0          0          0          0          0          0   entry10a.o
         0          0          0          0          0          0   entry11a.o
         8          4          0          0          0          0   entry2.o
         4          0          0          0          0          0   entry5.o
         0          0          0          0          0          0   entry7b.o
         0          0          0          0          0          0   entry8b.o
         8          4          0          0          0          0   entry9a.o
        30          0          0          0          0          0   handlers.o
        36          8          0          0          0         68   init.o
         0          0          0          0          0          0   iusefp.o
        30          0          0          0          0         68   llshl.o
        36          0          0          0          0         68   llsshr.o
        32          0          0          0          0         68   llushr.o
       188         20          0          0          0        160   malloc.o
        26          0          0          0          0         80   memcmp.o
        36          0          0          0          0         68   memcpya.o
        36          0          0          0          0        108   memseta.o
         0          0          0          8          0          0   mvars.o
      2258         90          0          0          0        452   printfa.o
        44          0          0          0          0         80   uidiv.o
        98          0          0          0          0         92   uldiv.o
        48          0          0          0          0         68   cdrcmple.o
       334          0          0          0          0        148   dadd.o
       222          0          0          0          0        100   ddiv.o
       186          0          0          0          0        176   depilogue.o
        48          0          0          0          0         68   dfixul.o
       228          0          0          0          0         96   dmul.o

    ----------------------------------------------------------------------
      3942        126          0          8          0       1968   Library Totals
         6          0          0          0          0          0   (incl. Padding)

    ----------------------------------------------------------------------

      Code (inc. data)   RO Data    RW Data    ZI Data      Debug   Library Name

      2870        126          0          8          0       1312   mc_w.l
      1066          0          0          0          0        656   mf_w.l

    ----------------------------------------------------------------------
      3942        126          0          8          0       1968   Library Totals

    ----------------------------------------------------------------------

==============================================================================


      Code (inc. data)   RO Data    RW Data    ZI Data      Debug   

     13560       1188        460         96       3784     503578   Grand Totals
     13560       1188        460         96       3784     503578   ELF Image Totals
     13560       1188        460         96          0          0   ROM Totals

==============================================================================

    Total RO  Size (Code + RO Data)                14020 (  13.69kB)
    Total RW  Size (RW Data + ZI Data)              3880 (   3.79kB)
    Total ROM Size (Code + RO Data + RW Data)      14116 (  13.79kB)

==============================================================================

