Component: ARM Compiler 5.06 update 6 (build 750) Tool: armlink [4d35ed]

==============================================================================

Section Cross References

    app_battery.o(i._compute_battery_percenttage) refers to app_battery.o(.constdata) for my_bat_fly_tab
    app_battery.o(i.app_bat_entry) refers to driver_battery.o(i.bat_adc_init) for bat_adc_init
    app_battery.o(i.app_bat_entry) refers to ipc.o(i.rt_event_create) for rt_event_create
    app_battery.o(i.app_bat_entry) refers to kservice.o(i.rt_kprintf) for rt_kprintf
    app_battery.o(i.app_bat_entry) refers to driver_battery.o(i.bat_get_adc_value) for bat_get_adc_value
    app_battery.o(i.app_bat_entry) refers to app_battery.o(i.bubble_sort) for bubble_sort
    app_battery.o(i.app_bat_entry) refers to app_battery.o(i.bat_adc_get_average) for bat_adc_get_average
    app_battery.o(i.app_bat_entry) refers to app_battery.o(i.bat_adc_swap_filter) for bat_adc_swap_filter
    app_battery.o(i.app_bat_entry) refers to app_battery.o(i._compute_battery_percenttage) for _compute_battery_percenttage
    app_battery.o(i.app_bat_entry) refers to ipc.o(i.rt_event_send) for rt_event_send
    app_battery.o(i.app_bat_entry) refers to kservice.o(i.rt_memset) for rt_memset
    app_battery.o(i.app_bat_entry) refers to thread.o(i.rt_thread_delay) for rt_thread_delay
    app_battery.o(i.app_bat_entry) refers to app_battery.o(.data) for battery_running
    app_battery.o(i.app_bat_entry) refers to app_battery.o(.bss) for bat_adc_value
    app_battery.o(i.bat_adc_swap_filter) refers to app_battery.o(.data) for first_enter
    app_battery.o(i.bat_adc_swap_filter) refers to app_battery.o(.bss) for filter_buf
    app_battery.o(i.my_compute_battery_percenttage) refers to app_battery.o(.constdata) for my_bat_lut
    app_key.o(i.app_key_entry) refers to driver_led.o(i.battery_led_init) for battery_led_init
    app_key.o(i.app_key_entry) refers to driver_led.o(i.indicator_led_init) for indicator_led_init
    app_key.o(i.app_key_entry) refers to driver_key.o(i.uwb_power_out_init) for uwb_power_out_init
    app_key.o(i.app_key_entry) refers to driver_key.o(i.wifi_power_out_init) for wifi_power_out_init
    app_key.o(i.app_key_entry) refers to thread.o(i.rt_thread_delay) for rt_thread_delay
    app_key.o(i.app_key_entry) refers to kservice.o(i.rt_kprintf) for rt_kprintf
    app_key.o(i.app_key_entry) refers to ipc.o(i.rt_event_recv) for rt_event_recv
    app_key.o(i.app_key_entry) refers to driver_key.o(i.uwb_power_out_enable) for uwb_power_out_enable
    app_key.o(i.app_key_entry) refers to driver_key.o(i.wifi_power_out_enable) for wifi_power_out_enable
    app_key.o(i.app_key_entry) refers to driver_key.o(i.wifi_power_out_disable) for wifi_power_out_disable
    app_key.o(i.app_key_entry) refers to driver_led.o(i.battery_led_disable) for battery_led_disable
    app_key.o(i.app_key_entry) refers to driver_led.o(i.battery_led_enable) for battery_led_enable
    app_key.o(i.app_key_entry) refers to driver_led.o(i.indicator_led_disable) for indicator_led_disable
    app_key.o(i.app_key_entry) refers to driver_led.o(i.indicator_led_enable) for indicator_led_enable
    app_key.o(i.app_key_entry) refers to driver_key.o(i.uwb_power_out_disable) for uwb_power_out_disable
    app_key.o(i.app_key_entry) refers to app_key.o(.data) for key_running
    app_key.o(i.app_key_entry) refers to app_battery.o(.data) for bat_event
    app_key.o(i.app_key_entry) refers to app_update.o(.data) for update_led
    app_md5.o(i.MD5Final) refers to app_md5.o(i.MD5EncodeIntToChar) for MD5EncodeIntToChar
    app_md5.o(i.MD5Final) refers to app_md5.o(i.MD5Update) for MD5Update
    app_md5.o(i.MD5Final) refers to app_md5.o(.data) for PADDING
    app_md5.o(i.MD5Transform) refers to app_md5.o(i.MD5DecodeCharToInt) for MD5DecodeCharToInt
    app_md5.o(i.MD5Update) refers to rt_memcpy_v6.o(.text) for __aeabi_memcpy
    app_md5.o(i.MD5Update) refers to app_md5.o(i.MD5Transform) for MD5Transform
    app_md5.o(i.data_reset) refers to kservice.o(i.rt_memset) for rt_memset
    app_md5.o(i.data_reset) refers to app_md5.o(.data) for sample_index
    app_md5.o(i.data_reset) refers to app_md5.o(.bss) for x
    app_md5.o(i.get_bin_md5) refers to _printf_pad.o(.text) for _printf_pre_padding
    app_md5.o(i.get_bin_md5) refers to _printf_percent.o(.ARM.Collect$$_printf_percent$$00000000) for _printf_percent
    app_md5.o(i.get_bin_md5) refers to _printf_x.o(.ARM.Collect$$_printf_percent$$0000000C) for _printf_x
    app_md5.o(i.get_bin_md5) refers to _printf_hex_int_ll_ptr.o(.text) for _printf_longlong_hex
    app_md5.o(i.get_bin_md5) refers to app_md5.o(i.data_reset) for data_reset
    app_md5.o(i.get_bin_md5) refers to stmflash.o(i.Flash_Read8BitDatas) for Flash_Read8BitDatas
    app_md5.o(i.get_bin_md5) refers to app_md5.o(i.read_group_tempbuf) for read_group_tempbuf
    app_md5.o(i.get_bin_md5) refers to app_md5.o(i.md5) for md5
[...]
    rt_event_create                          0x0801255d   Thumb Code    84  ipc.o(i.rt_event_create)
    rt_event_recv                            0x080125dd   Thumb Code   368  ipc.o(i.rt_event_recv)
    rt_event_send                            0x080127cd   Thumb Code   210  ipc.o(i.rt_event_send)
    rt_exit_critical                         0x080128bd   Thumb Code    54  scheduler.o(i.rt_exit_critical)
    rt_free                                  0x080128f9   Thumb Code   248  mem.o(i.rt_free)
    rt_hw_board_init                         0x08012a91   Thumb Code   102  board.o(i.rt_hw_board_init)
    rt_hw_console_output                     0x08012b0d   Thumb Code     2  kservice.o(i.rt_hw_console_output)
    rt_hw_hard_fault_exception               0x08012b11   Thumb Code   224  cpuport.o(i.rt_hw_hard_fault_exception)
    rt_hw_serial_isr                         0x08012d41   Thumb Code   386  serial.o(i.rt_hw_serial_isr)
    rt_hw_serial_register                    0x08012edd   Thumb Code    76  serial.o(i.rt_hw_serial_register)
    rt_hw_stack_init                         0x08012f59   Thumb Code    74  cpuport.o(i.rt_hw_stack_init)
    rt_init_thread_entry                     0x08012fa9   Thumb Code   212  main.o(i.rt_init_thread_entry)
    rt_interrupt_enter                       0x080130c1   Thumb Code    30  irq.o(i.rt_interrupt_enter)
    rt_interrupt_get_nest                    0x080130e5   Thumb Code     6  irq.o(i.rt_interrupt_get_nest)
    rt_interrupt_leave                       0x080130f1   Thumb Code    30  irq.o(i.rt_interrupt_leave)
    rt_kprintf                               0x080131dd   Thumb Code    78  kservice.o(i.rt_kprintf)
    rt_malloc                                0x080132f9   Thumb Code   520  mem.o(i.rt_malloc)
    rt_memcmp                                0x080135ad   Thumb Code    38  kservice.o(i.rt_memcmp)
    rt_memcpy                                0x080135d3   Thumb Code   124  kservice.o(i.rt_memcpy)
    rt_memset                                0x0801364f   Thumb Code    72  kservice.o(i.rt_memset)
    rt_mq_create                             0x08013699   Thumb Code   170  ipc.o(i.rt_mq_create)
    rt_mq_delete                             0x08013771   Thumb Code    84  ipc.o(i.rt_mq_delete)
    rt_mq_recv                               0x08013801   Thumb Code   424  ipc.o(i.rt_mq_recv)
    rt_mq_send                               0x08013a41   Thumb Code   210  ipc.o(i.rt_mq_send)
    rt_mutex_create                          0x08013b4d   Thumb Code   100  ipc.o(i.rt_mutex_create)
    rt_mutex_delete                          0x08013bdd   Thumb Code    78  ipc.o(i.rt_mutex_delete)
    rt_mutex_release                         0x08013c6d   Thumb Code   278  ipc.o(i.rt_mutex_release)
    rt_mutex_take                            0x08013ded   Thumb Code   340  ipc.o(i.rt_mutex_take)
    rt_object_allocate                       0x08013fc1   Thumb Code   132  object.o(i.rt_object_allocate)
    rt_object_delete                         0x08014079   Thumb Code    84  object.o(i.rt_object_delete)
    rt_object_detach                         0x08014115   Thumb Code    56  object.o(i.rt_object_detach)
    rt_object_init                           0x08014169   Thumb Code    76  object.o(i.rt_object_init)
    rt_object_is_systemobject                0x080141bd   Thumb Code    34  object.o(i.rt_object_is_systemobject)
    rt_ringbuffer_get                        0x080142b5   Thumb Code   178  ringbuffer.o(i.rt_ringbuffer_get)
    rt_ringbuffer_init                       0x0801437d   Thumb Code    80  ringbuffer.o(i.rt_ringbuffer_init)
    rt_ringbuffer_put                        0x080143ed   Thumb Code   180  ringbuffer.o(i.rt_ringbuffer_put)
    rt_schedule                              0x080144e1   Thumb Code   134  scheduler.o(i.rt_schedule)
    rt_schedule_insert_thread                0x08014585   Thumb Code    82  scheduler.o(i.rt_schedule_insert_thread)
    rt_schedule_remove_thread                0x080145f9   Thumb Code    94  scheduler.o(i.rt_schedule_remove_thread)
    rt_sem_create                            0x08014679   Thumb Code    84  ipc.o(i.rt_sem_create)
    rt_sem_delete                            0x080146f9   Thumb Code    78  ipc.o(i.rt_sem_delete)
    rt_sem_init                              0x08014785   Thumb Code    50  ipc.o(i.rt_sem_init)
    rt_sem_release                           0x080147cd   Thumb Code    80  ipc.o(i.rt_sem_release)
    rt_sem_take                              0x08014821   Thumb Code   266  ipc.o(i.rt_sem_take)
    rt_set_errno                             0x08015071   Thumb Code    36  kservice.o(i.rt_set_errno)
    rt_show_version                          0x08015099   Thumb Code    42  kservice.o(i.rt_show_version)
    rt_snprintf                              0x08015151   Thumb Code    38  kservice.o(i.rt_snprintf)
    rt_sprintf                               0x08015177   Thumb Code    34  kservice.o(i.rt_sprintf)
    rt_strcmp                                0x08015199   Thumb Code    28  kservice.o(i.rt_strcmp)
    rt_strlen                                0x080151b5   Thumb Code    18  kservice.o(i.rt_strlen)
    rt_strncmp                               0x080151c7   Thumb Code    40  kservice.o(i.rt_strncmp)
    rt_strncpy                               0x080151ef   Thumb Code    52  kservice.o(i.rt_strncpy)
    rt_system_heap_init                      0x08015225   Thumb Code   204  mem.o(i.rt_system_heap_init)
    rt_system_scheduler_init                 0x08015375   Thumb Code    56  scheduler.o(i.rt_system_scheduler_init)
    rt_system_scheduler_start                0x080153c5   Thumb Code    36  scheduler.o(i.rt_system_scheduler_start)
    rt_system_timer_init                     0x080153f5   Thumb Code    24  timer.o(i.rt_system_timer_init)
    rt_system_timer_thread_init              0x08015411   Thumb Code     2  timer.o(i.rt_system_timer_thread_init)
    rt_thread_control                        0x08015415   Thumb Code   128  thread.o(i.rt_thread_control)
    rt_thread_create                         0x080154ad   Thumb Code    80  thread.o(i.rt_thread_create)
    rt_thread_delay                          0x080154fd   Thumb Code    12  thread.o(i.rt_thread_delay)
    rt_thread_delete                         0x08015509   Thumb Code    64  thread.o(i.rt_thread_delete)
    rt_thread_idle_excute                    0x080155d5   Thumb Code   158  idle.o(i.rt_thread_idle_excute)
    rt_thread_idle_init                      0x080156a5   Thumb Code    38  idle.o(i.rt_thread_idle_init)
    rt_thread_init                           0x080156e1   Thumb Code    74  thread.o(i.rt_thread_init)
    rt_thread_resume                         0x0801575d   Thumb Code    78  thread.o(i.rt_thread_resume)
    rt_thread_self                           0x080157c5   Thumb Code     6  thread.o(i.rt_thread_self)
    rt_thread_sleep                          0x080157d1   Thumb Code    76  thread.o(i.rt_thread_sleep)
    rt_thread_startup                        0x08015839   Thumb Code    80  thread.o(i.rt_thread_startup)
    rt_thread_suspend                        0x080158c1   Thumb Code    76  thread.o(i.rt_thread_suspend)
    rt_thread_timeout                        0x08015925   Thumb Code    66  thread.o(i.rt_thread_timeout)
    rt_thread_yield                          0x080159a5   Thumb Code    88  thread.o(i.rt_thread_yield)
    rt_tick_from_millisecond                 0x08015a05   Thumb Code    20  clock.o(i.rt_tick_from_millisecond)
    rt_tick_get                              0x08015a19   Thumb Code     6  clock.o(i.rt_tick_get)
    rt_tick_increase                         0x08015a25   Thumb Code    42  clock.o(i.rt_tick_increase)
    rt_timer_check                           0x08015a55   Thumb Code   148  timer.o(i.rt_timer_check)
    rt_timer_control                         0x08015af1   Thumb Code    76  timer.o(i.rt_timer_control)
    rt_timer_detach                          0x08015b55   Thumb Code    44  timer.o(i.rt_timer_detach)
    rt_timer_init                            0x08015b99   Thumb Code    58  timer.o(i.rt_timer_init)
    rt_timer_start                           0x08015bed   Thumb Code   292  timer.o(i.rt_timer_start)
    rt_timer_stop                            0x08015d59   Thumb Code    80  timer.o(i.rt_timer_stop)
    rt_vsnprintf                             0x08015dc5   Thumb Code   884  kservice.o(i.rt_vsnprintf)
    rt_vsprintf                              0x08016141   Thumb Code    18  kservice.o(i.rt_vsprintf)
    rtthread_startup                         0x0801615f   Thumb Code    36  main.o(i.rtthread_startup)
    set_ap_trans_falg                        0x08016185   Thumb Code     6  app_wifi_set.o(i.set_ap_trans_falg)
    stm32_dma_transmit                       0x080163f5   Thumb Code    74  drv_usart.o(i.stm32_dma_transmit)
    stm32_hw_usart_init                      0x0801649d   Thumb Code   260  drv_usart.o(i.stm32_hw_usart_init)
    uwb_power_out_disable                    0x08016711   Thumb Code    14  driver_key.o(i.uwb_power_out_disable)
    uwb_power_out_enable                     0x08016725   Thumb Code    14  driver_key.o(i.uwb_power_out_enable)
    uwb_power_out_init                       0x08016739   Thumb Code    66  driver_key.o(i.uwb_power_out_init)
    version_conversion                       0x08016785   Thumb Code    26  app_update.o(i.version_conversion)
    wifi_device_init                         0x080167a1   Thumb Code    86  app_wifi_set.o(i.wifi_device_init)
    wifi_exit_trans_mode                     0x08016815   Thumb Code    44  app_wifi_set.o(i.wifi_exit_trans_mode)
    wifi_get_ap_ip_info                      0x0801686d   Thumb Code   418  app_wifi_set.o(i.wifi_get_ap_ip_info)
    wifi_get_ap_setting                      0x08016a71   Thumb Code   294  app_wifi_set.o(i.wifi_get_ap_setting)
    wifi_get_opmode                          0x08016bfd   Thumb Code   128  app_wifi_set.o(i.wifi_get_opmode)
    wifi_get_version                         0x08016cdd   Thumb Code   148  app_wifi_set.o(i.wifi_get_version)
    wifi_get_wirelessmode                    0x08016df1   Thumb Code   128  app_wifi_set.o(i.wifi_get_wirelessmode)
    wifi_opmode_set                          0x08016f59   Thumb Code     6  app_wifi_set.o(i.wifi_opmode_set)
    wifi_power_out_disable                   0x08016f61   Thumb Code    14  driver_key.o(i.wifi_power_out_disable)
    wifi_power_out_enable                    0x08016f75   Thumb Code    14  driver_key.o(i.wifi_power_out_enable)
    wifi_power_out_init                      0x08016f89   Thumb Code    66  driver_key.o(i.wifi_power_out_init)
    wifi_reboot                              0x08016fd5   Thumb Code    70  app_wifi_set.o(i.wifi_reboot)
    wifi_set_ap_auto_server                  0x08017051   Thumb Code   108  app_wifi_set.o(i.wifi_set_ap_auto_server)
    wifi_set_ap_info                         0x08017105   Thumb Code   132  app_wifi_set.o(i.wifi_set_ap_info)
    wifi_set_ap_ip_info                      0x080171d1   Thumb Code   142  app_wifi_set.o(i.wifi_set_ap_ip_info)
    wifi_set_opmode                          0x080172b1   Thumb Code   152  app_wifi_set.o(i.wifi_set_opmode)
    wifi_set_storage                         0x080173a9   Thumb Code   370  app_wifi_recv.o(i.wifi_set_storage)
    wifi_set_wirelessmode                    0x08017601   Thumb Code   152  app_wifi_set.o(i.wifi_set_wirelessmode)
    write_param                              0x08017709   Thumb Code    46  stmflash.o(i.write_param)
    _get_lc_ctype                            0x0801773d   Thumb Code    44  lc_ctype_c.o(locale$$code)
    _get_lc_numeric                          0x08017769   Thumb Code    44  lc_numeric_c.o(locale$$code)
    _fp_init                                 0x08017795   Thumb Code    10  fpinit.o(x$fpl$fpinit)
    __fplib_config_fpu_vfp                   0x0801779d   Thumb Code     0  fpinit.o(x$fpl$fpinit)
    __fplib_config_pureend_doubles           0x0801779d   Thumb Code     0  fpinit.o(x$fpl$fpinit)
    _printf_fp_dec                           0x0801779f   Thumb Code     4  printf1.o(x$fpl$printf1)
    _printf_fp_hex                           0x080177a3   Thumb Code     4  printf2.o(x$fpl$printf2)
    __I$use$fp                               0x080177a6   Number         0  usenofp.o(x$fpl$usenofp)
    AHBPrescTable                            0x08017968   Data          16  system_stm32f4xx.o(.constdata)
    APBPrescTable                            0x08017978   Data           8  system_stm32f4xx.o(.constdata)
    __lowest_bit_bitmap                      0x08017e1e   Data         256  kservice.o(.constdata)
    __rt_init_rti_board_start                0x0801849c   Data           4  components.o(.rti_fn.0.end)
    __rt_init_rti_board_end                  0x080184a0   Data           4  components.o(.rti_fn.1.end)
    __rt_init_rti_end                        0x080184a4   Data           4  components.o(.rti_fn.6.end)
    Region$$Table$$Base                      0x080184a8   Number         0  anon$$obj.o(Region$$Table)
    Region$$Table$$Limit                     0x080184c8   Number         0  anon$$obj.o(Region$$Table)
    __ctype                                  0x080184d5   Data           0  lc_ctype_c.o(locale$$data)
    bat_event                                0x20000000   Data           4  app_battery.o(.data)
    bat_health                               0x2000000c   Data           1  app_battery.o(.data)
    global_percent                           0x2000000d   Data           1  app_battery.o(.data)
    wifi_dev_sta                             0x20000016   Data           1  app_key.o(.data)
    connect_indicator_flag                   0x20000017   Data           1  app_key.o(.data)
    led_change_num                           0x20000019   Data           1  app_key.o(.data)
    Base_num                                 0x2000001a   Data           2  app_key.o(.data)
    uwb_running                              0x2000001c   Data           1  app_key.o(.data)
    wifi_running                             0x2000001d   Data           1  app_key.o(.data)
    PADDING                                  0x20000028   Data          64  app_md5.o(.data)
    A                                        0x20000068   Data           4  app_md5.o(.data)
    B                                        0x2000006c   Data           4  app_md5.o(.data)
    C                                        0x20000070   Data           4  app_md5.o(.data)
    D                                        0x20000074   Data           4  app_md5.o(.data)
    a                                        0x20000078   Data           4  app_md5.o(.data)
    b                                        0x2000007c   Data           4  app_md5.o(.data)
    c                                        0x20000080   Data           4  app_md5.o(.data)
    d                                        0x20000084   Data           4  app_md5.o(.data)
    flen                                     0x20000088   Data           8  app_md5.o(.data)
    i                                        0x20000090   Data           2  app_md5.o(.data)
    j                                        0x20000092   Data           2  app_md5.o(.data)
    k                                        0x20000094   Data           2  app_md5.o(.data)
    sample_index                             0x20000098   Data           4  app_md5.o(.data)
    data_index                               0x2000009c   Data           4  app_md5.o(.data)
    read_times                               0x200000a0   Data           4  app_md5.o(.data)
    BIN_location                             0x200000a4   Data           4  app_md5.o(.data)
    firmware_update                          0x200000a8   Data           4  app_update.o(.data)
    send_fly_reboot_flag                     0x200000ac   Data           1  app_update.o(.data)
    update_led                               0x200000ad   Data           1  app_update.o(.data)
    get_uwb_num_sta                          0x200000af   Data           1  app_uwb.o(.data)
    wifi_tick_flag                           0x200000b0   Data           1  app_uwb.o(.data)
    uwb_update_flag                          0x200000b1   Data           1  app_uwb.o(.data)
    wifi_init_thread                         0x200000b4   Data           4  app_wifi_set.o(.data)
    exit_trans_count                         0x200000bb   Data           1  app_wifi_set.o(.data)
    ap_init_flag                             0x200001c0   Data           1  app_wifi_set.o(.data)
    wifi_uwb_datasta                         0x200001cc   Data           1  app_wifi_recv.o(.data)
    update_uwblock                           0x200001cd   Data           1  app_wifi_recv.o(.data)
    lock_uwbtick                             0x200001ce   Data           1  app_wifi_recv.o(.data)
    wifi_recv_len                            0x200001d4   Data           4  app_wifi_recv.o(.data)
    dma_recv_len                             0x200001f8   Data           4  drv_usart.o(.data)
    uart1                                    0x200001fc   Data         292  drv_usart.o(.data)
    uart2                                    0x20000320   Data         292  drv_usart.o(.data)
    uart6                                    0x20000444   Data         292  drv_usart.o(.data)
    SystemCoreClock                          0x20000574   Data           4  system_stm32f4xx.o(.data)
    uwTick                                   0x20000578   Data           4  stm32f4xx_hal.o(.data)
    uwTickPrio                               0x2000057c   Data           4  stm32f4xx_hal.o(.data)
    uwTickFreq                               0x20000580   Data           1  stm32f4xx_hal.o(.data)
    rt_interrupt_from_thread                 0x20000584   Data           4  cpuport.o(.data)
    rt_interrupt_to_thread                   0x20000588   Data           4  cpuport.o(.data)
    rt_thread_switch_interrupt_flag          0x2000058c   Data           4  cpuport.o(.data)
    rt_interrupt_nest                        0x2000059c   Data           1  irq.o(.data)
    rt_assert_hook                           0x200005a8   Data           4  kservice.o(.data)
    rt_object_container                      0x200005cc   Data         128  object.o(.data)
    rt_object_trytake_hook                   0x20000654   Data           4  object.o(.data)
    rt_object_take_hook                      0x20000658   Data           4  object.o(.data)
    rt_object_put_hook                       0x2000065c   Data           4  object.o(.data)
    rt_current_thread                        0x20000664   Data           4  scheduler.o(.data)
    rt_current_priority                      0x20000668   Data           1  scheduler.o(.data)
    rt_thread_ready_priority_group           0x2000066c   Data           4  scheduler.o(.data)
    rt_thread_defunct                        0x20000670   Data           8  scheduler.o(.data)
    read_buff                                0x20000b28   Data        1024  app_update.o(.bss)
    read_md5_buf                             0x20000f28   Data         200  app_update.o(.bss)
    wifi_5G                                  0x2000400c   Data         484  app_wifi_set.o(.bss)
    serial1                                  0x200069f0   Data         108  drv_usart.o(.bss)
    serial2                                  0x2000727c   Data         108  drv_usart.o(.bss)
    serial6                                  0x200074e8   Data         108  drv_usart.o(.bss)
    HRT_TIMER_Handler                        0x20007d74   Data          72  hrt.o(.bss)
    adc1_handler                             0x20007dbc   Data          72  driver_battery.o(.bss)
    pFlash                                   0x20007e64   Data          32  stm32f4xx_hal_flash.o(.bss)
    rt_thread_priority_table                 0x200081b0   Data         256  scheduler.o(.bss)
    __libspace_start                         0x200082b0   Data          96  libspace.o(.bss)
    __temporary_stack_top$libspace           0x20008310   Data           0  libspace.o(.bss)
    Image$$RW_IRAM1$$ZI$$Limit               0x20008710   Number         0  anon$$obj.o ABSOLUTE



==============================================================================

Memory Map of the image

  Image Entry point : 0x08008195

  Load Region LR_IROM1 (Base: 0x08008000, Size: 0x00010c80, Max: 0x00018000, ABSOLUTE, COMPRESSED[0x00010718])

    Execution Region ER_IROM1 (Exec base: 0x08008000, Load base: 0x08008000, Size: 0x000105f4, Max: 0x00018000, ABSOLUTE)

    Exec Addr    Load Addr    Size         Type   Attr      Idx    E Section Name        Object

    0x08008000   0x08008000   0x00000194   Data   RO         1807    RESET               startup_stm32f401xc.o
    0x08008194   0x08008194   0x00000008   Code   RO         8933  * !!!main             c_w.l(__main.o)
    0x0800819c   0x0800819c   0x00000034   Code   RO         9228    !!!scatter          c_w.l(__scatter.o)
    0x080081d0   0x080081d0   0x0000005a   Code   RO         9226    !!dczerorl2         c_w.l(__dczerorl2.o)
    0x0800822a   0x0800822a   0x00000002   PAD
    0x0800822c   0x0800822c   0x0000001c   Code   RO         9230    !!handler_zi        c_w.l(__scatter_zi.o)
    0x08008248   0x08008248   0x00000000   Code   RO         8906    .ARM.Collect$$_printf_percent$$00000000  c_w.l(_printf_percent.o)
    0x08008248   0x08008248   0x00000006   Code   RO         8972    .ARM.Collect$$_printf_percent$$00000001  c_w.l(_printf_n.o)
    0x0800824e   0x0800824e   0x00000006   Code   RO         8973    .ARM.Collect$$_printf_percent$$00000002  c_w.l(_printf_p.o)
    0x08008254   0x08008254   0x00000006   Code   RO         8978    .ARM.Collect$$_printf_percent$$00000003  c_w.l(_printf_f.o)
    0x0800825a   0x0800825a   0x00000006   Code   RO         8979    .ARM.Collect$$_printf_percent$$00000004  c_w.l(_printf_e.o)
    0x08008260   0x08008260   0x00000006   Code   RO         8980    .ARM.Collect$$_printf_percent$$00000005  c_w.l(_printf_g.o)
    0x08008266   0x08008266   0x00000006   Code   RO         8981    .ARM.Collect$$_printf_percent$$00000006  c_w.l(_printf_a.o)
    0x0800826c   0x0800826c   0x0000000a   Code   RO         8986    .ARM.Collect$$_printf_percent$$00000007  c_w.l(_printf_ll.o)
    0x08008276   0x08008276   0x00000006   Code   RO         8975    .ARM.Collect$$_printf_percent$$00000008  c_w.l(_printf_i.o)
    0x0800827c   0x0800827c   0x00000006   Code   RO         8976    .ARM.Collect$$_printf_percent$$00000009  c_w.l(_printf_d.o)
    0x08008282   0x08008282   0x00000006   Code   RO         8977    .ARM.Collect$$_printf_percent$$0000000A  c_w.l(_printf_u.o)
    0x08008288   0x08008288   0x00000006   Code   RO         8974    .ARM.Collect$$_printf_percent$$0000000B  c_w.l(_printf_o.o)
    0x0800828e   0x0800828e   0x00000006   Code   RO         8905    .ARM.Collect$$_printf_percent$$0000000C  c_w.l(_printf_x.o)
    0x08008294   0x08008294   0x00000006   Code   RO         8983    .ARM.Collect$$_printf_percent$$0000000D  c_w.l(_printf_lli.o)
    0x0800829a   0x0800829a   0x00000006   Code   RO         8984    .ARM.Collect$$_printf_percent$$0000000E  c_w.l(_printf_lld.o)
    0x080082a0   0x080082a0   0x00000006   Code   RO         8985    .ARM.Collect$$_printf_percent$$0000000F  c_w.l(_printf_llu.o)
    0x080082a6   0x080082a6   0x00000006   Code   RO         8990    .ARM.Collect$$_printf_percent$$00000010  c_w.l(_printf_llo.o)
    0x080082ac   0x080082ac   0x00000006   Code   RO         8991    .ARM.Collect$$_printf_percent$$00000011  c_w.l(_printf_llx.o)
    0x080082b2   0x080082b2   0x0000000a   Code   RO         8987    .ARM.Collect$$_printf_percent$$00000012  c_w.l(_printf_l.o)
    0x080082bc   0x080082bc   0x00000006   Code   RO         8970    .ARM.Collect$$_printf_percent$$00000013  c_w.l(_printf_c.o)
    0x080082c2   0x080082c2   0x00000006   Code   RO         8971    .ARM.Collect$$_printf_percent$$00000014  c_w.l(_printf_s.o)
    0x080082c8   0x080082c8   0x00000006   Code   RO         8988    .ARM.Collect$$_printf_percent$$00000015  c_w.l(_printf_lc.o)
    0x080082ce   0x080082ce   0x00000006   Code   RO         8989    .ARM.Collect$$_printf_percent$$00000016  c_w.l(_printf_ls.o)
    0x080082d4   0x080082d4   0x00000004   Code   RO         8982    .ARM.Collect$$_printf_percent$$00000017  c_w.l(_printf_percent_end.o)
    0x080082d8   0x080082d8   0x00000002   Code   RO         9094    .ARM.Collect$$libinit$$00000000  c_w.l(libinit.o)
    0x080082da   0x080082da   0x00000004   Code   RO         9108    .ARM.Collect$$libinit$$00000001  c_w.l(libinit2.o)
    0x080082de   0x080082de   0x00000000   Code   RO         9111    .ARM.Collect$$libinit$$00000004  c_w.l(libinit2.o)
    0x080082de   0x080082de   0x00000000   Code   RO         9114    .ARM.Collect$$libinit$$0000000A  c_w.l(libinit2.o)
    0x080082de   0x080082de   0x00000000   Code   RO         9116    .ARM.Collect$$libinit$$0000000C  c_w.l(libinit2.o)
    0x080082de   0x080082de   0x00000000   Code   RO         9118    .ARM.Collect$$libinit$$0000000E  c_w.l(libinit2.o)
    0x080082de   0x080082de   0x00000006   Code   RO         9119    .ARM.Collect$$libinit$$0000000F  c_w.l(libinit2.o)
    0x080082e4   0x080082e4   0x00000000   Code   RO         9121    .ARM.Collect$$libinit$$00000011  c_w.l(libinit2.o)
    0x080082e4   0x080082e4   0x0000000c   Code   RO         9122    .ARM.Collect$$libinit$$00000012  c_w.l(libinit2.o)
    0x080082f0   0x080082f0   0x00000000   Code   RO         9123    .ARM.Collect$$libinit$$00000013  c_w.l(libinit2.o)
    0x080082f0   0x080082f0   0x00000000   Code   RO         9125    .ARM.Collect$$libinit$$00000015  c_w.l(libinit2.o)
    0x080082f0   0x080082f0   0x0000000a   Code   RO         9126    .ARM.Collect$$libinit$$00000016  c_w.l(libinit2.o)
    0x080082fa   0x080082fa   0x00000000   Code   RO         9127    .ARM.Collect$$libinit$$00000017  c_w.l(libinit2.o)
    0x080082fa   0x080082fa   0x00000000   Code   RO         9129    .ARM.Collect$$libinit$$00000019  c_w.l(libinit2.o)
    0x080082fa   0x080082fa   0x00000000   Code   RO         9131    .ARM.Collect$$libinit$$0000001B  c_w.l(libinit2.o)
    0x080082fa   0x080082fa   0x00000000   Code   RO         9133    .ARM.Collect$$libinit$$0000001D  c_w.l(libinit2.o)
    0x080082fa   0x080082fa   0x00000000   Code   RO         9135    .ARM.Collect$$libinit$$0000001F  c_w.l(libinit2.o)
    0x080082fa   0x080082fa   0x00000000   Code   RO         9137    .ARM.Collect$$libinit$$00000021  c_w.l(libinit2.o)
    0x080082fa   0x080082fa   0x00000000   Code   RO         9139    .ARM.Collect$$libinit$$00000023  c_w.l(libinit2.o)
    0x080082fa   0x080082fa   0x00000000   Code   RO         9141    .ARM.Collect$$libinit$$00000025  c_w.l(libinit2.o)
    0x080082fa   0x080082fa   0x00000000   Code   RO         9145    .ARM.Collect$$libinit$$0000002C  c_w.l(libinit2.o)
    0x080082fa   0x080082fa   0x00000000   Code   RO         9147    .ARM.Collect$$libinit$$0000002E  c_w.l(libinit2.o)
    0x080082fa   0x080082fa   0x00000000   Code   RO         9149    .ARM.Collect$$libinit$$00000030  c_w.l(libinit2.o)
    0x080082fa   0x080082fa   0x00000000   Code   RO         9151    .ARM.Collect$$libinit$$00000032  c_w.l(libinit2.o)
    0x080082fa   0x080082fa   0x00000002   Code   RO         9152    .ARM.Collect$$libinit$$00000033  c_w.l(libinit2.o)
    0x080082fc   0x080082fc   0x00000002   Code   RO         9183    .ARM.Collect$$libshutdown$$00000000  c_w.l(libshutdown.o)
    0x080082fe   0x080082fe   0x00000000   Code   RO         9209    .ARM.Collect$$libshutdown$$00000002  c_w.l(libshutdown2.o)
    0x080082fe   0x080082fe   0x00000000   Code   RO         9211    .ARM.Collect$$libshutdown$$00000004  c_w.l(libshutdown2.o)
    0x080082fe   0x080082fe   0x00000000   Code   RO         9214    .ARM.Collect$$libshutdown$$00000007  c_w.l(libshutdown2.o)
    0x080082fe   0x080082fe   0x00000000   Code   RO         9217    .ARM.Collect$$libshutdown$$0000000A  c_w.l(libshutdown2.o)
    0x080082fe   0x080082fe   0x00000000   Code   RO         9219    .ARM.Collect$$libshutdown$$0000000C  c_w.l(libshutdown2.o)
    0x080082fe   0x080082fe   0x00000000   Code   RO         9222    .ARM.Collect$$libshutdown$$0000000F  c_w.l(libshutdown2.o)
    0x080082fe   0x080082fe   0x00000002   Code   RO         9223    .ARM.Collect$$libshutdown$$00000010  c_w.l(libshutdown2.o)
    0x08008300   0x08008300   0x00000000   Code   RO         8935    .ARM.Collect$$rtentry$$00000000  c_w.l(__rtentry.o)
    0x08008300   0x08008300   0x00000000   Code   RO         9006    .ARM.Collect$$rtentry$$00000002  c_w.l(__rtentry2.o)
    0x08008300   0x08008300   0x00000006   Code   RO         9018    .ARM.Collect$$rtentry$$00000004  c_w.l(__rtentry4.o)
    0x08008306   0x08008306   0x00000000   Code   RO         9008    .ARM.Collect$$rtentry$$00000009  c_w.l(__rtentry2.o)
    0x08008306   0x08008306   0x00000004   Code   RO         9009    .ARM.Collect$$rtentry$$0000000A  c_w.l(__rtentry2.o)
    0x0800830a   0x0800830a   0x00000000   Code   RO         9011    .ARM.Collect$$rtentry$$0000000C  c_w.l(__rtentry2.o)
    0x0800830a   0x0800830a   0x00000008   Code   RO         9012    .ARM.Collect$$rtentry$$0000000D  c_w.l(__rtentry2.o)
    0x08008312   0x08008312   0x00000002   Code   RO         9100    .ARM.Collect$$rtexit$$00000000  c_w.l(rtexit.o)
    0x08008314   0x08008314   0x00000000   Code   RO         9156    .ARM.Collect$$rtexit$$00000002  c_w.l(rtexit2.o)
    0x08008314   0x08008314   0x00000004   Code   RO         9157    .ARM.Collect$$rtexit$$00000003  c_w.l(rtexit2.o)
    0x08008318   0x08008318   0x00000006   Code   RO         9158    .ARM.Collect$$rtexit$$00000004  c_w.l(rtexit2.o)
    0x0800831e   0x0800831e   0x00000002   PAD
    0x08008320   0x08008320   0x0000003c   Code   RO         1808    .text               startup_stm32f401xc.o
    0x0800835c   0x0800835c   0x0000010c   Code   RO         7644    .text               context_rvds.o
    0x08008468   0x08008468   0x000000ee   Code   RO         8852    .text               c_w.l(lludivv7m.o)
    0x08008556   0x08008556   0x00000002   PAD
    0x08008558   0x08008558   0x00000024   Code   RO         8854    .text               c_w.l(vsprintf.o)
    0x0800857c   0x0800857c   0x0000004e   Code   RO         8862    .text               c_w.l(_printf_pad.o)
    0x080085ca   0x080085ca   0x00000002   PAD
    0x080085cc   0x080085cc   0x00000094   Code   RO         8882    .text               c_w.l(_printf_hex_int_ll_ptr.o)
    0x08008660   0x08008660   0x00000188   Code   RO         8902    .text               c_w.l(__printf_flags_ss_wp.o)
    0x080087e8   0x080087e8   0x00000014   Code   RO         8909    .text               c_w.l(strchr.o)
    0x080087fc   0x080087fc   0x00000024   Code   RO         8911    .text               c_w.l(strstr.o)
    0x08008820   0x08008820   0x00000058   Code   RO         8913    .text               c_w.l(memcmp.o)
    0x08008878   0x08008878   0x0000003e   Code   RO         8915    .text               c_w.l(strlen.o)
    0x080088b6   0x080088b6   0x0000008a   Code   RO         8919    .text               c_w.l(rt_memcpy_v6.o)
    0x08008940   0x08008940   0x00000064   Code   RO         8921    .text               c_w.l(rt_memcpy_w.o)
    0x080089a4   0x080089a4   0x00000044   Code   RO         8923    .text               c_w.l(rt_memclr.o)
    0x080089e8   0x080089e8   0x0000004e   Code   RO         8925    .text               c_w.l(rt_memclr_w.o)
    0x08008a36   0x08008a36   0x00000002   PAD
    0x08008a38   0x08008a38   0x00000080   Code   RO         8929    .text               c_w.l(strcmpv7m.o)
    0x08008ab8   0x08008ab8   0x00000006   Code   RO         8931    .text               c_w.l(heapauxi.o)
    0x08008abe   0x08008abe   0x00000024   Code   RO         8945    .text               c_w.l(_printf_truncate.o)
    0x08008ae2   0x08008ae2   0x00000052   Code   RO         8947    .text               c_w.l(_printf_str.o)
    0x08008b34   0x08008b34   0x000000b2   Code   RO         8949    .text               c_w.l(_printf_intcommon.o)
    0x08008be6   0x08008be6   0x00000002   PAD
    0x08008be8   0x08008be8   0x00000078   Code   RO         8951    .text               c_w.l(_printf_dec.o)
    0x08008c60   0x08008c60   0x00000028   Code   RO         8953    .text               c_w.l(_printf_charcount.o)
    0x08008c88   0x08008c88   0x00000030   Code   RO         8955    .text               c_w.l(_printf_char_common.o)
    0x08008cb8   0x08008cb8   0x0000000a   Code   RO         8957    .text               c_w.l(_sputc.o)
    0x08008cc2   0x08008cc2   0x00000002   PAD
    0x08008cc4   0x08008cc4   0x000000bc   Code   RO         8959    .text               c_w.l(_printf_wctomb.o)
    0x08008d80   0x08008d80   0x0000007c   Code   RO         8962    .text               c_w.l(_printf_longlong_dec.o)
    0x08008dfc   0x08008dfc   0x00000070   Code   RO         8968    .text               c_w.l(_printf_oct_int_ll.o)
    0x08008e6c   0x08008e6c   0x00000008   Code   RO         9002    .text               c_w.l(libspace.o)
    0x08008e74   0x08008e74   0x00000010   Code   RO         9020    .text               c_w.l(rt_ctype_table.o)
    0x08008e84   0x08008e84   0x0000008a   Code   RO         9024    .text               c_w.l(lludiv10.o)
    0x08008f0e   0x08008f0e   0x0000041e   Code   RO         9026    .text               c_w.l(_printf_fp_dec.o)
    0x0800932c   0x0800932c   0x000002fc   Code   RO         9028    .text               c_w.l(_printf_fp_hex.o)
    0x08009628   0x08009628   0x0000002c   Code   RO         9033    .text               c_w.l(_printf_char.o)
    0x08009654   0x08009654   0x0000002c   Code   RO         9035    .text               c_w.l(_printf_wchar.o)
    0x08009680   0x08009680   0x00000040   Code   RO         9039    .text               c_w.l(_wcrtomb.o)
    0x080096c0   0x080096c0   0x0000004a   Code   RO         9041    .text               c_w.l(sys_stackheap_outer.o)
    0x0800970a   0x0800970a   0x00000002   PAD
    0x0800970c   0x0800970c   0x00000008   Code   RO         9046    .text               c_w.l(rt_locale_intlibspace.o)
    0x08009714   0x08009714   0x00000080   Code   RO         9048    .text               c_w.l(_printf_fp_infnan.o)
    0x08009794   0x08009794   0x000000e4   Code   RO         9052    .text               c_w.l(bigflt0.o)
    0x08009878   0x08009878   0x00000012   Code   RO         9083    .text               c_w.l(exit.o)
    0x0800988a   0x0800988a   0x00000002   PAD
    0x0800988c   0x0800988c   0x0000000c   Code   RO         9153    .text               c_w.l(sys_exit.o)
    0x08009898   0x08009898   0x00000002   Code   RO         9172    .text               c_w.l(use_no_semi.o)
    0x0800989a   0x0800989a   0x00000000   Code   RO         9174    .text               c_w.l(indicate_semi.o)
    0x0800989a   0x0800989a   0x0000003e   Code   RO         9055    CL$$btod_d2e        c_w.l(btod.o)
    0x080098d8   0x080098d8   0x00000046   Code   RO         9057    CL$$btod_d2e_denorm_low  c_w.l(btod.o)
    0x0800991e   0x0800991e   0x00000060   Code   RO         9056    CL$$btod_d2e_norm_op1  c_w.l(btod.o)
    0x0800997e   0x0800997e   0x00000338   Code   RO         9065    CL$$btod_div_common  c_w.l(btod.o)
    0x08009cb6   0x08009cb6   0x000000dc   Code   RO         9062    CL$$btod_e2e        c_w.l(btod.o)
    0x08009d92   0x08009d92   0x0000002a   Code   RO         9059    CL$$btod_ediv       c_w.l(btod.o)
    0x08009dbc   0x08009dbc   0x0000002a   Code   RO         9058    CL$$btod_emul       c_w.l(btod.o)
    0x08009de6   0x08009de6   0x00000244   Code   RO         9064    CL$$btod_mult_common  c_w.l(btod.o)
    0x0800a02a   0x0800a02a   0x00000002   PAD
    0x0800a02c   0x0800a02c   0x00000160   Code   RO         2041    i.ADC_Init          stm32f4xx_hal_adc.o
    0x0800a18c   0x0800a18c   0x00000004   Code   RO         1460    i.BusFault_Handler  stm32f4xx_it.o
    0x0800a190   0x0800a190   0x00000010   Code   RO         1238    i.DMA1_Stream5_IRQHandler  drv_usart.o
    0x0800a1a0   0x0800a1a0   0x00000010   Code   RO         1239    i.DMA1_Stream6_IRQHandler  drv_usart.o
    0x0800a1b0   0x0800a1b0   0x00000010   Code   RO         1240    i.DMA2_Stream1_IRQHandler  drv_usart.o
    0x0800a1c0   0x0800a1c0   0x00000010   Code   RO         1241    i.DMA2_Stream2_IRQHandler  drv_usart.o
    0x0800a1d0   0x0800a1d0   0x00000010   Code   RO         1242    i.DMA2_Stream6_IRQHandler  drv_usart.o
    0x0800a1e0   0x0800a1e0   0x00000010   Code   RO         1243    i.DMA2_Stream7_IRQHandler  drv_usart.o
    0x0800a1f0   0x0800a1f0   0x00000034   Code   RO         2633    i.DMA_CalcBaseAndBitshift  stm32f4xx_hal_dma.o
    0x0800a224   0x0800a224   0x000000aa   Code   RO         2634    i.DMA_CheckFifoParam  stm32f4xx_hal_dma.o
    0x0800a2ce   0x0800a2ce   0x00000002   PAD
    0x0800a2d0   0x0800a2d0   0x0000015c   Code   RO         1244    i.DMA_Configuration  drv_usart.o
    0x0800a42c   0x0800a42c   0x0000002c   Code   RO         2635    i.DMA_SetConfig     stm32f4xx_hal_dma.o
    0x0800a458   0x0800a458   0x0000005c   Code   RO         2970    i.FLASH_Erase_Sector  stm32f4xx_hal_flash_ex.o
    0x0800a4b4   0x0800a4b4   0x00000078   Code   RO         2971    i.FLASH_FlushCaches  stm32f4xx_hal_flash_ex.o
    0x0800a52c   0x0800a52c   0x00000030   Code   RO         2972    i.FLASH_MassErase   stm32f4xx_hal_flash_ex.o
    0x0800a55c   0x0800a55c   0x00000024   Code   RO         2852    i.FLASH_Program_Byte  stm32f4xx_hal_flash.o
    0x0800a580   0x0800a580   0x0000003c   Code   RO         2853    i.FLASH_Program_DoubleWord  stm32f4xx_hal_flash.o
    0x0800a5bc   0x0800a5bc   0x00000028   Code   RO         2854    i.FLASH_Program_HalfWord  stm32f4xx_hal_flash.o
    0x0800a5e4   0x0800a5e4   0x00000028   Code   RO         2855    i.FLASH_Program_Word  stm32f4xx_hal_flash.o
    0x0800a60c   0x0800a60c   0x000000b4   Code   RO         2856    i.FLASH_SetErrorCode  stm32f4xx_hal_flash.o
    0x0800a6c0   0x0800a6c0   0x00000064   Code   RO         2857    i.FLASH_WaitForLastOperation  stm32f4xx_hal_flash.o
    0x0800a724   0x0800a724   0x00000050   Code   RO         1508    i.Flash_EraseSector  stmflash.o
    0x0800a774   0x0800a774   0x0000006c   Code   RO         1509    i.Flash_GetSector   stmflash.o
    0x0800a7e0   0x0800a7e0   0x00000018   Code   RO         1512    i.Flash_Read8BitDatas  stmflash.o
    0x0800a7f8   0x0800a7f8   0x0000006c   Code   RO         1515    i.Flash_Write8BitDatas  stmflash.o
    0x0800a864   0x0800a864   0x000001e8   Code   RO         1516    i.Flash_WriteAddrCheck  stmflash.o
    0x0800aa4c   0x0800aa4c   0x0000018c   Code   RO         2043    i.HAL_ADC_ConfigChannel  stm32f4xx_hal_adc.o
    0x0800abd8   0x0800abd8   0x00000008   Code   RO         2050    i.HAL_ADC_GetValue  stm32f4xx_hal_adc.o
    0x0800abe0   0x0800abe0   0x00000068   Code   RO         2052    i.HAL_ADC_Init      stm32f4xx_hal_adc.o
    0x0800ac48   0x0800ac48   0x00000070   Code   RO         1635    i.HAL_ADC_MspInit   driver_battery.o
    0x0800acb8   0x0800acb8   0x000000ce   Code   RO         2056    i.HAL_ADC_PollForConversion  stm32f4xx_hal_adc.o
    0x0800ad86   0x0800ad86   0x00000002   PAD
    0x0800ad88   0x0800ad88   0x00000114   Code   RO         2058    i.HAL_ADC_Start     stm32f4xx_hal_adc.o
    0x0800ae9c   0x0800ae9c   0x000000ac   Code   RO         2636    i.HAL_DMA_Abort     stm32f4xx_hal_dma.o
    0x0800af48   0x0800af48   0x00000028   Code   RO         2637    i.HAL_DMA_Abort_IT  stm32f4xx_hal_dma.o
    0x0800af70   0x0800af70   0x00000070   Code   RO         2638    i.HAL_DMA_DeInit    stm32f4xx_hal_dma.o
    0x0800afe0   0x0800afe0   0x00000240   Code   RO         2641    i.HAL_DMA_IRQHandler  stm32f4xx_hal_dma.o
    0x0800b220   0x0800b220   0x000000ec   Code   RO         2642    i.HAL_DMA_Init      stm32f4xx_hal_dma.o
    0x0800b30c   0x0800b30c   0x00000092   Code   RO         2646    i.HAL_DMA_Start_IT  stm32f4xx_hal_dma.o
    0x0800b39e   0x0800b39e   0x00000002   PAD
    0x0800b3a0   0x0800b3a0   0x000000ac   Code   RO         2986    i.HAL_FLASHEx_Erase  stm32f4xx_hal_flash_ex.o
    0x0800b44c   0x0800b44c   0x00000014   Code   RO         2861    i.HAL_FLASH_Lock    stm32f4xx_hal_flash.o
    0x0800b460   0x0800b460   0x00000098   Code   RO         2866    i.HAL_FLASH_Program  stm32f4xx_hal_flash.o
    0x0800b4f8   0x0800b4f8   0x00000034   Code   RO         2868    i.HAL_FLASH_Unlock  stm32f4xx_hal_flash.o
    0x0800b52c   0x0800b52c   0x000001c8   Code   RO         3202    i.HAL_GPIO_Init     stm32f4xx_hal_gpio.o
    0x0800b6f4   0x0800b6f4   0x0000000c   Code   RO         3206    i.HAL_GPIO_WritePin  stm32f4xx_hal_gpio.o
    0x0800b700   0x0800b700   0x0000000c   Code   RO         1865    i.HAL_GetTick       stm32f4xx_hal.o
    0x0800b70c   0x0800b70c   0x0000000c   Code   RO         1868    i.HAL_GetUIDw0      stm32f4xx_hal.o
    0x0800b718   0x0800b718   0x0000000c   Code   RO         1869    i.HAL_GetUIDw1      stm32f4xx_hal.o
    0x0800b724   0x0800b724   0x0000000c   Code   RO         1870    i.HAL_GetUIDw2      stm32f4xx_hal.o
    0x0800b730   0x0800b730   0x00000018   Code   RO         1871    i.HAL_IncTick       stm32f4xx_hal.o
    0x0800b748   0x0800b748   0x0000003c   Code   RO         1872    i.HAL_Init          stm32f4xx_hal.o
    0x0800b784   0x0800b784   0x00000024   Code   RO         1171    i.HAL_InitTick      board.o
    0x0800b7a8   0x0800b7a8   0x00000002   Code   RO         1875    i.HAL_MspInit       stm32f4xx_hal.o
    0x0800b7aa   0x0800b7aa   0x00000002   PAD
    0x0800b7ac   0x0800b7ac   0x00000044   Code   RO         2353    i.HAL_NVIC_DisableIRQ  stm32f4xx_hal_cortex.o
    0x0800b7f0   0x0800b7f0   0x00000020   Code   RO         2354    i.HAL_NVIC_EnableIRQ  stm32f4xx_hal_cortex.o
    0x0800b810   0x0800b810   0x0000007c   Code   RO         2360    i.HAL_NVIC_SetPriority  stm32f4xx_hal_cortex.o
    0x0800b88c   0x0800b88c   0x00000028   Code   RO         2361    i.HAL_NVIC_SetPriorityGrouping  stm32f4xx_hal_cortex.o
    0x0800b8b4   0x0800b8b4   0x00000184   Code   RO         3806    i.HAL_RCC_ClockConfig  stm32f4xx_hal_rcc.o
    0x0800ba38   0x0800ba38   0x0000000c   Code   RO         3811    i.HAL_RCC_GetHCLKFreq  stm32f4xx_hal_rcc.o
    0x0800ba44   0x0800ba44   0x00000020   Code   RO         3813    i.HAL_RCC_GetPCLK1Freq  stm32f4xx_hal_rcc.o
    0x0800ba64   0x0800ba64   0x00000020   Code   RO         3814    i.HAL_RCC_GetPCLK2Freq  stm32f4xx_hal_rcc.o
    0x0800ba84   0x0800ba84   0x000000b0   Code   RO         3815    i.HAL_RCC_GetSysClockFreq  stm32f4xx_hal_rcc.o
    0x0800bb34   0x0800bb34   0x0000049c   Code   RO         3818    i.HAL_RCC_OscConfig  stm32f4xx_hal_rcc.o
    0x0800bfd0   0x0800bfd0   0x00000034   Code   RO         2365    i.HAL_SYSTICK_Config  stm32f4xx_hal_cortex.o
    0x0800c004   0x0800c004   0x00000002   Code   RO         5172    i.HAL_UARTEx_RxEventCallback  stm32f4xx_hal_uart.o
    0x0800c006   0x0800c006   0x00000002   Code   RO         5186    i.HAL_UART_ErrorCallback  stm32f4xx_hal_uart.o
    0x0800c008   0x0800c008   0x000002e0   Code   RO         5189    i.HAL_UART_IRQHandler  stm32f4xx_hal_uart.o
    0x0800c2e8   0x0800c2e8   0x00000072   Code   RO         5190    i.HAL_UART_Init     stm32f4xx_hal_uart.o
    0x0800c35a   0x0800c35a   0x00000002   PAD
    0x0800c35c   0x0800c35c   0x000001e8   Code   RO         1246    i.HAL_UART_MspInit  drv_usart.o
    0x0800c544   0x0800c544   0x00000038   Code   RO         5193    i.HAL_UART_RX_DMAStop  stm32f4xx_hal_uart.o
    0x0800c57c   0x0800c57c   0x00000042   Code   RO         5195    i.HAL_UART_Receive_DMA  stm32f4xx_hal_uart.o
    0x0800c5be   0x0800c5be   0x00000002   PAD
    0x0800c5c0   0x0800c5c0   0x000001fc   Code   RO         1247    i.HAL_UART_RxCpltCallback  drv_usart.o
    0x0800c7bc   0x0800c7bc   0x00000002   Code   RO         5198    i.HAL_UART_RxHalfCpltCallback  stm32f4xx_hal_uart.o
    0x0800c7be   0x0800c7be   0x00000002   PAD
    0x0800c7c0   0x0800c7c0   0x000000ac   Code   RO         5200    i.HAL_UART_Transmit_DMA  stm32f4xx_hal_uart.o
    0x0800c86c   0x0800c86c   0x00000050   Code   RO         1248    i.HAL_UART_TxCpltCallback  drv_usart.o
    0x0800c8bc   0x0800c8bc   0x00000002   Code   RO         5203    i.HAL_UART_TxHalfCpltCallback  stm32f4xx_hal_uart.o
    0x0800c8be   0x0800c8be   0x00000032   Code   RO          250    i.MD5DecodeCharToInt  app_md5.o
    0x0800c8f0   0x0800c8f0   0x0000003e   Code   RO          251    i.MD5EncodeIntToChar  app_md5.o
    0x0800c92e   0x0800c92e   0x00000002   PAD
    0x0800c930   0x0800c930   0x00000054   Code   RO          252    i.MD5Final          app_md5.o
    0x0800c984   0x0800c984   0x00000024   Code   RO          253    i.MD5Init           app_md5.o
    0x0800c9a8   0x0800c9a8   0x00000c78   Code   RO          254    i.MD5Transform      app_md5.o
    0x0800d620   0x0800d620   0x0000008c   Code   RO          255    i.MD5Update         app_md5.o
    0x0800d6ac   0x0800d6ac   0x00000004   Code   RO         1461    i.MemManage_Handler  stm32f4xx_it.o
    0x0800d6b0   0x0800d6b0   0x00000002   Code   RO         1462    i.NMI_Handler       stm32f4xx_it.o
    0x0800d6b2   0x0800d6b2   0x00000058   Code   RO         1249    i.NVIC_Configuration  drv_usart.o
    0x0800d70a   0x0800d70a   0x00000006   Code   RO         1517    i.STMFLASH_ReadWord  stmflash.o
    0x0800d710   0x0800d710   0x00000002   Code   RO         1463    i.SVC_Handler       stm32f4xx_it.o
    0x0800d712   0x0800d712   0x00000002   PAD
    0x0800d714   0x0800d714   0x00000138   Code   RO          427    i.Send_Base_Data_Read_Cmd  app_uwb.o
    0x0800d84c   0x0800d84c   0x0000000c   Code   RO          469    i.Set_Trans_status  app_wifi_set.o
    0x0800d858   0x0800d858   0x00000014   Code   RO         1172    i.SysTick_Handler   board.o
    0x0800d86c   0x0800d86c   0x0000008c   Code   RO         1173    i.SystemClock_Config  board.o
    0x0800d8f8   0x0800d8f8   0x00000064   Code   RO         1816    i.SystemInit        system_stm32f4xx.o
    0x0800d95c   0x0800d95c   0x0000005c   Code   RO         1393    i.TIM4_IRQHandler   hrt.o
    0x0800d9b8   0x0800d9b8   0x00000014   Code   RO         5204    i.UART_DMAAbortOnError  stm32f4xx_hal_uart.o
    0x0800d9cc   0x0800d9cc   0x00000050   Code   RO         5205    i.UART_DMAError     stm32f4xx_hal_uart.o
    0x0800da1c   0x0800da1c   0x000000b0   Code   RO         5206    i.UART_DMAReceiveCplt  stm32f4xx_hal_uart.o
    0x0800dacc   0x0800dacc   0x00000020   Code   RO         5208    i.UART_DMARxHalfCplt  stm32f4xx_hal_uart.o
    0x0800daec   0x0800daec   0x00000058   Code   RO         5210    i.UART_DMATransmitCplt  stm32f4xx_hal_uart.o
    0x0800db44   0x0800db44   0x0000000e   Code   RO         5212    i.UART_DMATxHalfCplt  stm32f4xx_hal_uart.o
    0x0800db52   0x0800db52   0x0000006c   Code   RO         5214    i.UART_EndRxTransfer  stm32f4xx_hal_uart.o
    0x0800dbbe   0x0800dbbe   0x00000020   Code   RO         5215    i.UART_EndTransmit_IT  stm32f4xx_hal_uart.o
    0x0800dbde   0x0800dbde   0x00000026   Code   RO         5216    i.UART_EndTxTransfer  stm32f4xx_hal_uart.o
    0x0800dc04   0x0800dc04   0x000000f8   Code   RO         5217    i.UART_Receive_IT   stm32f4xx_hal_uart.o
    0x0800dcfc   0x0800dcfc   0x0000022c   Code   RO         5218    i.UART_SetConfig    stm32f4xx_hal_uart.o
    0x0800df28   0x0800df28   0x000000cc   Code   RO         5219    i.UART_Start_Receive_DMA  stm32f4xx_hal_uart.o
    0x0800dff4   0x0800dff4   0x00000060   Code   RO         5221    i.UART_Transmit_IT  stm32f4xx_hal_uart.o
    0x0800e054   0x0800e054   0x0000017c   Code   RO         1250    i.USART1_IRQHandler  drv_usart.o
    0x0800e1d0   0x0800e1d0   0x0000016c   Code   RO         1251    i.USART2_IRQHandler  drv_usart.o
    0x0800e33c   0x0800e33c   0x00000190   Code   RO         1252    i.USART6_IRQHandler  drv_usart.o
    0x0800e4cc   0x0800e4cc   0x00000004   Code   RO         1464    i.UsageFault_Handler  stm32f4xx_it.o
    0x0800e4d0   0x0800e4d0   0x00000030   Code   RO         9098    i.__ARM_fpclassify  m_wm.l(fpclassify.o)
    0x0800e500   0x0800e500   0x00000010   Code   RO         2367    i.__NVIC_GetPriorityGrouping  stm32f4xx_hal_cortex.o
    0x0800e510   0x0800e510   0x00000028   Code   RO         1175    i.__NVIC_SetPriority  board.o
    0x0800e538   0x0800e538   0x00000028   Code   RO         2368    i.__NVIC_SetPriority  stm32f4xx_hal_cortex.o
    0x0800e560   0x0800e560   0x0000004c   Code   RO         8150    i.__rt_ffs          kservice.o
    0x0800e5ac   0x0800e5ac   0x000000cc   Code   RO            4    i._compute_battery_percenttage  app_battery.o
    0x0800e678   0x0800e678   0x00000014   Code   RO         7810    i._has_defunct_thread  idle.o
    0x0800e68c   0x0800e68c   0x0000000e   Code   RO         8895    i._is_digit         c_w.l(__printf_wp.o)
    0x0800e69a   0x0800e69a   0x00000002   PAD
    0x0800e69c   0x0800e69c   0x00000118   Code   RO         6527    i._list_thread      cmd.o
    0x0800e7b4   0x0800e7b4   0x000000c0   Code   RO         8535    i._rt_scheduler_stack_check  scheduler.o
    0x0800e874   0x0800e874   0x000000bc   Code   RO         8620    i._rt_thread_init   thread.o
    0x0800e930   0x0800e930   0x00000042   Code   RO         8735    i._rt_timer_init    timer.o
    0x0800e972   0x0800e972   0x0000002e   Code   RO         8736    i._rt_timer_remove  timer.o
    0x0800e9a0   0x0800e9a0   0x000000a8   Code   RO         6073    i._serial_dma_rx    serial.o
    0x0800ea48   0x0800ea48   0x0000005c   Code   RO         6074    i._serial_dma_tx    serial.o
    0x0800eaa4   0x0800eaa4   0x00000094   Code   RO         6075    i._serial_int_rx    serial.o
    0x0800eb38   0x0800eb38   0x0000006c   Code   RO         6076    i._serial_int_tx    serial.o
    0x0800eba4   0x0800eba4   0x0000005c   Code   RO         6077    i._serial_poll_rx   serial.o
    0x0800ec00   0x0800ec00   0x00000054   Code   RO         6078    i._serial_poll_tx   serial.o
    0x0800ec54   0x0800ec54   0x00000084   Code   RO         6079    i._serial_virtual_rx  serial.o
    0x0800ecd8   0x0800ecd8   0x0000005c   Code   RO         6080    i._serial_virtual_tx  serial.o
    0x0800ed34   0x0800ed34   0x000001a4   Code   RO            5    i.app_bat_entry     app_battery.o
    0x0800eed8   0x0800eed8   0x00000308   Code   RO          210    i.app_key_entry     app_key.o
    0x0800f1e0   0x0800f1e0   0x00000490   Code   RO          349    i.app_update_entry  app_update.o
    0x0800f670   0x0800f670   0x00000398   Code   RO          428    i.app_uwb_entry     app_uwb.o
    0x0800fa08   0x0800fa08   0x000002e4   Code   RO         1083    i.app_wifi_recv_entry  app_wifi_recv.o
    0x0800fcec   0x0800fcec   0x00000700   Code   RO          470    i.app_wifi_set_entry  app_wifi_set.o
    0x080103ec   0x080103ec   0x000002b8   Code   RO          974    i.at_client_init    at_client.o
    0x080106a4   0x080106a4   0x0000002c   Code   RO          976    i.at_client_send    at_client.o
    0x080106d0   0x080106d0   0x00000108   Code   RO          977    i.at_create_resp    at_client.o
    0x080107d8   0x080107d8   0x00000044   Code   RO          978    i.at_delect_resp    at_client.o
    0x0801081c   0x0801081c   0x00000006   Code   RO          979    i.at_disable_cmd_data_recv  at_client.o
    0x08010822   0x08010822   0x00000006   Code   RO          980    i.at_enable_cmd_data_recv  at_client.o
    0x08010828   0x08010828   0x000000e0   Code   RO          981    i.at_exec_cmd       at_client.o
    0x08010908   0x08010908   0x00000006   Code   RO          982    i.at_get_cmd_recv_status  at_client.o
    0x0801090e   0x0801090e   0x0000007e   Code   RO          983    i.at_recv_readline  at_client.o
    0x0801098c   0x0801098c   0x000000b4   Code   RO          984    i.at_resp_get_line  at_client.o
    0x08010a40   0x08010a40   0x0000001c   Code   RO          987    i.at_set_end_sign   at_client.o
    0x08010a5c   0x08010a5c   0x00000020   Code   RO         1636    i.bat_adc_channel_config  driver_battery.o
    0x08010a7c   0x08010a7c   0x0000002e   Code   RO            6    i.bat_adc_get_average  app_battery.o
    0x08010aaa   0x08010aaa   0x00000002   PAD
    0x08010aac   0x08010aac   0x00000050   Code   RO         1638    i.bat_adc_init      driver_battery.o
    0x08010afc   0x08010afc   0x000000bc   Code   RO            7    i.bat_adc_swap_filter  app_battery.o
    0x08010bb8   0x08010bb8   0x00000020   Code   RO         1639    i.bat_get_adc_value  driver_battery.o
    0x08010bd8   0x08010bd8   0x00000014   Code   RO         1751    i.battery_led_disable  driver_led.o
    0x08010bec   0x08010bec   0x00000014   Code   RO         1752    i.battery_led_enable  driver_led.o
    0x08010c00   0x08010c00   0x00000048   Code   RO         1753    i.battery_led_init  driver_led.o
    0x08010c48   0x08010c48   0x0000004e   Code   RO            8    i.bubble_sort       app_battery.o
    0x08010c96   0x08010c96   0x00000002   PAD
    0x08010c98   0x08010c98   0x000000fc   Code   RO         7584    i.bus_fault_track   cpuport.o
    0x08010d94   0x08010d94   0x000000f0   Code   RO          988    i.client_parser     at_client.o
    0x08010e84   0x08010e84   0x00000070   Code   RO          351    i.firmware_info_write_to_falsh  app_update.o
    0x08010ef4   0x08010ef4   0x00000148   Code   RO          352    i.firmware_md5_cal  app_update.o
    0x0801103c   0x0801103c   0x0000011c   Code   RO         1086    i.generate_ask      app_wifi_recv.o
    0x08011158   0x08011158   0x0000000c   Code   RO          471    i.get_ap_trans_flag  app_wifi_set.o
    0x08011164   0x08011164   0x000000a4   Code   RO          429    i.get_base_num      app_uwb.o
    0x08011208   0x08011208   0x00000024   Code   RO         1087    i.get_parse_buffer  app_wifi_recv.o
    0x0801122c   0x0801122c   0x00000014   Code   RO         1088    i.get_parse_total_len  app_wifi_recv.o
    0x08011240   0x08011240   0x00000008   Code   RO          473    i.get_set_opmode    app_wifi_set.o
    0x08011248   0x08011248   0x00000080   Code   RO         7585    i.hard_fault_track  cpuport.o
    0x080112c8   0x080112c8   0x00000014   Code   RO         1754    i.indicator_led_disable  driver_led.o
    0x080112dc   0x080112dc   0x00000014   Code   RO         1755    i.indicator_led_enable  driver_led.o
    0x080112f0   0x080112f0   0x0000004c   Code   RO         1756    i.indicator_led_init  driver_led.o
    0x0801133c   0x0801133c   0x00000370   Code   RO         1089    i.inf_wifi_parse_char  app_wifi_recv.o
    0x080116ac   0x080116ac   0x00000078   Code   RO         8343    i.list_mem          mem.o
    0x08011724   0x08011724   0x00000010   Code   RO         6537    i.list_thread       cmd.o
    0x08011734   0x08011734   0x0000000a   Code   RO          896    i.main              main.o
    0x0801173e   0x0801173e   0x00000002   PAD
    0x08011740   0x08011740   0x00000088   Code   RO          353    i.md5IntToChar      app_update.o
    0x080117c8   0x080117c8   0x000000e8   Code   RO         7586    i.mem_manage_fault_track  cpuport.o
    0x080118b0   0x080118b0   0x0000010c   Code   RO         8344    i.plug_holes        mem.o
    0x080119bc   0x080119bc   0x0000018c   Code   RO         8152    i.print_number      kservice.o
    0x08011b48   0x08011b48   0x0000001c   Code   RO         1518    i.read_param        stmflash.o
    0x08011b64   0x08011b64   0x00000044   Code   RO          897    i.reboot            main.o
    0x08011ba8   0x08011ba8   0x00000030   Code   RO          898    i.rt_application_init  main.o
    0x08011bd8   0x08011bd8   0x00000074   Code   RO         8153    i.rt_assert_handler  kservice.o
    0x08011c4c   0x08011c4c   0x00000068   Code   RO         6173    i.rt_completion_done  completion.o
    0x08011cb4   0x08011cb4   0x00000048   Code   RO         6174    i.rt_completion_init  completion.o
    0x08011cfc   0x08011cfc   0x0000013c   Code   RO         6175    i.rt_completion_wait  completion.o
    0x08011e38   0x08011e38   0x0000001c   Code   RO         7686    i.rt_components_board_init  components.o
    0x08011e54   0x08011e54   0x0000001c   Code   RO         7687    i.rt_components_init  components.o
    0x08011e70   0x08011e70   0x00000054   Code   RO         8156    i.rt_console_set_device  kservice.o
    0x08011ec4   0x08011ec4   0x00000068   Code   RO         6206    i.rt_data_queue_init  dataqueue.o
    0x08011f2c   0x08011f2c   0x00000078   Code   RO         6207    i.rt_data_queue_peak  dataqueue.o
    0x08011fa4   0x08011fa4   0x000001b8   Code   RO         6208    i.rt_data_queue_pop  dataqueue.o
    0x0801215c   0x0801215c   0x00000154   Code   RO         6209    i.rt_data_queue_push  dataqueue.o
    0x080122b0   0x080122b0   0x00000058   Code   RO         7730    i.rt_device_close   device.o
    0x08012308   0x08012308   0x00000050   Code   RO         7732    i.rt_device_find    device.o
    0x08012358   0x08012358   0x000000e8   Code   RO         7735    i.rt_device_open    device.o
    0x08012440   0x08012440   0x00000064   Code   RO         7736    i.rt_device_read    device.o
    0x080124a4   0x080124a4   0x00000032   Code   RO         7737    i.rt_device_register  device.o
    0x080124d6   0x080124d6   0x00000002   PAD
    0x080124d8   0x080124d8   0x00000064   Code   RO         7741    i.rt_device_write   device.o
    0x0801253c   0x0801253c   0x00000020   Code   RO         8537    i.rt_enter_critical  scheduler.o
    0x0801255c   0x0801255c   0x00000080   Code   RO         7853    i.rt_event_create   ipc.o
    0x080125dc   0x080125dc   0x000001f0   Code   RO         7857    i.rt_event_recv     ipc.o
    0x080127cc   0x080127cc   0x000000f0   Code   RO         7858    i.rt_event_send     ipc.o
    0x080128bc   0x080128bc   0x0000003c   Code   RO         8538    i.rt_exit_critical  scheduler.o
    0x080128f8   0x080128f8   0x00000198   Code   RO         8346    i.rt_free           mem.o
    0x08012a90   0x08012a90   0x0000007c   Code   RO         1176    i.rt_hw_board_init  board.o
    0x08012b0c   0x08012b0c   0x00000002   Code   RO         8159    i.rt_hw_console_output  kservice.o
    0x08012b0e   0x08012b0e   0x00000002   PAD
    0x08012b10   0x08012b10   0x00000230   Code   RO         7590    i.rt_hw_hard_fault_exception  cpuport.o
    0x08012d40   0x08012d40   0x0000019c   Code   RO         6081    i.rt_hw_serial_isr  serial.o
    0x08012edc   0x08012edc   0x0000007c   Code   RO         6082    i.rt_hw_serial_register  serial.o
    0x08012f58   0x08012f58   0x00000050   Code   RO         7591    i.rt_hw_stack_init  cpuport.o
    0x08012fa8   0x08012fa8   0x00000118   Code   RO          899    i.rt_init_thread_entry  main.o
    0x080130c0   0x080130c0   0x00000024   Code   RO         8123    i.rt_interrupt_enter  irq.o
    0x080130e4   0x080130e4   0x0000000c   Code   RO         8124    i.rt_interrupt_get_nest  irq.o
    0x080130f0   0x080130f0   0x00000024   Code   RO         8125    i.rt_interrupt_leave  irq.o
    0x08013114   0x08013114   0x00000018   Code   RO         7859    i.rt_ipc_list_resume  ipc.o
    0x0801312c   0x0801312c   0x00000032   Code   RO         7860    i.rt_ipc_list_resume_all  ipc.o
    0x0801315e   0x0801315e   0x0000006c   Code   RO         7861    i.rt_ipc_list_suspend  ipc.o
    0x080131ca   0x080131ca   0x00000010   Code   RO         7862    i.rt_ipc_object_init  ipc.o
    0x080131da   0x080131da   0x00000002   PAD
    0x080131dc   0x080131dc   0x00000058   Code   RO         8160    i.rt_kprintf        kservice.o
    0x08013234   0x08013234   0x00000006   Code   RO         6211    i.rt_list_init      dataqueue.o
    0x0801323a   0x0801323a   0x00000006   Code   RO         7863    i.rt_list_init      ipc.o
    0x08013240   0x08013240   0x00000006   Code   RO         8539    i.rt_list_init      scheduler.o
    0x08013246   0x08013246   0x00000006   Code   RO         8737    i.rt_list_init      timer.o
    0x0801324c   0x0801324c   0x0000000e   Code   RO         8434    i.rt_list_insert_after  object.o
    0x0801325a   0x0801325a   0x0000000e   Code   RO         8621    i.rt_list_insert_after  thread.o
    0x08013268   0x08013268   0x0000000e   Code   RO         8738    i.rt_list_insert_after  timer.o
    0x08013276   0x08013276   0x0000000e   Code   RO         6212    i.rt_list_insert_before  dataqueue.o
    0x08013284   0x08013284   0x0000000e   Code   RO         7864    i.rt_list_insert_before  ipc.o
    0x08013292   0x08013292   0x00000010   Code   RO         6176    i.rt_list_isempty   completion.o
    0x080132a2   0x080132a2   0x00000010   Code   RO         6213    i.rt_list_isempty   dataqueue.o
    0x080132b2   0x080132b2   0x00000010   Code   RO         7865    i.rt_list_isempty   ipc.o
    0x080132c2   0x080132c2   0x00000010   Code   RO         8739    i.rt_list_isempty   timer.o
    0x080132d2   0x080132d2   0x00000012   Code   RO         8435    i.rt_list_remove    object.o
    0x080132e4   0x080132e4   0x00000012   Code   RO         8622    i.rt_list_remove    thread.o
    0x080132f6   0x080132f6   0x00000002   PAD
    0x080132f8   0x080132f8   0x000002b4   Code   RO         8348    i.rt_malloc         mem.o
    0x080135ac   0x080135ac   0x00000026   Code   RO         8162    i.rt_memcmp         kservice.o
    0x080135d2   0x080135d2   0x0000007c   Code   RO         8163    i.rt_memcpy         kservice.o
    0x0801364e   0x0801364e   0x00000048   Code   RO         8165    i.rt_memset         kservice.o
    0x08013696   0x08013696   0x00000002   PAD
    0x08013698   0x08013698   0x000000d8   Code   RO         7875    i.rt_mq_create      ipc.o
    0x08013770   0x08013770   0x00000090   Code   RO         7876    i.rt_mq_delete      ipc.o
    0x08013800   0x08013800   0x00000240   Code   RO         7879    i.rt_mq_recv        ipc.o
    0x08013a40   0x08013a40   0x0000010c   Code   RO         7880    i.rt_mq_send        ipc.o
    0x08013b4c   0x08013b4c   0x00000090   Code   RO         7883    i.rt_mutex_create   ipc.o
    0x08013bdc   0x08013bdc   0x00000090   Code   RO         7884    i.rt_mutex_delete   ipc.o
    0x08013c6c   0x08013c6c   0x00000180   Code   RO         7887    i.rt_mutex_release  ipc.o
    0x08013dec   0x08013dec   0x000001d4   Code   RO         7888    i.rt_mutex_take     ipc.o
    0x08013fc0   0x08013fc0   0x000000b8   Code   RO         8436    i.rt_object_allocate  object.o
    0x08014078   0x08014078   0x0000009c   Code   RO         8438    i.rt_object_delete  object.o
    0x08014114   0x08014114   0x00000054   Code   RO         8439    i.rt_object_detach  object.o
    0x08014168   0x08014168   0x00000054   Code   RO         8443    i.rt_object_init    object.o
    0x080141bc   0x080141bc   0x0000003c   Code   RO         8444    i.rt_object_is_systemobject  object.o
    0x080141f8   0x080141f8   0x0000006e   Code   RO         6083    i.rt_ringbuffer_data_len  serial.o
    0x08014266   0x08014266   0x0000004e   Code   RO         6409    i.rt_ringbuffer_data_len  ringbuffer.o
    0x080142b4   0x080142b4   0x000000c8   Code   RO         6410    i.rt_ringbuffer_get  ringbuffer.o
    0x0801437c   0x0801437c   0x00000070   Code   RO         6412    i.rt_ringbuffer_init  ringbuffer.o
    0x080143ec   0x080143ec   0x000000c8   Code   RO         6413    i.rt_ringbuffer_put  ringbuffer.o
    0x080144b4   0x080144b4   0x0000002a   Code   RO         6417    i.rt_ringbuffer_status  ringbuffer.o
    0x080144de   0x080144de   0x00000002   PAD
    0x080144e0   0x080144e0   0x000000a4   Code   RO         8540    i.rt_schedule       scheduler.o
    0x08014584   0x08014584   0x00000074   Code   RO         8541    i.rt_schedule_insert_thread  scheduler.o
    0x080145f8   0x080145f8   0x00000080   Code   RO         8542    i.rt_schedule_remove_thread  scheduler.o
    0x08014678   0x08014678   0x00000080   Code   RO         7890    i.rt_sem_create     ipc.o
    0x080146f8   0x080146f8   0x0000008c   Code   RO         7891    i.rt_sem_delete     ipc.o
    0x08014784   0x08014784   0x00000048   Code   RO         7893    i.rt_sem_init       ipc.o
    0x080147cc   0x080147cc   0x00000054   Code   RO         7894    i.rt_sem_release    ipc.o
    0x08014820   0x08014820   0x00000188   Code   RO         7895    i.rt_sem_take       ipc.o
    0x080149a8   0x080149a8   0x00000208   Code   RO         6084    i.rt_serial_close   serial.o
    0x08014bb0   0x08014bb0   0x00000074   Code   RO         6085    i.rt_serial_control  serial.o
    0x08014c24   0x08014c24   0x00000016   Code   RO         1253    i.rt_serial_enable_dma  drv_usart.o
    0x08014c3a   0x08014c3a   0x00000002   PAD
    0x08014c3c   0x08014c3c   0x00000048   Code   RO         6086    i.rt_serial_init    serial.o
    0x08014c84   0x08014c84   0x000002ec   Code   RO         6087    i.rt_serial_open    serial.o
    0x08014f70   0x08014f70   0x00000080   Code   RO         6088    i.rt_serial_read    serial.o
    0x08014ff0   0x08014ff0   0x00000080   Code   RO         6089    i.rt_serial_write   serial.o
    0x08015070   0x08015070   0x00000028   Code   RO         8166    i.rt_set_errno      kservice.o
    0x08015098   0x08015098   0x000000b8   Code   RO         8167    i.rt_show_version   kservice.o
    0x08015150   0x08015150   0x00000026   Code   RO         8168    i.rt_snprintf       kservice.o
    0x08015176   0x08015176   0x00000022   Code   RO         8169    i.rt_sprintf        kservice.o
    0x08015198   0x08015198   0x0000001c   Code   RO         8171    i.rt_strcmp         kservice.o
    0x080151b4   0x080151b4   0x00000012   Code   RO         8173    i.rt_strlen         kservice.o
    0x080151c6   0x080151c6   0x00000028   Code   RO         8174    i.rt_strncmp        kservice.o
    0x080151ee   0x080151ee   0x00000034   Code   RO         8175    i.rt_strncpy        kservice.o
    0x08015222   0x08015222   0x00000002   PAD
    0x08015224   0x08015224   0x00000150   Code   RO         8352    i.rt_system_heap_init  mem.o
    0x08015374   0x08015374   0x00000050   Code   RO         8544    i.rt_system_scheduler_init  scheduler.o
    0x080153c4   0x080153c4   0x00000030   Code   RO         8545    i.rt_system_scheduler_start  scheduler.o
    0x080153f4   0x080153f4   0x0000001c   Code   RO         8740    i.rt_system_timer_init  timer.o
    0x08015410   0x08015410   0x00000002   Code   RO         8741    i.rt_system_timer_thread_init  timer.o
    0x08015412   0x08015412   0x00000002   PAD
    0x08015414   0x08015414   0x00000098   Code   RO         8623    i.rt_thread_control  thread.o
    0x080154ac   0x080154ac   0x00000050   Code   RO         8624    i.rt_thread_create  thread.o
    0x080154fc   0x080154fc   0x0000000c   Code   RO         8625    i.rt_thread_delay   thread.o
    0x08015508   0x08015508   0x0000005c   Code   RO         8626    i.rt_thread_delete  thread.o
    0x08015564   0x08015564   0x00000058   Code   RO         8628    i.rt_thread_exit    thread.o
    0x080155bc   0x080155bc   0x00000018   Code   RO         7811    i.rt_thread_idle_entry  idle.o
    0x080155d4   0x080155d4   0x000000d0   Code   RO         7812    i.rt_thread_idle_excute  idle.o
    0x080156a4   0x080156a4   0x0000003c   Code   RO         7813    i.rt_thread_idle_init  idle.o
    0x080156e0   0x080156e0   0x0000007c   Code   RO         8630    i.rt_thread_init    thread.o
    0x0801575c   0x0801575c   0x00000068   Code   RO         8631    i.rt_thread_resume  thread.o
    0x080157c4   0x080157c4   0x0000000c   Code   RO         8632    i.rt_thread_self    thread.o
    0x080157d0   0x080157d0   0x00000068   Code   RO         8633    i.rt_thread_sleep   thread.o
    0x08015838   0x08015838   0x00000088   Code   RO         8634    i.rt_thread_startup  thread.o
    0x080158c0   0x080158c0   0x00000064   Code   RO         8635    i.rt_thread_suspend  thread.o
    0x08015924   0x08015924   0x00000080   Code   RO         8636    i.rt_thread_timeout  thread.o
    0x080159a4   0x080159a4   0x00000060   Code   RO         8637    i.rt_thread_yield   thread.o
    0x08015a04   0x08015a04   0x00000014   Code   RO         7649    i.rt_tick_from_millisecond  clock.o
    0x08015a18   0x08015a18   0x0000000c   Code   RO         7650    i.rt_tick_get       clock.o
    0x08015a24   0x08015a24   0x00000030   Code   RO         7651    i.rt_tick_increase  clock.o
    0x08015a54   0x08015a54   0x0000009c   Code   RO         8742    i.rt_timer_check    timer.o
    0x08015af0   0x08015af0   0x00000064   Code   RO         8743    i.rt_timer_control  timer.o
    0x08015b54   0x08015b54   0x00000044   Code   RO         8746    i.rt_timer_detach   timer.o
    0x08015b98   0x08015b98   0x00000054   Code   RO         8747    i.rt_timer_init     timer.o
    0x08015bec   0x08015bec   0x0000016c   Code   RO         8750    i.rt_timer_start    timer.o
    0x08015d58   0x08015d58   0x0000006c   Code   RO         8751    i.rt_timer_stop     timer.o
    0x08015dc4   0x08015dc4   0x0000037c   Code   RO         8177    i.rt_vsnprintf      kservice.o
    0x08016140   0x08016140   0x00000012   Code   RO         8178    i.rt_vsprintf       kservice.o
    0x08016152   0x08016152   0x00000004   Code   RO         7688    i.rti_board_end     components.o
    0x08016156   0x08016156   0x00000004   Code   RO         7689    i.rti_board_start   components.o
    0x0801615a   0x0801615a   0x00000004   Code   RO         7690    i.rti_end           components.o
    0x0801615e   0x0801615e   0x00000024   Code   RO          900    i.rtthread_startup  main.o
    0x08016182   0x08016182   0x00000002   PAD
    0x08016184   0x08016184   0x0000000c   Code   RO          475    i.set_ap_trans_falg  app_wifi_set.o
    0x08016190   0x08016190   0x00000026   Code   RO         8179    i.skip_atoi         kservice.o
    0x080161b6   0x080161b6   0x00000002   PAD
    0x080161b8   0x080161b8   0x000000d4   Code   RO         1254    i.stm32_configure   drv_usart.o
    0x0801628c   0x0801628c   0x00000168   Code   RO         1255    i.stm32_control     drv_usart.o
    0x080163f4   0x080163f4   0x00000064   Code   RO         1256    i.stm32_dma_transmit  drv_usart.o
    0x08016458   0x08016458   0x00000044   Code   RO         1257    i.stm32_getc        drv_usart.o
    0x0801649c   0x0801649c   0x00000148   Code   RO         1258    i.stm32_hw_usart_init  drv_usart.o
    0x080165e4   0x080165e4   0x00000044   Code   RO         1259    i.stm32_putc        drv_usart.o
    0x08016628   0x08016628   0x000000e8   Code   RO         7592    i.usage_fault_track  cpuport.o
    0x08016710   0x08016710   0x00000014   Code   RO         1694    i.uwb_power_out_disable  driver_key.o
    0x08016724   0x08016724   0x00000014   Code   RO         1695    i.uwb_power_out_enable  driver_key.o
    0x08016738   0x08016738   0x0000004c   Code   RO         1696    i.uwb_power_out_init  driver_key.o
    0x08016784   0x08016784   0x0000001a   Code   RO          355    i.version_conversion  app_update.o
    0x0801679e   0x0801679e   0x00000002   PAD
    0x080167a0   0x080167a0   0x00000074   Code   RO          489    i.wifi_device_init  app_wifi_set.o
    0x08016814   0x08016814   0x00000058   Code   RO          492    i.wifi_exit_trans_mode  app_wifi_set.o
    0x0801686c   0x0801686c   0x00000204   Code   RO          493    i.wifi_get_ap_ip_info  app_wifi_set.o
    0x08016a70   0x08016a70   0x0000018c   Code   RO          495    i.wifi_get_ap_setting  app_wifi_set.o
    0x08016bfc   0x08016bfc   0x000000e0   Code   RO          497    i.wifi_get_opmode   app_wifi_set.o
    0x08016cdc   0x08016cdc   0x00000114   Code   RO          500    i.wifi_get_version  app_wifi_set.o
    0x08016df0   0x08016df0   0x000000e8   Code   RO          501    i.wifi_get_wirelessmode  app_wifi_set.o
    0x08016ed8   0x08016ed8   0x00000034   Code   RO          502    i.wifi_hw_reset_enable  app_wifi_set.o
    0x08016f0c   0x08016f0c   0x0000004c   Code   RO          503    i.wifi_hw_reset_init  app_wifi_set.o
    0x08016f58   0x08016f58   0x00000006   Code   RO          504    i.wifi_opmode_set   app_wifi_set.o
    0x08016f5e   0x08016f5e   0x00000002   PAD
    0x08016f60   0x08016f60   0x00000014   Code   RO         1697    i.wifi_power_out_disable  driver_key.o
    0x08016f74   0x08016f74   0x00000014   Code   RO         1698    i.wifi_power_out_enable  driver_key.o
    0x08016f88   0x08016f88   0x0000004c   Code   RO         1699    i.wifi_power_out_init  driver_key.o
    0x08016fd4   0x08016fd4   0x0000007c   Code   RO          506    i.wifi_reboot       app_wifi_set.o
    0x08017050   0x08017050   0x000000b4   Code   RO          507    i.wifi_set_ap_auto_server  app_wifi_set.o
    0x08017104   0x08017104   0x000000cc   Code   RO          508    i.wifi_set_ap_info  app_wifi_set.o
    0x080171d0   0x080171d0   0x000000e0   Code   RO          509    i.wifi_set_ap_ip_info  app_wifi_set.o
    0x080172b0   0x080172b0   0x000000f8   Code   RO          510    i.wifi_set_opmode   app_wifi_set.o
    0x080173a8   0x080173a8   0x00000258   Code   RO         1091    i.wifi_set_storage  app_wifi_recv.o
    0x08017600   0x08017600   0x00000108   Code   RO          512    i.wifi_set_wirelessmode  app_wifi_set.o
    0x08017708   0x08017708   0x00000034   Code   RO         1523    i.write_param       stmflash.o
    0x0801773c   0x0801773c   0x0000002c   Code   RO         9078    locale$$code        c_w.l(lc_ctype_c.o)
    0x08017768   0x08017768   0x0000002c   Code   RO         9081    locale$$code        c_w.l(lc_numeric_c.o)
    0x08017794   0x08017794   0x0000000a   Code   RO         9168    x$fpl$fpinit        fz_wm.l(fpinit.o)
    0x0801779e   0x0801779e   0x00000004   Code   RO         8994    x$fpl$printf1       fz_wm.l(printf1.o)
    0x080177a2   0x080177a2   0x00000004   Code   RO         8996    x$fpl$printf2       fz_wm.l(printf2.o)
    0x080177a6   0x080177a6   0x00000000   Code   RO         9097    x$fpl$usenofp       fz_wm.l(usenofp.o)
    0x080177a6   0x080177a6   0x00000002   PAD
    0x080177a8   0x080177a8   0x00000110   Data   RO           11    .constdata          app_battery.o
    0x080178b8   0x080178b8   0x000000b0   Data   RO         1261    .constdata          drv_usart.o
    0x08017968   0x08017968   0x00000018   Data   RO         1817    .constdata          system_stm32f4xx.o
    0x08017980   0x08017980   0x00000008   Data   RO         2648    .constdata          stm32f4xx_hal_dma.o
    0x08017988   0x08017988   0x000000e6   Data   RO         6090    .constdata          serial.o
    0x08017a6e   0x08017a6e   0x00000039   Data   RO         6177    .constdata          completion.o
    0x08017aa7   0x08017aa7   0x0000004b   Data   RO         6214    .constdata          dataqueue.o
    0x08017af2   0x08017af2   0x00000097   Data   RO         6418    .constdata          ringbuffer.o
    0x08017b89   0x08017b89   0x000000a8   Data   RO         7742    .constdata          device.o
    0x08017c31   0x08017c31   0x00000016   Data   RO         7816    .constdata          idle.o
    0x08017c47   0x08017c47   0x000001d7   Data   RO         7897    .constdata          ipc.o
    0x08017e1e   0x08017e1e   0x00000122   Data   RO         8181    .constdata          kservice.o
    0x08017f40   0x08017f40   0x00000046   Data   RO         8354    .constdata          mem.o
    0x08017f86   0x08017f86   0x0000005e   Data   RO         8449    .constdata          object.o
    0x08017fe4   0x08017fe4   0x0000004e   Data   RO         8547    .constdata          scheduler.o
    0x08018032   0x08018032   0x000000aa   Data   RO         8638    .constdata          thread.o
    0x080180dc   0x080180dc   0x0000005c   Data   RO         8753    .constdata          timer.o
    0x08018138   0x08018138   0x00000028   Data   RO         8883    .constdata          c_w.l(_printf_hex_int_ll_ptr.o)
    0x08018160   0x08018160   0x00000011   Data   RO         8903    .constdata          c_w.l(__printf_flags_ss_wp.o)
    0x08018171   0x08018171   0x00000003   PAD
    0x08018174   0x08018174   0x00000008   Data   RO         8960    .constdata          c_w.l(_printf_wctomb.o)
    0x0801817c   0x0801817c   0x00000026   Data   RO         9029    .constdata          c_w.l(_printf_fp_hex.o)
    0x080181a2   0x080181a2   0x00000002   PAD
    0x080181a4   0x080181a4   0x00000094   Data   RO         9053    .constdata          c_w.l(bigflt0.o)
    0x08018238   0x08018238   0x000000d8   Data   RO          989    .conststring        at_client.o
    0x08018310   0x08018310   0x00000099   Data   RO         6545    .conststring        cmd.o
    0x080183a9   0x080183a9   0x00000003   PAD
    0x080183ac   0x080183ac   0x000000ed   Data   RO         8355    .conststring        mem.o
    0x08018499   0x08018499   0x00000003   PAD
    0x0801849c   0x0801849c   0x00000004   Data   RO         7693    .rti_fn.0.end       components.o
    0x080184a0   0x080184a0   0x00000004   Data   RO         7694    .rti_fn.1.end       components.o
    0x080184a4   0x080184a4   0x00000004   Data   RO         7695    .rti_fn.6.end       components.o
    0x080184a8   0x080184a8   0x00000020   Data   RO         9224    Region$$Table       anon$$obj.o
    0x080184c8   0x080184c8   0x00000110   Data   RO         9077    locale$$data        c_w.l(lc_ctype_c.o)
    0x080185d8   0x080185d8   0x0000001c   Data   RO         9080    locale$$data        c_w.l(lc_numeric_c.o)


    Execution Region RW_IRAM1 (Exec base: 0x20000000, Load base: 0x080185f4, Size: 0x00008710, Max: 0x00010000, ABSOLUTE, COMPRESSED[0x00000124])

    Exec Addr    Load Addr    Size         Type   Attr      Idx    E Section Name        Object

    0x20000000   COMPRESSED   0x00000015   Data   RW           12    .data               app_battery.o
    0x20000015   COMPRESSED   0x00000001   PAD
    0x20000016   COMPRESSED   0x0000000f   Data   RW          211    .data               app_key.o
    0x20000025   COMPRESSED   0x00000003   PAD
    0x20000028   COMPRESSED   0x00000080   Data   RW          261    .data               app_md5.o
    0x200000a8   COMPRESSED   0x00000006   Data   RW          357    .data               app_update.o
    0x200000ae   COMPRESSED   0x00000004   Data   RW          431    .data               app_uwb.o
    0x200000b2   COMPRESSED   0x00000002   PAD
    0x200000b4   COMPRESSED   0x0000010e   Data   RW          514    .data               app_wifi_set.o
    0x200001c2   COMPRESSED   0x00000002   PAD
    0x200001c4   COMPRESSED   0x00000004   Data   RW          990    .data               at_client.o
    0x200001c8   COMPRESSED   0x0000002c   Data   RW         1093    .data               app_wifi_recv.o
    0x200001f4   COMPRESSED   0x00000374   Data   RW         1262    .data               drv_usart.o
    0x20000568   COMPRESSED   0x0000000c   Data   RW         1400    .data               hrt.o
    0x20000574   COMPRESSED   0x00000004   Data   RW         1818    .data               system_stm32f4xx.o
    0x20000578   COMPRESSED   0x00000009   Data   RW         1879    .data               stm32f4xx_hal.o
    0x20000581   COMPRESSED   0x00000003   PAD
    0x20000584   COMPRESSED   0x00000010   Data   RW         7594    .data               cpuport.o
    0x20000594   COMPRESSED   0x00000004   Data   RW         7653    .data               clock.o
    0x20000598   COMPRESSED   0x00000004   Data   RW         7817    .data               idle.o
    0x2000059c   COMPRESSED   0x00000001   Data   RW         8126    .data               irq.o
    0x2000059d   COMPRESSED   0x00000003   PAD
    0x200005a0   COMPRESSED   0x0000000c   Data   RW         8182    .data               kservice.o
    0x200005ac   COMPRESSED   0x00000020   Data   RW         8356    .data               mem.o
    0x200005cc   COMPRESSED   0x00000094   Data   RW         8450    .data               object.o
    0x20000660   COMPRESSED   0x0000001c   Data   RW         8548    .data               scheduler.o
    0x2000067c   COMPRESSED   0x00000010   Data   RW         8754    .data               timer.o
    0x2000068c        -       0x00000118   Zero   RW           10    .bss                app_battery.o
    0x200007a4        -       0x0000084c   Zero   RW          356    .bss                app_update.o
    0x20000ff0        -       0x00003019   Zero   RW          430    .bss                app_uwb.o
    0x20004009   COMPRESSED   0x00000003   PAD
    0x2000400c        -       0x000001e4   Zero   RW          513    .bss                app_wifi_set.o
    0x200041f0        -       0x00002800   Zero   RW         1092    .bss                app_wifi_recv.o
    0x200069f0        -       0x00001384   Zero   RW         1260    .bss                drv_usart.o
    0x20007d74        -       0x00000048   Zero   RW         1399    .bss                hrt.o
    0x20007dbc        -       0x000000a8   Zero   RW         1640    .bss                driver_battery.o
    0x20007e64        -       0x00000020   Zero   RW         2869    .bss                stm32f4xx_hal_flash.o
    0x20007e84        -       0x00000288   Zero   RW         7815    .bss                idle.o
    0x2000810c        -       0x00000080   Zero   RW         8180    .bss                kservice.o
    0x2000818c        -       0x00000024   Zero   RW         8353    .bss                mem.o
    0x200081b0        -       0x00000100   Zero   RW         8546    .bss                scheduler.o
    0x200082b0        -       0x00000060   Zero   RW         9003    .bss                c_w.l(libspace.o)
    0x20008310        -       0x00000000   Zero   RW         1806    HEAP                startup_stm32f401xc.o
    0x20008310        -       0x00000400   Zero   RW         1805    STACK               startup_stm32f401xc.o


==============================================================================

Image component sizes


      Code (inc. data)   RO Data    RW Data    ZI Data      Debug   Object Name

       936        160        272         21        280     454558   app_battery.o
       776        110          0         15          0       2503   app_key.o
      3564        272          0        128          0       6799   app_md5.o
      1770        510          0          6       2124       7750   app_update.o
      1396        276          0          4      12313       4060   app_uwb.o
      2560        432          0         44      10240       6877   app_wifi_recv.o
      5062       2022          0        270        484     370121   app_wifi_set.o
      1888        786        216          4          0       9267   at_client.o
       360         36          0          0          0      33579   board.o
        80         12          0          4          0       1756   clock.o
       296        114        153          0          0       1238   cmd.o
       508        176         57          0          0       4295   completion.o
        68         16         12          0          0       3306   components.o
       268         24          0          0          0        792   context_rvds.o
      1484        738          0         16          0       6466   cpuport.o
      1040        216         75          0          0       9179   dataqueue.o
       650        160        168          0          0       8082   device.o
       256         34          0          0        168       3582   driver_battery.o
       232         44          0          0          0       4103   driver_key.o
       228         42          0          0          0       4102   driver_led.o
      3910        488        176        884       4996      18583   drv_usart.o
        92         16          0         12         72       1493   hrt.o
       312         80         22          4        648       3834   idle.o
      4258       1120        471          0          0      31552   ipc.o
        84         18          0          1          0       2142   irq.o
      2378        250        290         12        128      16658   kservice.o
       442         88          0          0          0      37018   main.o
      1824        658        307         32         36       6880   mem.o
       600        186         94        148          0       7037   object.o
       632         74        151          0          0       9089   ringbuffer.o
       826        254         78         28        256       7398   scheduler.o
      3274        648        230          0          0      21743   serial.o
        60         22        404          0       1024        936   startup_stm32f401xc.o
       134         38          0          9          0      10241   stm32f4xx_hal.o
      1342         44          0          0          0       5254   stm32f4xx_hal_adc.o
       372         28          0          0          0      35273   stm32f4xx_hal_cortex.o
      1548         16          8          0          0       7955   stm32f4xx_hal_dma.o
       680         62          0          0         32       6070   stm32f4xx_hal_flash.o
       432         26          0          0          0       3390   stm32f4xx_hal_flash_ex.o
       468         34          0          0          0       2200   stm32f4xx_hal_gpio.o
      1820         84          0          0          0       5768   stm32f4xx_hal_rcc.o
      2844         38          0          0          0      17214   stm32f4xx_hal_uart.o
        16          0          0          0          0       2380   stm32f4xx_it.o
       894        328          0          0          0       6269   stmflash.o
       100         20         24          4          0       1507   system_stm32f4xx.o
      1448        372        170          0          0      12380   thread.o
      1058        186         92         16          0      10431   timer.o

    ----------------------------------------------------------------------
     55320      11358       3508       1676      32804    1233110   Object Totals
         0          0         32          0          0          0   (incl. Generated)
        50          0          6         14          3          0   (incl. Padding)

    ----------------------------------------------------------------------

      Code (inc. data)   RO Data    RW Data    ZI Data      Debug   Library Member Name

        90          0          0          0          0          0   __dczerorl2.o
         8          0          0          0          0         68   __main.o
       392          4         17          0          0         92   __printf_flags_ss_wp.o
        14          0          0          0          0         68   __printf_wp.o
         0          0          0          0          0          0   __rtentry.o
        12          0          0          0          0          0   __rtentry2.o
         6          0          0          0          0          0   __rtentry4.o
        52          8          0          0          0          0   __scatter.o
        28          0          0          0          0          0   __scatter_zi.o
         6          0          0          0          0          0   _printf_a.o
         6          0          0          0          0          0   _printf_c.o
        44          0          0          0          0        108   _printf_char.o
        48          6          0          0          0         96   _printf_char_common.o
        40          0          0          0          0         68   _printf_charcount.o
         6          0          0          0          0          0   _printf_d.o
       120         16          0          0          0         92   _printf_dec.o
         6          0          0          0          0          0   _printf_e.o
         6          0          0          0          0          0   _printf_f.o
      1054          0          0          0          0        216   _printf_fp_dec.o
       764          8         38          0          0        100   _printf_fp_hex.o
       128         16          0          0          0         84   _printf_fp_infnan.o
         6          0          0          0          0          0   _printf_g.o
       148          4         40          0          0        160   _printf_hex_int_ll_ptr.o
         6          0          0          0          0          0   _printf_i.o
       178          0          0          0          0         88   _printf_intcommon.o
        10          0          0          0          0          0   _printf_l.o
         6          0          0          0          0          0   _printf_lc.o
        10          0          0          0          0          0   _printf_ll.o
         6          0          0          0          0          0   _printf_lld.o
         6          0          0          0          0          0   _printf_lli.o
         6          0          0          0          0          0   _printf_llo.o
         6          0          0          0          0          0   _printf_llu.o
         6          0          0          0          0          0   _printf_llx.o
       124         16          0          0          0         92   _printf_longlong_dec.o
         6          0          0          0          0          0   _printf_ls.o
         6          0          0          0          0          0   _printf_n.o
         6          0          0          0          0          0   _printf_o.o
       112         10          0          0          0        124   _printf_oct_int_ll.o
         6          0          0          0          0          0   _printf_p.o
        78          0          0          0          0        108   _printf_pad.o
         0          0          0          0          0          0   _printf_percent.o
         4          0          0          0          0          0   _printf_percent_end.o
         6          0          0          0          0          0   _printf_s.o
        82          0          0          0          0         80   _printf_str.o
        36          0          0          0          0         84   _printf_truncate.o
         6          0          0          0          0          0   _printf_u.o
        44          0          0          0          0        108   _printf_wchar.o
       188          6          8          0          0         92   _printf_wctomb.o
         6          0          0          0          0          0   _printf_x.o
        10          0          0          0          0         68   _sputc.o
        64          0          0          0          0         92   _wcrtomb.o
       228          4        148          0          0         96   bigflt0.o
      1936        128          0          0          0        672   btod.o
        18          0          0          0          0         80   exit.o
         6          0          0          0          0        152   heapauxi.o
         0          0          0          0          0          0   indicate_semi.o
        44         10        272          0          0         76   lc_ctype_c.o
        44         10         28          0          0         76   lc_numeric_c.o
         2          0          0          0          0          0   libinit.o
        34          0          0          0          0          0   libinit2.o
         2          0          0          0          0          0   libshutdown.o
         2          0          0          0          0          0   libshutdown2.o
         8          4          0          0         96         68   libspace.o
       138          0          0          0          0         80   lludiv10.o
       238          0          0          0          0        100   lludivv7m.o
        88          0          0          0          0         76   memcmp.o
        16          4          0          0          0         76   rt_ctype_table.o
         8          4          0          0          0         68   rt_locale_intlibspace.o
        68          0          0          0          0         68   rt_memclr.o
        78          0          0          0          0         80   rt_memclr_w.o
       138          0          0          0          0         68   rt_memcpy_v6.o
       100          0          0          0          0         80   rt_memcpy_w.o
         2          0          0          0          0          0   rtexit.o
        10          0          0          0          0          0   rtexit2.o
        20          0          0          0          0         68   strchr.o
       128          0          0          0          0         68   strcmpv7m.o
        62          0          0          0          0         76   strlen.o
        36          0          0          0          0         80   strstr.o
        12          4          0          0          0         68   sys_exit.o
        74          0          0          0          0         80   sys_stackheap_outer.o
         2          0          0          0          0         68   use_no_semi.o
        36          4          0          0          0         76   vsprintf.o
        10          0          0          0          0        116   fpinit.o
         4          0          0          0          0        116   printf1.o
         4          0          0          0          0        116   printf2.o
         0          0          0          0          0          0   usenofp.o
        48          0          0          0          0        124   fpclassify.o

    ----------------------------------------------------------------------
      7676        266        556          0         96       5060   Library Totals
        24          0          5          0          0          0   (incl. Padding)

    ----------------------------------------------------------------------

      Code (inc. data)   RO Data    RW Data    ZI Data      Debug   Library Name

      7586        266        551          0         96       4588   c_w.l
        18          0          0          0          0        348   fz_wm.l
        48          0          0          0          0        124   m_wm.l

    ----------------------------------------------------------------------
      7676        266        556          0         96       5060   Library Totals

    ----------------------------------------------------------------------

==============================================================================


      Code (inc. data)   RO Data    RW Data    ZI Data      Debug   

     62996      11624       4064       1676      32900    1201122   Grand Totals
     62996      11624       4064        292      32900    1201122   ELF Image Totals (compressed)
     62996      11624       4064        292          0          0   ROM Totals

==============================================================================

    Total RO  Size (Code + RO Data)                67060 (  65.49kB)
    Total RW  Size (RW Data + ZI Data)             34576 (  33.77kB)
    Total ROM Size (Code + RO Data + RW Data)      67352 (  65.77kB)

==============================================================================

